MPLINK 4.02, Linker
Linker Map File - Created Wed Mar 07 23:25:45 2007

                                 Section Info
                  Section       Type    Address   Location Size(Bytes)
                ---------  ---------  ---------  ---------  ---------
               _entry_scn       code   0x000800    program   0x000006
      high_vector_section       code   0x000808    program   0x000006
       low_vector_section       code   0x000818    program   0x000006
                   .cinit    romdata   0x00082a    program   0x00001a
             .code_user.o       code   0x000844    program   0x00208e
         .code_vfprintf.o       code   0x0028d2    program   0x000c22
              .code_cdc.o       code   0x0034f4    program   0x0003d8
       .code_usbctrltrf.o       code   0x0038cc    program   0x00033a
             .code_usb9.o       code   0x003c06    program   0x00031e
           .code_usbdrv.o       code   0x003f24    program   0x000182
             .stringtable    romdata   0x0040a6    program   0x000153
      .idata_vfprintf.o_i    romdata   0x0041f9    program   0x000000
       .romdata_usbmmap.o    romdata   0x0041f9    program   0x000000
        .idata_usbdrv.o_i    romdata   0x0041f9    program   0x000000
        .romdata_printf.o    romdata   0x0041f9    program   0x000000
          .romdata_usb9.o    romdata   0x0041f9    program   0x000000
      .romdata_fxd3232u.o    romdata   0x0041f9    program   0x000000
       .idata_fxm3232.o_i    romdata   0x0041f9    program   0x000000
          .idata_putc.o_i    romdata   0x0041f9    program   0x000000
       .idata_c018iBL.o_i    romdata   0x0041f9    program   0x000000
           .code_stdout.o       code   0x0041fa    program   0x000000
                     PROG       code   0x0041fa    program   0x0000ec
        .romdata_usbdsc.o    romdata   0x0042e6    program   0x0000cd
        .romdata_stdout.o    romdata   0x0043b3    program   0x000000
      .idata_fxd3232u.o_i    romdata   0x0043b3    program   0x000000
        .idata_printf.o_i    romdata   0x0043b3    program   0x000000
           .romdata_cdc.o    romdata   0x0043b3    program   0x000000
          .romdata_main.o    romdata   0x0043b3    program   0x000000
       .idata_usbmmap.o_i    romdata   0x0043b3    program   0x000000
    .idata_usbctrltrf.o_i    romdata   0x0043b3    program   0x000000
        .romdata_usbdrv.o    romdata   0x0043b3    program   0x000000
               _cinit_scn       code   0x0043b4    program   0x00009e
          .code_c018iBL.o       code   0x0043b4    program   0x000000
          .code_usbmmap.o       code   0x0043b4    program   0x000000
           .code_printf.o       code   0x004452    program   0x000098
             .code_putc.o       code   0x0044ea    program   0x000084
          .code_fxm3232.o       code   0x00456e    program   0x000070
                   STRING       code   0x0045de    program   0x000066
                    CTYPE       code   0x004644    program   0x00004c
         .code_fxd3232u.o       code   0x004690    program   0x000048
             .code_main.o       code   0x0046d8    program   0x000038
          .romdata_user.o    romdata   0x004710    program   0x000021
    .romdata_usbctrltrf.o    romdata   0x004731    program   0x000000
           .idata_cdc.o_i    romdata   0x004731    program   0x000000
          .romdata_putc.o    romdata   0x004731    program   0x000000
          .idata_main.o_i    romdata   0x004731    program   0x000000
          .idata_usb9.o_i    romdata   0x004731    program   0x000000
        .idata_usbdsc.o_i    romdata   0x004731    program   0x000000
       .romdata_c018iBL.o    romdata   0x004731    program   0x000000
       .romdata_fxm3232.o    romdata   0x004731    program   0x000000
                    STDIO       code   0x004732    program   0x00001c
           .code_usbdsc.o       code   0x004732    program   0x000000
             _startup_scn       code   0x00474e    program   0x000018
              D10TCYXCODE       code   0x004766    program   0x000016
      .romdata_vfprintf.o    romdata   0x00477c    program   0x000011
          .idata_user.o_i    romdata   0x00478d    program   0x000004
        .idata_stdout.o_i    romdata   0x004791    program   0x000002
                fast_vars      udata   0x000000       data   0x000016
                MATH_DATA      udata   0x000016       data   0x000014
                 .tmpdata      udata   0x00002a       data   0x00000e
              low_ISR_tmp      udata   0x000038       data   0x000006
                  ISR_buf      udata   0x000100       data   0x000099
             .udata_cdc.o      udata   0x000199       data   0x00001b
            .udata_user.o      udata   0x0001b4       data   0x00000f
         .udata_c018iBL.o      udata   0x0001c3       data   0x00000a
      .udata_usbctrltrf.o      udata   0x0001cd       data   0x000008
         .udata_usbmmap.o      udata   0x0001d5       data   0x000004
            .idata_user.o      idata   0x0001d9       data   0x000004
          .udata_usbdrv.o      udata   0x0001dd       data   0x000002
          .idata_stdout.o      idata   0x0001df       data   0x000002
         .udata_fxm3232.o      udata   0x0001e1       data   0x000000
        .idata_fxd3232u.o      idata   0x0001e1       data   0x000000
        .udata_fxd3232u.o      udata   0x0001e1       data   0x000000
        .idata_vfprintf.o      idata   0x0001e1       data   0x000000
        .udata_vfprintf.o      udata   0x0001e1       data   0x000000
         .idata_fxm3232.o      idata   0x0001e1       data   0x000000
            .udata_putc.o      udata   0x0001e1       data   0x000000
          .udata_stdout.o      udata   0x0001e1       data   0x000000
          .idata_printf.o      idata   0x0001e1       data   0x000000
          .udata_printf.o      udata   0x0001e1       data   0x000000
            .idata_putc.o      idata   0x0001e1       data   0x000000
             .idata_cdc.o      idata   0x0001e1       data   0x000000
         .idata_c018iBL.o      idata   0x0001e1       data   0x000000
            .udata_main.o      udata   0x0001e1       data   0x000000
            .idata_main.o      idata   0x0001e1       data   0x000000
      .idata_usbctrltrf.o      idata   0x0001e1       data   0x000000
          .idata_usbdsc.o      idata   0x0001e1       data   0x000000
          .udata_usbdsc.o      udata   0x0001e1       data   0x000000
            .idata_usb9.o      idata   0x0001e1       data   0x000000
            .udata_usb9.o      udata   0x0001e1       data   0x000000
          .idata_usbdrv.o      idata   0x0001e1       data   0x000000
         .idata_usbmmap.o      idata   0x0001e1       data   0x000000
                  com_buf      udata   0x000200       data   0x000100
                   .stack      udata   0x000300       data   0x000100
                  usbram4      udata   0x000400       data   0x000030
                 usbram5a      udata   0x000500       data   0x000088
            SFR_UNBANKED0      udata   0x000f62       data   0x00009e



                              Program Memory Usage 
                               Start         End      
                           ---------   ---------      
                            0x000800    0x000805      
                            0x000808    0x00080d      
                            0x000818    0x00081d      
                            0x00082a    0x0041f8      
                            0x0041fa    0x0043b2      
                            0x0043b4    0x004730      
                            0x004732    0x004792      
            16248 out of 33048 program addresses used, program memory utilization is 49%



                              Symbols - Sorted by Name
                     Name    Address   Location    Storage File                     
                ---------  ---------  ---------  --------- ---------                
           BlinkUSBStatus   0x0027ec    program     extern C:\Projects\UBW\FW\D\user\user.c
                CDCInitEP   0x0035c2    program     extern C:\Projects\UBW\FW\D\system\usb\class\cdc\cdc.c
             CDCTxService   0x0037b8    program     extern C:\Projects\UBW\FW\D\system\usb\class\cdc\cdc.c
          ClassReqHandler   0x0043b1    program     extern C:\Projects\UBW\FW\D\autofiles\usbdsc.c
               ClearArray   0x00407c    program     extern C:\Projects\UBW\FW\D\system\usb\usbdrv\usbdrv.c
                    D10_1   0x004776    program     static C:\MCC18\SRC\TRADIT~1\DELAYS\d10tcyx.asm
                     D10x   0x00476e    program     static C:\MCC18\SRC\TRADIT~1\DELAYS\d10tcyx.asm
              Delay10TCYx   0x004766    program     extern C:\MCC18\SRC\TRADIT~1\DELAYS\d10tcyx.asm
                 FXD3232U   0x004690    program     extern C:\MCC18\src\TRADIT~1\math\fxd3232u.c
                 FXM1616S   0x00428c    program     extern C:\MCC18\SRC\TRADIT~1\MATH\fxm1616s.asm
                 FXM2424U   0x0041fa    program     extern C:\MCC18\SRC\TRADIT~1\MATH\fxm2424u.asm
                  FXM3232   0x00456e    program     extern C:\MCC18\src\TRADIT~1\math\fxm3232.c
         InitializeSystem   0x0046e4    program     static C:\Projects\UBW\FW\D\main.c
                ProcessIO   0x000d26    program     extern C:\Projects\UBW\FW\D\user\user.c
          SwitchIsPressed   0x0028c2    program     extern C:\Projects\UBW\FW\D\user\user.c
               TSIGN1616A   0x0042d8    program     static C:\MCC18\SRC\TRADIT~1\MATH\fxm1616s.asm
        USBCheckBusStatus   0x003f24    program     extern C:\Projects\UBW\FW\D\system\usb\usbdrv\usbdrv.c
       USBCheckCDCRequest   0x0034f4    program     extern C:\Projects\UBW\FW\D\system\usb\class\cdc\cdc.c
       USBCheckStdRequest   0x003c06    program     extern C:\Projects\UBW\FW\D\system\usb\usb9\usb9.c
         USBCtrlEPService   0x0038cc    program     extern C:\Projects\UBW\FW\D\system\usb\usbctrltrf\usbctrltrf.c
 USBCtrlEPServiceComplete   0x003b48    program     extern C:\Projects\UBW\FW\D\system\usb\usbctrltrf\usbctrltrf.c
      USBCtrlTrfInHandler   0x003996    program     extern C:\Projects\UBW\FW\D\system\usb\usbctrltrf\usbctrltrf.c
     USBCtrlTrfOutHandler   0x003972    program     extern C:\Projects\UBW\FW\D\system\usb\usbctrltrf\usbctrltrf.c
      USBCtrlTrfRxService   0x003ac4    program     extern C:\Projects\UBW\FW\D\system\usb\usbctrltrf\usbctrltrf.c
   USBCtrlTrfSetupHandler   0x003902    program     extern C:\Projects\UBW\FW\D\system\usb\usbctrltrf\usbctrltrf.c
      USBCtrlTrfTxService   0x0039d8    program     extern C:\Projects\UBW\FW\D\system\usb\usbctrltrf\usbctrltrf.c
         USBDriverService   0x003f64    program     extern C:\Projects\UBW\FW\D\system\usb\usbdrv\usbdrv.c
          USBErrorHandler   0x004034    program     extern C:\Projects\UBW\FW\D\system\usb\usbdrv\usbdrv.c
         USBModuleDisable   0x003f56    program     extern C:\Projects\UBW\FW\D\system\usb\usbdrv\usbdrv.c
          USBModuleEnable   0x003f48    program     extern C:\Projects\UBW\FW\D\system\usb\usbdrv\usbdrv.c
USBPrepareForNextSetupTrf   0x003be6    program     extern C:\Projects\UBW\FW\D\system\usb\usbctrltrf\usbctrltrf.c
  USBProtocolResetHandler   0x004038    program     extern C:\Projects\UBW\FW\D\system\usb\usbdrv\usbdrv.c
          USBRemoteWakeup   0x003ffa    program     extern C:\Projects\UBW\FW\D\system\usb\usbdrv\usbdrv.c
            USBSoftDetach   0x003f60    program     extern C:\Projects\UBW\FW\D\system\usb\usbdrv\usbdrv.c
          USBStallHandler   0x004026    program     extern C:\Projects\UBW\FW\D\system\usb\usbdrv\usbdrv.c
  USBStdFeatureReqHandler   0x003e78    program     extern C:\Projects\UBW\FW\D\system\usb\usb9\usb9.c
      USBStdGetDscHandler   0x003cce    program     extern C:\Projects\UBW\FW\D\system\usb\usb9\usb9.c
   USBStdGetStatusHandler   0x003dd8    program     extern C:\Projects\UBW\FW\D\system\usb\usb9\usb9.c
      USBStdSetCfgHandler   0x003d88    program     extern C:\Projects\UBW\FW\D\system\usb\usb9\usb9.c
               USBSuspend   0x003fe2    program     extern C:\Projects\UBW\FW\D\system\usb\usbdrv\usbdrv.c
                 USBTasks   0x0046fe    program     extern C:\Projects\UBW\FW\D\main.c
       USBWakeFromSuspend   0x003ff2    program     extern C:\Projects\UBW\FW\D\system\usb\usbdrv\usbdrv.c
               USB_CD_Ptr   0x0043a7    program     extern C:\Projects\UBW\FW\D\autofiles\usbdsc.c
               USB_SD_Ptr   0x0043ab    program     extern C:\Projects\UBW\FW\D\autofiles\usbdsc.c
          USB_SOF_Handler   0x004022    program     extern C:\Projects\UBW\FW\D\system\usb\usbdrv\usbdrv.c
                 UserInit   0x000b88    program     extern C:\Projects\UBW\FW\D\user\user.c
                   _2jEnd   0x00462e    program     static C:\MCC18\SRC\TRADIT~1\STDCLIB\slenpgm.asm
        _D10TCYXCODE_000A   0x004770    program     static C:\MCC18\SRC\TRADIT~1\DELAYS\d10tcyx.asm
        _D10TCYXCODE_000C   0x004772    program     static C:\MCC18\SRC\TRADIT~1\DELAYS\d10tcyx.asm
        _D10TCYXCODE_000E   0x004774    program     static C:\MCC18\SRC\TRADIT~1\DELAYS\d10tcyx.asm
         ___else_lbl00246   0x002050    program     static                          
         ___else_lbl00248   0x002022    program     static                          
         ___else_lbl00254   0x002106    program     static                          
         ___else_lbl00256   0x0020d8    program     static                          
           ___if_lbl00239   0x001f90    program     static                          
           ___if_lbl00240   0x001fa0    program     static                          
           ___if_lbl00245   0x002054    program     static                          
           ___if_lbl00247   0x002054    program     static                          
           ___if_lbl00249   0x00206c    program     static                          
           ___if_lbl00250   0x002088    program     static                          
           ___if_lbl00253   0x00210a    program     static                          
           ___if_lbl00255   0x00210a    program     static                          
           ___if_lbl00257   0x002122    program     static                          
           ___if_lbl00258   0x00213c    program     static                          
           ___if_lbl00265   0x0021a6    program     static                          
           ___if_lbl00268   0x0021f4    program     static                          
           ___if_lbl00269   0x002242    program     static                          
           ___if_lbl00270   0x002252    program     static                          
           ___if_lbl00273   0x002296    program     static                          
           ___if_lbl00274   0x0022b4    program     static                          
           ___if_lbl00281   0x00231e    program     static                          
       ___return_lbl00000   0x0046d6    program     static                          
       ___return_lbl00000   0x00080c    program     static                          
       ___return_lbl00000   0x000804    program     static                          
       ___return_lbl00000   0x0045dc    program     static                          
       ___return_lbl00001   0x004764    program     static                          
       ___return_lbl00001   0x00081c    program     static                          
       ___return_lbl00002   0x004450    program     static                          
       ___return_lbl00028   0x003ff0    program     static                          
       ___return_lbl00042   0x00409e    program     static                          
       ___return_lbl00238   0x0021ac    program     static                          
       ___return_lbl00266   0x002324    program     static                          
        ___while_lbl00043   0x004090    program     static                          
        ___while_lbl00044   0x00409e    program     static                          
        ___while_lbl00241   0x001fbc    program     static                          
        ___while_lbl00242   0x0021a8    program     static                          
        ___while_lbl00259   0x00214c    program     static                          
        ___while_lbl00260   0x002176    program     static                          
        ___while_lbl00262   0x00217c    program     static                          
        ___while_lbl00263   0x0021a6    program     static                          
        ___while_lbl00271   0x00226e    program     static                          
        ___while_lbl00272   0x002320    program     static                          
        ___while_lbl00275   0x0022c4    program     static                          
        ___while_lbl00276   0x0022ee    program     static                          
        ___while_lbl00278   0x0022f4    program     static                          
        ___while_lbl00279   0x00231e    program     static                          
                   __pa_0   0x003212    program     static C:\MCC18\src\TRADIT~1\stdclib\vfprintf.c
                   __pa_1   0x00321a    program     static C:\MCC18\src\TRADIT~1\stdclib\vfprintf.c
                  __pa_10   0x0032ce    program     static C:\MCC18\src\TRADIT~1\stdclib\vfprintf.c
                  __pa_11   0x0032dc    program     static C:\MCC18\src\TRADIT~1\stdclib\vfprintf.c
                  __pa_12   0x0032f2    program     static C:\MCC18\src\TRADIT~1\stdclib\vfprintf.c
                  __pa_13   0x00330c    program     static C:\MCC18\src\TRADIT~1\stdclib\vfprintf.c
                  __pa_14   0x003324    program     static C:\MCC18\src\TRADIT~1\stdclib\vfprintf.c
                  __pa_15   0x003334    program     static C:\MCC18\src\TRADIT~1\stdclib\vfprintf.c
                  __pa_16   0x00334a    program     static C:\MCC18\src\TRADIT~1\stdclib\vfprintf.c
                  __pa_17   0x00335c    program     static C:\MCC18\src\TRADIT~1\stdclib\vfprintf.c
                  __pa_18   0x00336e    program     static C:\MCC18\src\TRADIT~1\stdclib\vfprintf.c
                  __pa_19   0x003378    program     static C:\MCC18\src\TRADIT~1\stdclib\vfprintf.c
                   __pa_2   0x003224    program     static C:\MCC18\src\TRADIT~1\stdclib\vfprintf.c
                  __pa_20   0x003388    program     static C:\MCC18\src\TRADIT~1\stdclib\vfprintf.c
                  __pa_21   0x003398    program     static C:\MCC18\src\TRADIT~1\stdclib\vfprintf.c
                  __pa_22   0x0033a8    program     static C:\MCC18\src\TRADIT~1\stdclib\vfprintf.c
                  __pa_23   0x0033b4    program     static C:\MCC18\src\TRADIT~1\stdclib\vfprintf.c
                  __pa_24   0x0033c2    program     static C:\MCC18\src\TRADIT~1\stdclib\vfprintf.c
                  __pa_25   0x0033ca    program     static C:\MCC18\src\TRADIT~1\stdclib\vfprintf.c
                  __pa_26   0x0033d4    program     static C:\MCC18\src\TRADIT~1\stdclib\vfprintf.c
                  __pa_27   0x0033de    program     static C:\MCC18\src\TRADIT~1\stdclib\vfprintf.c
                  __pa_28   0x0033e6    program     static C:\MCC18\src\TRADIT~1\stdclib\vfprintf.c
                  __pa_29   0x0033f4    program     static C:\MCC18\src\TRADIT~1\stdclib\vfprintf.c
                   __pa_3   0x00322e    program     static C:\MCC18\src\TRADIT~1\stdclib\vfprintf.c
                  __pa_30   0x003410    program     static C:\MCC18\src\TRADIT~1\stdclib\vfprintf.c
                  __pa_31   0x00342a    program     static C:\MCC18\src\TRADIT~1\stdclib\vfprintf.c
                  __pa_32   0x003444    program     static C:\MCC18\src\TRADIT~1\stdclib\vfprintf.c
                  __pa_33   0x00345c    program     static C:\MCC18\src\TRADIT~1\stdclib\vfprintf.c
                  __pa_34   0x003466    program     static C:\MCC18\src\TRADIT~1\stdclib\vfprintf.c
                  __pa_35   0x003474    program     static C:\MCC18\src\TRADIT~1\stdclib\vfprintf.c
                  __pa_36   0x00347c    program     static C:\MCC18\src\TRADIT~1\stdclib\vfprintf.c
                  __pa_37   0x003486    program     static C:\MCC18\src\TRADIT~1\stdclib\vfprintf.c
                  __pa_38   0x003496    program     static C:\MCC18\src\TRADIT~1\stdclib\vfprintf.c
                  __pa_39   0x0034a4    program     static C:\MCC18\src\TRADIT~1\stdclib\vfprintf.c
                   __pa_4   0x003246    program     static C:\MCC18\src\TRADIT~1\stdclib\vfprintf.c
                  __pa_40   0x0034b0    program     static C:\MCC18\src\TRADIT~1\stdclib\vfprintf.c
                  __pa_41   0x0034bc    program     static C:\MCC18\src\TRADIT~1\stdclib\vfprintf.c
                  __pa_42   0x0034c4    program     static C:\MCC18\src\TRADIT~1\stdclib\vfprintf.c
                  __pa_43   0x0034ce    program     static C:\MCC18\src\TRADIT~1\stdclib\vfprintf.c
                  __pa_44   0x0034d4    program     static C:\MCC18\src\TRADIT~1\stdclib\vfprintf.c
                  __pa_45   0x0034de    program     static C:\MCC18\src\TRADIT~1\stdclib\vfprintf.c
                  __pa_46   0x0034ea    program     static C:\MCC18\src\TRADIT~1\stdclib\vfprintf.c
                   __pa_5   0x00325a    program     static C:\MCC18\src\TRADIT~1\stdclib\vfprintf.c
                   __pa_6   0x003276    program     static C:\MCC18\src\TRADIT~1\stdclib\vfprintf.c
                   __pa_7   0x003280    program     static C:\MCC18\src\TRADIT~1\stdclib\vfprintf.c
                   __pa_8   0x00328c    program     static C:\MCC18\src\TRADIT~1\stdclib\vfprintf.c
                   __pa_9   0x0032ae    program     static C:\MCC18\src\TRADIT~1\stdclib\vfprintf.c
              __string_10   0x004139    program     static C:\Projects\UBW\FW\D\user\user.c
              __string_11   0x004111    program     static C:\Projects\UBW\FW\D\user\user.c
              __string_12   0x0040f4    program     static C:\Projects\UBW\FW\D\user\user.c
              __string_13   0x0040f2    program     static C:\Projects\UBW\FW\D\user\user.c
              __string_14   0x0040ec    program     static C:\Projects\UBW\FW\D\user\user.c
              __string_15   0x0040e2    program     static C:\Projects\UBW\FW\D\user\user.c
              __string_16   0x0040d9    program     static C:\Projects\UBW\FW\D\user\user.c
              __string_17   0x0040b2    program     static C:\Projects\UBW\FW\D\user\user.c
              __string_18   0x0040a6    program     static C:\Projects\UBW\FW\D\user\user.c
               __string_3   0x0041f3    program     static C:\Projects\UBW\FW\D\user\user.c
               __string_4   0x0041ed    program     static C:\Projects\UBW\FW\D\user\user.c
               __string_5   0x0041d1    program     static C:\Projects\UBW\FW\D\user\user.c
               __string_6   0x0041b5    program     static C:\Projects\UBW\FW\D\user\user.c
               __string_7   0x004196    program     static C:\Projects\UBW\FW\D\user\user.c
               __string_8   0x004175    program     static C:\Projects\UBW\FW\D\user\user.c
               __string_9   0x00415c    program     static C:\Projects\UBW\FW\D\user\user.c
              __tmplbl_42   0x0033a8    program     static                          
              __tmplbl_42   0x00200c    program     static                          
              __tmplbl_43   0x0031f0    program     static                          
              __tmplbl_43   0x002004    program     static                          
              __tmplbl_44   0x00203a    program     static                          
              __tmplbl_44   0x0031d6    program     static                          
              __tmplbl_45   0x002032    program     static                          
              __tmplbl_46   0x0020c2    program     static                          
              __tmplbl_47   0x0020ba    program     static                          
              __tmplbl_48   0x0020f0    program     static                          
              __tmplbl_49   0x0020e8    program     static                          
              __tmplbl_50   0x002166    program     static                          
              __tmplbl_51   0x002160    program     static                          
              __tmplbl_52   0x002196    program     static                          
              __tmplbl_53   0x002190    program     static                          
              __tmplbl_54   0x0021f0    program     static                          
              __tmplbl_55   0x0021e8    program     static                          
              __tmplbl_56   0x0022de    program     static                          
              __tmplbl_57   0x0022d8    program     static                          
              __tmplbl_58   0x00230e    program     static                          
              __tmplbl_59   0x002308    program     static                          
              __tmplbl_85   0x002928    program     static                          
                _do_cinit   0x0043b4    program     extern C:\MCC18\src\traditional\startup\c018iBL.c
                   _entry   0x000800    program     extern C:\MCC18\src\traditional\startup\c018iBL.c
                   _false   0x0046d2    program     static                          
                 _startup   0x00474e    program     extern C:\MCC18\src\traditional\startup\c018iBL.c
              _usart_putc   0x004732    program     extern C:\MCC18\SRC\TRADIT~1\PMC\USART\_usartpc.asm
               _user_putc   0x000f6c    program     extern C:\Projects\UBW\FW\D\user\user.c
                    cfg01   0x0042f8    program     extern C:\Projects\UBW\FW\D\autofiles\usbdsc.c
   check_and_send_TX_data   0x000fc2    program     extern C:\Projects\UBW\FW\D\user\user.c
                copy_loop   0x004426    program     static                          
            copy_one_byte   0x00442c    program     static                          
               device_dsc   0x0042e6    program     extern C:\Projects\UBW\FW\D\autofiles\usbdsc.c
                     done   0x004450    program     static                          
             done_copying   0x00443a    program     static                          
            extract_digit   0x0026c8    program     extern C:\Projects\UBW\FW\D\user\user.c
           extract_number   0x00235c    program     extern C:\Projects\UBW\FW\D\user\user.c
             getsUSBUSART   0x003626    program     extern C:\Projects\UBW\FW\D\system\usb\class\cdc\cdc.c
                 high_ISR   0x000b76    program     extern C:\Projects\UBW\FW\D\user\user.c
              high_vector   0x000808    program     extern C:\Projects\UBW\FW\D\main.c
                  isdigit   0x00466c    program     extern C:\MCC18\SRC\TRADIT~1\STDCLIB\isdigit.asm
                     jEnd   0x0045f8    program     static C:\MCC18\SRC\TRADIT~1\STDCLIB\strlen.asm
                     jEnd   0x004630    program     static C:\MCC18\SRC\TRADIT~1\STDCLIB\slenpgm.asm
                    jLoop   0x0045ee    program     static C:\MCC18\SRC\TRADIT~1\STDCLIB\strlen.asm
                    jLoop   0x004618    program     static C:\MCC18\SRC\TRADIT~1\STDCLIB\slenpgm.asm
                   jMatch   0x00468c    program     static C:\MCC18\SRC\TRADIT~1\STDCLIB\isdigit.asm
                 jNoMatch   0x00468e    program     static C:\MCC18\SRC\TRADIT~1\STDCLIB\isdigit.asm
                 jNoMatch   0x00466a    program     static C:\MCC18\SRC\TRADIT~1\STDCLIB\toupper.asm
                     loop   0x00469e    program     static                          
                     loop   0x00475e    program     static                          
                     loop   0x004742    program     static C:\MCC18\SRC\TRADIT~1\PMC\USART\_usartpc.asm
                  low_ISR   0x000844    program     extern C:\Projects\UBW\FW\D\user\user.c
               low_vector   0x000818    program     extern C:\Projects\UBW\FW\D\main.c
                     main   0x0046d8    program     extern C:\Projects\UBW\FW\D\main.c
           parse_A_packet   0x0016ca    program     extern C:\Projects\UBW\FW\D\user\user.c
          parse_BC_packet   0x001ea4    program     extern C:\Projects\UBW\FW\D\user\user.c
          parse_BO_packet   0x001f32    program     extern C:\Projects\UBW\FW\D\user\user.c
          parse_BS_packet   0x0021c0    program     extern C:\Projects\UBW\FW\D\user\user.c
          parse_CI_packet   0x002356    program     extern C:\Projects\UBW\FW\D\user\user.c
          parse_CS_packet   0x002344    program     extern C:\Projects\UBW\FW\D\user\user.c
          parse_CU_packet   0x0013ec    program     extern C:\Projects\UBW\FW\D\user\user.c
          parse_CX_packet   0x001d4c    program     extern C:\Projects\UBW\FW\D\user\user.c
           parse_C_packet   0x0014ee    program     extern C:\Projects\UBW\FW\D\user\user.c
           parse_I_packet   0x001666    program     extern C:\Projects\UBW\FW\D\user\user.c
          parse_MR_packet   0x0017f6    program     extern C:\Projects\UBW\FW\D\user\user.c
          parse_MW_packet   0x00178c    program     extern C:\Projects\UBW\FW\D\user\user.c
           parse_O_packet   0x0015d4    program     extern C:\Projects\UBW\FW\D\user\user.c
          parse_PD_packet   0x001878    program     extern C:\Projects\UBW\FW\D\user\user.c
          parse_PI_packet   0x001a34    program     extern C:\Projects\UBW\FW\D\user\user.c
          parse_PO_packet   0x001b88    program     extern C:\Projects\UBW\FW\D\user\user.c
          parse_RC_packet   0x001d52    program     extern C:\Projects\UBW\FW\D\user\user.c
          parse_RI_packet   0x002350    program     extern C:\Projects\UBW\FW\D\user\user.c
          parse_RS_packet   0x00233e    program     extern C:\Projects\UBW\FW\D\user\user.c
          parse_RX_packet   0x001d46    program     extern C:\Projects\UBW\FW\D\user\user.c
           parse_R_packet   0x0013e4    program     extern C:\Projects\UBW\FW\D\user\user.c
          parse_SI_packet   0x00234a    program     extern C:\Projects\UBW\FW\D\user\user.c
          parse_SS_packet   0x002338    program     extern C:\Projects\UBW\FW\D\user\user.c
          parse_TX_packet   0x001d40    program     extern C:\Projects\UBW\FW\D\user\user.c
           parse_T_packet   0x00146c    program     extern C:\Projects\UBW\FW\D\user\user.c
           parse_V_packet   0x0016a8    program     extern C:\Projects\UBW\FW\D\user\user.c
             parse_packet   0x001058    program     extern C:\Projects\UBW\FW\D\user\user.c
                print_ack   0x0013bc    program     extern C:\Projects\UBW\FW\D\user\user.c
             print_status   0x0027c2    program     extern C:\Projects\UBW\FW\D\user\user.c
                   printf   0x004452    program     extern C:\MCC18\src\TRADIT~1\stdclib\printf.c
                     putc   0x0044ea    program     extern C:\MCC18\src\TRADIT~1\stdclib\putc.c
            putrsUSBUSART   0x003736    program     extern C:\Projects\UBW\FW\D\system\usb\class\cdc\cdc.c
             putsUSBUSART   0x0036b8    program     extern C:\Projects\UBW\FW\D\system\usb\class\cdc\cdc.c
                 s_digits   0x00477c    program     static C:\MCC18\src\TRADIT~1\stdclib\vfprintf.c
            s_put_n_chars   0x0028d2    program     static C:\MCC18\src\TRADIT~1\stdclib\vfprintf.c
                    sd000   0x00433b    program     extern C:\Projects\UBW\FW\D\autofiles\usbdsc.c
                    sd001   0x00433f    program     extern C:\Projects\UBW\FW\D\autofiles\usbdsc.c
                    sd002   0x004373    program     extern C:\Projects\UBW\FW\D\autofiles\usbdsc.c
                  st_LFCR   0x004715    program     extern C:\Projects\UBW\FW\D\user\user.c
                    st_OK   0x004710    program     extern C:\Projects\UBW\FW\D\user\user.c
               st_version   0x004718    program     extern C:\Projects\UBW\FW\D\user\user.c
                   strlen   0x0045de    program     extern C:\MCC18\SRC\TRADIT~1\STDCLIB\strlen.asm
                strlenpgm   0x0045fa    program     extern C:\MCC18\SRC\TRADIT~1\STDCLIB\slenpgm.asm
                     test   0x0043ce    program     static                          
                  toupper   0x004644    program     extern C:\MCC18\SRC\TRADIT~1\STDCLIB\toupper.asm
                 vfprintf   0x0028fe    program     extern C:\MCC18\src\TRADIT~1\stdclib\vfprintf.c
                   ADCON0   0x000fc2       data     extern C:\MCC18\SRC\TRADIT~1\PROC\p18f4550.asm
               ADCON0bits   0x000fc2       data     extern C:\MCC18\SRC\TRADIT~1\PROC\p18f4550.asm
                   ADCON1   0x000fc1       data     extern C:\MCC18\SRC\TRADIT~1\PROC\p18f4550.asm
               ADCON1bits   0x000fc1       data     extern C:\MCC18\SRC\TRADIT~1\PROC\p18f4550.asm
                   ADCON2   0x000fc0       data     extern C:\MCC18\SRC\TRADIT~1\PROC\p18f4550.asm
               ADCON2bits   0x000fc0       data     extern C:\MCC18\SRC\TRADIT~1\PROC\p18f4550.asm
                    ADRES   0x000fc3       data     extern C:\MCC18\SRC\TRADIT~1\PROC\p18f4550.asm
                   ADRESH   0x000fc4       data     extern C:\MCC18\SRC\TRADIT~1\PROC\p18f4550.asm
                   ADRESL   0x000fc3       data     extern C:\MCC18\SRC\TRADIT~1\PROC\p18f4550.asm
            A_cur_channel   0x000015       data     extern C:\Projects\UBW\FW\D\user\user.c
           A_tick_counter   0x000013       data     extern C:\Projects\UBW\FW\D\user\user.c
             AnalogEnable   0x00000c       data     extern C:\Projects\UBW\FW\D\user\user.c
                  BAUDCON   0x000fb8       data     extern C:\MCC18\SRC\TRADIT~1\PROC\p18f4550.asm
              BAUDCONbits   0x000fb8       data     extern C:\MCC18\SRC\TRADIT~1\PROC\p18f4550.asm
                      BSR   0x000fe0       data     extern C:\MCC18\SRC\TRADIT~1\PROC\p18f4550.asm
                   CCP1AS   0x000fb6       data     extern C:\MCC18\SRC\TRADIT~1\PROC\p18f4550.asm
               CCP1ASbits   0x000fb6       data     extern C:\MCC18\SRC\TRADIT~1\PROC\p18f4550.asm
                  CCP1CON   0x000fbd       data     extern C:\MCC18\SRC\TRADIT~1\PROC\p18f4550.asm
              CCP1CONbits   0x000fbd       data     extern C:\MCC18\SRC\TRADIT~1\PROC\p18f4550.asm
                  CCP1DEL   0x000fb7       data     extern C:\MCC18\SRC\TRADIT~1\PROC\p18f4550.asm
              CCP1DELbits   0x000fb7       data     extern C:\MCC18\SRC\TRADIT~1\PROC\p18f4550.asm
                  CCP2CON   0x000fba       data     extern C:\MCC18\SRC\TRADIT~1\PROC\p18f4550.asm
              CCP2CONbits   0x000fba       data     extern C:\MCC18\SRC\TRADIT~1\PROC\p18f4550.asm
                    CCPR1   0x000fbe       data     extern C:\MCC18\SRC\TRADIT~1\PROC\p18f4550.asm
                   CCPR1H   0x000fbf       data     extern C:\MCC18\SRC\TRADIT~1\PROC\p18f4550.asm
                   CCPR1L   0x000fbe       data     extern C:\MCC18\SRC\TRADIT~1\PROC\p18f4550.asm
                    CCPR2   0x000fbb       data     extern C:\MCC18\SRC\TRADIT~1\PROC\p18f4550.asm
                   CCPR2H   0x000fbc       data     extern C:\MCC18\SRC\TRADIT~1\PROC\p18f4550.asm
                   CCPR2L   0x000fbb       data     extern C:\MCC18\SRC\TRADIT~1\PROC\p18f4550.asm
                    CMCON   0x000fb4       data     extern C:\MCC18\SRC\TRADIT~1\PROC\p18f4550.asm
                CMCONbits   0x000fb4       data     extern C:\MCC18\SRC\TRADIT~1\PROC\p18f4550.asm
                   CVRCON   0x000fb5       data     extern C:\MCC18\SRC\TRADIT~1\PROC\p18f4550.asm
               CVRCONbits   0x000fb5       data     extern C:\MCC18\SRC\TRADIT~1\PROC\p18f4550.asm
              CtrlTrfData   0x000428       data     extern C:\Projects\UBW\FW\D\system\usb\usbmmap.c
                     DDRA   0x000f92       data     extern C:\MCC18\SRC\TRADIT~1\PROC\p18f4550.asm
                 DDRAbits   0x000f92       data     extern C:\MCC18\SRC\TRADIT~1\PROC\p18f4550.asm
                     DDRB   0x000f93       data     extern C:\MCC18\SRC\TRADIT~1\PROC\p18f4550.asm
                 DDRBbits   0x000f93       data     extern C:\MCC18\SRC\TRADIT~1\PROC\p18f4550.asm
                     DDRC   0x000f94       data     extern C:\MCC18\SRC\TRADIT~1\PROC\p18f4550.asm
                 DDRCbits   0x000f94       data     extern C:\MCC18\SRC\TRADIT~1\PROC\p18f4550.asm
                     DDRD   0x000f95       data     extern C:\MCC18\SRC\TRADIT~1\PROC\p18f4550.asm
                 DDRDbits   0x000f95       data     extern C:\MCC18\SRC\TRADIT~1\PROC\p18f4550.asm
                     DDRE   0x000f96       data     extern C:\MCC18\SRC\TRADIT~1\PROC\p18f4550.asm
                 DDREbits   0x000f96       data     extern C:\MCC18\SRC\TRADIT~1\PROC\p18f4550.asm
           D_tick_counter   0x000011       data     extern C:\Projects\UBW\FW\D\user\user.c
                  ECCP1AS   0x000fb6       data     extern C:\MCC18\SRC\TRADIT~1\PROC\p18f4550.asm
              ECCP1ASbits   0x000fb6       data     extern C:\MCC18\SRC\TRADIT~1\PROC\p18f4550.asm
                 ECCP1CON   0x000fbd       data     extern C:\MCC18\SRC\TRADIT~1\PROC\p18f4550.asm
             ECCP1CONbits   0x000fbd       data     extern C:\MCC18\SRC\TRADIT~1\PROC\p18f4550.asm
                 ECCP1DEL   0x000fb7       data     extern C:\MCC18\SRC\TRADIT~1\PROC\p18f4550.asm
             ECCP1DELbits   0x000fb7       data     extern C:\MCC18\SRC\TRADIT~1\PROC\p18f4550.asm
                    EEADR   0x000fa9       data     extern C:\MCC18\SRC\TRADIT~1\PROC\p18f4550.asm
                   EECON1   0x000fa6       data     extern C:\MCC18\SRC\TRADIT~1\PROC\p18f4550.asm
               EECON1bits   0x000fa6       data     extern C:\MCC18\SRC\TRADIT~1\PROC\p18f4550.asm
                   EECON2   0x000fa7       data     extern C:\MCC18\SRC\TRADIT~1\PROC\p18f4550.asm
                   EEDATA   0x000fa8       data     extern C:\MCC18\SRC\TRADIT~1\PROC\p18f4550.asm
                     FSR0   0x000fe9       data     extern C:\MCC18\SRC\TRADIT~1\PROC\p18f4550.asm
                    FSR0H   0x000fea       data     extern C:\MCC18\SRC\TRADIT~1\PROC\p18f4550.asm
                    FSR0L   0x000fe9       data     extern C:\MCC18\SRC\TRADIT~1\PROC\p18f4550.asm
                     FSR1   0x000fe1       data     extern C:\MCC18\SRC\TRADIT~1\PROC\p18f4550.asm
                    FSR1H   0x000fe2       data     extern C:\MCC18\SRC\TRADIT~1\PROC\p18f4550.asm
                    FSR1L   0x000fe1       data     extern C:\MCC18\SRC\TRADIT~1\PROC\p18f4550.asm
                     FSR2   0x000fd9       data     extern C:\MCC18\SRC\TRADIT~1\PROC\p18f4550.asm
                    FSR2H   0x000fda       data     extern C:\MCC18\SRC\TRADIT~1\PROC\p18f4550.asm
                    FSR2L   0x000fd9       data     extern C:\MCC18\SRC\TRADIT~1\PROC\p18f4550.asm
                  HLVDCON   0x000fd2       data     extern C:\MCC18\SRC\TRADIT~1\PROC\p18f4550.asm
              HLVDCONbits   0x000fd2       data     extern C:\MCC18\SRC\TRADIT~1\PROC\p18f4550.asm
                    INDF0   0x000fef       data     extern C:\MCC18\SRC\TRADIT~1\PROC\p18f4550.asm
                    INDF1   0x000fe7       data     extern C:\MCC18\SRC\TRADIT~1\PROC\p18f4550.asm
                    INDF2   0x000fdf       data     extern C:\MCC18\SRC\TRADIT~1\PROC\p18f4550.asm
                   INTCON   0x000ff2       data     extern C:\MCC18\SRC\TRADIT~1\PROC\p18f4550.asm
                  INTCON2   0x000ff1       data     extern C:\MCC18\SRC\TRADIT~1\PROC\p18f4550.asm
              INTCON2bits   0x000ff1       data     extern C:\MCC18\SRC\TRADIT~1\PROC\p18f4550.asm
                  INTCON3   0x000ff0       data     extern C:\MCC18\SRC\TRADIT~1\PROC\p18f4550.asm
              INTCON3bits   0x000ff0       data     extern C:\MCC18\SRC\TRADIT~1\PROC\p18f4550.asm
               INTCONbits   0x000ff2       data     extern C:\MCC18\SRC\TRADIT~1\PROC\p18f4550.asm
                     IPR1   0x000f9f       data     extern C:\MCC18\SRC\TRADIT~1\PROC\p18f4550.asm
                 IPR1bits   0x000f9f       data     extern C:\MCC18\SRC\TRADIT~1\PROC\p18f4550.asm
                     IPR2   0x000fa2       data     extern C:\MCC18\SRC\TRADIT~1\PROC\p18f4550.asm
                 IPR2bits   0x000fa2       data     extern C:\MCC18\SRC\TRADIT~1\PROC\p18f4550.asm
               ISR_A_FIFO   0x000100       data     extern C:\Projects\UBW\FW\D\user\user.c
            ISR_A_FIFO_in   0x000009       data     extern C:\Projects\UBW\FW\D\user\user.c
        ISR_A_FIFO_length   0x00000b       data     extern C:\Projects\UBW\FW\D\user\user.c
           ISR_A_FIFO_out   0x00000a       data     extern C:\Projects\UBW\FW\D\user\user.c
         ISR_A_RepeatRate   0x000007       data     extern C:\Projects\UBW\FW\D\user\user.c
               ISR_D_FIFO   0x000148       data     extern C:\Projects\UBW\FW\D\user\user.c
            ISR_D_FIFO_in   0x000004       data     extern C:\Projects\UBW\FW\D\user\user.c
        ISR_D_FIFO_length   0x000006       data     extern C:\Projects\UBW\FW\D\user\user.c
           ISR_D_FIFO_out   0x000005       data     extern C:\Projects\UBW\FW\D\user\user.c
         ISR_D_RepeatRate   0x000002       data     extern C:\Projects\UBW\FW\D\user\user.c
                     LATA   0x000f89       data     extern C:\MCC18\SRC\TRADIT~1\PROC\p18f4550.asm
                 LATAbits   0x000f89       data     extern C:\MCC18\SRC\TRADIT~1\PROC\p18f4550.asm
                     LATB   0x000f8a       data     extern C:\MCC18\SRC\TRADIT~1\PROC\p18f4550.asm
                 LATBbits   0x000f8a       data     extern C:\MCC18\SRC\TRADIT~1\PROC\p18f4550.asm
                     LATC   0x000f8b       data     extern C:\MCC18\SRC\TRADIT~1\PROC\p18f4550.asm
                 LATCbits   0x000f8b       data     extern C:\MCC18\SRC\TRADIT~1\PROC\p18f4550.asm
                     LATD   0x000f8c       data     extern C:\MCC18\SRC\TRADIT~1\PROC\p18f4550.asm
                 LATDbits   0x000f8c       data     extern C:\MCC18\SRC\TRADIT~1\PROC\p18f4550.asm
                     LATE   0x000f8d       data     extern C:\MCC18\SRC\TRADIT~1\PROC\p18f4550.asm
                 LATEbits   0x000f8d       data     extern C:\MCC18\SRC\TRADIT~1\PROC\p18f4550.asm
                 LEDCount   0x0001da       data     static C:\Projects\UBW\FW\D\user\user.c
                 LEDState   0x0001dc       data     static C:\Projects\UBW\FW\D\user\user.c
                   LVDCON   0x000fd2       data     extern C:\MCC18\SRC\TRADIT~1\PROC\p18f4550.asm
               LVDCONbits   0x000fd2       data     extern C:\MCC18\SRC\TRADIT~1\PROC\p18f4550.asm
                   OSCCON   0x000fd3       data     extern C:\MCC18\SRC\TRADIT~1\PROC\p18f4550.asm
               OSCCONbits   0x000fd3       data     extern C:\MCC18\SRC\TRADIT~1\PROC\p18f4550.asm
                  OSCTUNE   0x000f9b       data     extern C:\MCC18\SRC\TRADIT~1\PROC\p18f4550.asm
              OSCTUNEbits   0x000f9b       data     extern C:\MCC18\SRC\TRADIT~1\PROC\p18f4550.asm
                       PC   0x000ff9       data     extern C:\MCC18\SRC\TRADIT~1\PROC\p18f4550.asm
                      PCL   0x000ff9       data     extern C:\MCC18\SRC\TRADIT~1\PROC\p18f4550.asm
                   PCLATH   0x000ffa       data     extern C:\MCC18\SRC\TRADIT~1\PROC\p18f4550.asm
                   PCLATU   0x000ffb       data     extern C:\MCC18\SRC\TRADIT~1\PROC\p18f4550.asm
                     PIE1   0x000f9d       data     extern C:\MCC18\SRC\TRADIT~1\PROC\p18f4550.asm
                 PIE1bits   0x000f9d       data     extern C:\MCC18\SRC\TRADIT~1\PROC\p18f4550.asm
                     PIE2   0x000fa0       data     extern C:\MCC18\SRC\TRADIT~1\PROC\p18f4550.asm
                 PIE2bits   0x000fa0       data     extern C:\MCC18\SRC\TRADIT~1\PROC\p18f4550.asm
                     PIR1   0x000f9e       data     extern C:\MCC18\SRC\TRADIT~1\PROC\p18f4550.asm
                 PIR1bits   0x000f9e       data     extern C:\MCC18\SRC\TRADIT~1\PROC\p18f4550.asm
                     PIR2   0x000fa1       data     extern C:\MCC18\SRC\TRADIT~1\PROC\p18f4550.asm
                 PIR2bits   0x000fa1       data     extern C:\MCC18\SRC\TRADIT~1\PROC\p18f4550.asm
                   PLUSW0   0x000feb       data     extern C:\MCC18\SRC\TRADIT~1\PROC\p18f4550.asm
                   PLUSW1   0x000fe3       data     extern C:\MCC18\SRC\TRADIT~1\PROC\p18f4550.asm
                   PLUSW2   0x000fdb       data     extern C:\MCC18\SRC\TRADIT~1\PROC\p18f4550.asm
                    PORTA   0x000f80       data     extern C:\MCC18\SRC\TRADIT~1\PROC\p18f4550.asm
                PORTAbits   0x000f80       data     extern C:\MCC18\SRC\TRADIT~1\PROC\p18f4550.asm
                    PORTB   0x000f81       data     extern C:\MCC18\SRC\TRADIT~1\PROC\p18f4550.asm
                PORTBbits   0x000f81       data     extern C:\MCC18\SRC\TRADIT~1\PROC\p18f4550.asm
                    PORTC   0x000f82       data     extern C:\MCC18\SRC\TRADIT~1\PROC\p18f4550.asm
                PORTCbits   0x000f82       data     extern C:\MCC18\SRC\TRADIT~1\PROC\p18f4550.asm
                    PORTD   0x000f83       data     extern C:\MCC18\SRC\TRADIT~1\PROC\p18f4550.asm
                PORTDbits   0x000f83       data     extern C:\MCC18\SRC\TRADIT~1\PROC\p18f4550.asm
                    PORTE   0x000f84       data     extern C:\MCC18\SRC\TRADIT~1\PROC\p18f4550.asm
                PORTEbits   0x000f84       data     extern C:\MCC18\SRC\TRADIT~1\PROC\p18f4550.asm
                 POSTDEC0   0x000fed       data     extern C:\MCC18\SRC\TRADIT~1\PROC\p18f4550.asm
                 POSTDEC1   0x000fe5       data     extern C:\MCC18\SRC\TRADIT~1\PROC\p18f4550.asm
                 POSTDEC2   0x000fdd       data     extern C:\MCC18\SRC\TRADIT~1\PROC\p18f4550.asm
                 POSTINC0   0x000fee       data     extern C:\MCC18\SRC\TRADIT~1\PROC\p18f4550.asm
                 POSTINC1   0x000fe6       data     extern C:\MCC18\SRC\TRADIT~1\PROC\p18f4550.asm
                 POSTINC2   0x000fde       data     extern C:\MCC18\SRC\TRADIT~1\PROC\p18f4550.asm
                      PR2   0x000fcb       data     extern C:\MCC18\SRC\TRADIT~1\PROC\p18f4550.asm
                  PREINC0   0x000fec       data     extern C:\MCC18\SRC\TRADIT~1\PROC\p18f4550.asm
                  PREINC1   0x000fe4       data     extern C:\MCC18\SRC\TRADIT~1\PROC\p18f4550.asm
                  PREINC2   0x000fdc       data     extern C:\MCC18\SRC\TRADIT~1\PROC\p18f4550.asm
                     PROD   0x000ff3       data     extern C:\MCC18\SRC\TRADIT~1\PROC\p18f4550.asm
                    PRODH   0x000ff4       data     extern C:\MCC18\SRC\TRADIT~1\PROC\p18f4550.asm
                    PRODL   0x000ff3       data     extern C:\MCC18\SRC\TRADIT~1\PROC\p18f4550.asm
                     RCON   0x000fd0       data     extern C:\MCC18\SRC\TRADIT~1\PROC\p18f4550.asm
                 RCONbits   0x000fd0       data     extern C:\MCC18\SRC\TRADIT~1\PROC\p18f4550.asm
                    RCREG   0x000fae       data     extern C:\MCC18\SRC\TRADIT~1\PROC\p18f4550.asm
                    RCSTA   0x000fab       data     extern C:\MCC18\SRC\TRADIT~1\PROC\p18f4550.asm
                RCSTAbits   0x000fab       data     extern C:\MCC18\SRC\TRADIT~1\PROC\p18f4550.asm
                     SIGN   0x000016       data     extern C:\MCC18\SRC\TRADIT~1\MATH\cmath18.asm
                    SPBRG   0x000faf       data     extern C:\MCC18\SRC\TRADIT~1\PROC\p18f4550.asm
                   SPBRGH   0x000fb0       data     extern C:\MCC18\SRC\TRADIT~1\PROC\p18f4550.asm
                   SPPCFG   0x000f63       data     extern C:\MCC18\SRC\TRADIT~1\PROC\p18f4550.asm
               SPPCFGbits   0x000f63       data     extern C:\MCC18\SRC\TRADIT~1\PROC\p18f4550.asm
                   SPPCON   0x000f65       data     extern C:\MCC18\SRC\TRADIT~1\PROC\p18f4550.asm
               SPPCONbits   0x000f65       data     extern C:\MCC18\SRC\TRADIT~1\PROC\p18f4550.asm
                  SPPDATA   0x000f62       data     extern C:\MCC18\SRC\TRADIT~1\PROC\p18f4550.asm
                   SPPEPS   0x000f64       data     extern C:\MCC18\SRC\TRADIT~1\PROC\p18f4550.asm
               SPPEPSbits   0x000f64       data     extern C:\MCC18\SRC\TRADIT~1\PROC\p18f4550.asm
                   SSPADD   0x000fc8       data     extern C:\MCC18\SRC\TRADIT~1\PROC\p18f4550.asm
                   SSPBUF   0x000fc9       data     extern C:\MCC18\SRC\TRADIT~1\PROC\p18f4550.asm
                  SSPCON1   0x000fc6       data     extern C:\MCC18\SRC\TRADIT~1\PROC\p18f4550.asm
              SSPCON1bits   0x000fc6       data     extern C:\MCC18\SRC\TRADIT~1\PROC\p18f4550.asm
                  SSPCON2   0x000fc5       data     extern C:\MCC18\SRC\TRADIT~1\PROC\p18f4550.asm
              SSPCON2bits   0x000fc5       data     extern C:\MCC18\SRC\TRADIT~1\PROC\p18f4550.asm
                  SSPSTAT   0x000fc7       data     extern C:\MCC18\SRC\TRADIT~1\PROC\p18f4550.asm
              SSPSTATbits   0x000fc7       data     extern C:\MCC18\SRC\TRADIT~1\PROC\p18f4550.asm
                   STATUS   0x000fd8       data     extern C:\MCC18\SRC\TRADIT~1\PROC\p18f4550.asm
               STATUSbits   0x000fd8       data     extern C:\MCC18\SRC\TRADIT~1\PROC\p18f4550.asm
                   STKPTR   0x000ffc       data     extern C:\MCC18\SRC\TRADIT~1\PROC\p18f4550.asm
               STKPTRbits   0x000ffc       data     extern C:\MCC18\SRC\TRADIT~1\PROC\p18f4550.asm
                 SetupPkt   0x000420       data     extern C:\Projects\UBW\FW\D\system\usb\usbmmap.c
                    T0CON   0x000fd5       data     extern C:\MCC18\SRC\TRADIT~1\PROC\p18f4550.asm
                T0CONbits   0x000fd5       data     extern C:\MCC18\SRC\TRADIT~1\PROC\p18f4550.asm
                    T1CON   0x000fcd       data     extern C:\MCC18\SRC\TRADIT~1\PROC\p18f4550.asm
                T1CONbits   0x000fcd       data     extern C:\MCC18\SRC\TRADIT~1\PROC\p18f4550.asm
                    T2CON   0x000fca       data     extern C:\MCC18\SRC\TRADIT~1\PROC\p18f4550.asm
                T2CONbits   0x000fca       data     extern C:\MCC18\SRC\TRADIT~1\PROC\p18f4550.asm
                    T3CON   0x000fb1       data     extern C:\MCC18\SRC\TRADIT~1\PROC\p18f4550.asm
                T3CONbits   0x000fb1       data     extern C:\MCC18\SRC\TRADIT~1\PROC\p18f4550.asm
                   TABLAT   0x000ff5       data     extern C:\MCC18\SRC\TRADIT~1\PROC\p18f4550.asm
                   TBLPTR   0x000ff6       data     extern C:\MCC18\SRC\TRADIT~1\PROC\p18f4550.asm
                  TBLPTRH   0x000ff7       data     extern C:\MCC18\SRC\TRADIT~1\PROC\p18f4550.asm
                  TBLPTRL   0x000ff6       data     extern C:\MCC18\SRC\TRADIT~1\PROC\p18f4550.asm
                  TBLPTRU   0x000ff8       data     extern C:\MCC18\SRC\TRADIT~1\PROC\p18f4550.asm
                    TMR0H   0x000fd7       data     extern C:\MCC18\SRC\TRADIT~1\PROC\p18f4550.asm
                    TMR0L   0x000fd6       data     extern C:\MCC18\SRC\TRADIT~1\PROC\p18f4550.asm
                    TMR1H   0x000fcf       data     extern C:\MCC18\SRC\TRADIT~1\PROC\p18f4550.asm
                    TMR1L   0x000fce       data     extern C:\MCC18\SRC\TRADIT~1\PROC\p18f4550.asm
                     TMR2   0x000fcc       data     extern C:\MCC18\SRC\TRADIT~1\PROC\p18f4550.asm
                    TMR3H   0x000fb3       data     extern C:\MCC18\SRC\TRADIT~1\PROC\p18f4550.asm
                    TMR3L   0x000fb2       data     extern C:\MCC18\SRC\TRADIT~1\PROC\p18f4550.asm
                      TOS   0x000ffd       data     extern C:\MCC18\SRC\TRADIT~1\PROC\p18f4550.asm
                     TOSH   0x000ffe       data     extern C:\MCC18\SRC\TRADIT~1\PROC\p18f4550.asm
                     TOSL   0x000ffd       data     extern C:\MCC18\SRC\TRADIT~1\PROC\p18f4550.asm
                     TOSU   0x000fff       data     extern C:\MCC18\SRC\TRADIT~1\PROC\p18f4550.asm
                    TRISA   0x000f92       data     extern C:\MCC18\SRC\TRADIT~1\PROC\p18f4550.asm
                TRISAbits   0x000f92       data     extern C:\MCC18\SRC\TRADIT~1\PROC\p18f4550.asm
                    TRISB   0x000f93       data     extern C:\MCC18\SRC\TRADIT~1\PROC\p18f4550.asm
                TRISBbits   0x000f93       data     extern C:\MCC18\SRC\TRADIT~1\PROC\p18f4550.asm
                    TRISC   0x000f94       data     extern C:\MCC18\SRC\TRADIT~1\PROC\p18f4550.asm
                TRISCbits   0x000f94       data     extern C:\MCC18\SRC\TRADIT~1\PROC\p18f4550.asm
                    TRISD   0x000f95       data     extern C:\MCC18\SRC\TRADIT~1\PROC\p18f4550.asm
                TRISDbits   0x000f95       data     extern C:\MCC18\SRC\TRADIT~1\PROC\p18f4550.asm
                    TRISE   0x000f96       data     extern C:\MCC18\SRC\TRADIT~1\PROC\p18f4550.asm
                TRISEbits   0x000f96       data     extern C:\MCC18\SRC\TRADIT~1\PROC\p18f4550.asm
                    TXREG   0x000fad       data     extern C:\MCC18\SRC\TRADIT~1\PROC\p18f4550.asm
                    TXSTA   0x000fac       data     extern C:\MCC18\SRC\TRADIT~1\PROC\p18f4550.asm
                TXSTAbits   0x000fac       data     extern C:\MCC18\SRC\TRADIT~1\PROC\p18f4550.asm
                    UADDR   0x000f6e       data     extern C:\MCC18\SRC\TRADIT~1\PROC\p18f4550.asm
                UADDRbits   0x000f6e       data     extern C:\MCC18\SRC\TRADIT~1\PROC\p18f4550.asm
                     UCFG   0x000f6f       data     extern C:\MCC18\SRC\TRADIT~1\PROC\p18f4550.asm
                 UCFGbits   0x000f6f       data     extern C:\MCC18\SRC\TRADIT~1\PROC\p18f4550.asm
                     UCON   0x000f6d       data     extern C:\MCC18\SRC\TRADIT~1\PROC\p18f4550.asm
                 UCONbits   0x000f6d       data     extern C:\MCC18\SRC\TRADIT~1\PROC\p18f4550.asm
                     UEIE   0x000f6b       data     extern C:\MCC18\SRC\TRADIT~1\PROC\p18f4550.asm
                 UEIEbits   0x000f6b       data     extern C:\MCC18\SRC\TRADIT~1\PROC\p18f4550.asm
                     UEIR   0x000f6a       data     extern C:\MCC18\SRC\TRADIT~1\PROC\p18f4550.asm
                 UEIRbits   0x000f6a       data     extern C:\MCC18\SRC\TRADIT~1\PROC\p18f4550.asm
                     UEP0   0x000f70       data     extern C:\MCC18\SRC\TRADIT~1\PROC\p18f4550.asm
                 UEP0bits   0x000f70       data     extern C:\MCC18\SRC\TRADIT~1\PROC\p18f4550.asm
                     UEP1   0x000f71       data     extern C:\MCC18\SRC\TRADIT~1\PROC\p18f4550.asm
                    UEP10   0x000f7a       data     extern C:\MCC18\SRC\TRADIT~1\PROC\p18f4550.asm
                UEP10bits   0x000f7a       data     extern C:\MCC18\SRC\TRADIT~1\PROC\p18f4550.asm
                    UEP11   0x000f7b       data     extern C:\MCC18\SRC\TRADIT~1\PROC\p18f4550.asm
                UEP11bits   0x000f7b       data     extern C:\MCC18\SRC\TRADIT~1\PROC\p18f4550.asm
                    UEP12   0x000f7c       data     extern C:\MCC18\SRC\TRADIT~1\PROC\p18f4550.asm
                UEP12bits   0x000f7c       data     extern C:\MCC18\SRC\TRADIT~1\PROC\p18f4550.asm
                    UEP13   0x000f7d       data     extern C:\MCC18\SRC\TRADIT~1\PROC\p18f4550.asm
                UEP13bits   0x000f7d       data     extern C:\MCC18\SRC\TRADIT~1\PROC\p18f4550.asm
                    UEP14   0x000f7e       data     extern C:\MCC18\SRC\TRADIT~1\PROC\p18f4550.asm
                UEP14bits   0x000f7e       data     extern C:\MCC18\SRC\TRADIT~1\PROC\p18f4550.asm
                    UEP15   0x000f7f       data     extern C:\MCC18\SRC\TRADIT~1\PROC\p18f4550.asm
                UEP15bits   0x000f7f       data     extern C:\MCC18\SRC\TRADIT~1\PROC\p18f4550.asm
                 UEP1bits   0x000f71       data     extern C:\MCC18\SRC\TRADIT~1\PROC\p18f4550.asm
                     UEP2   0x000f72       data     extern C:\MCC18\SRC\TRADIT~1\PROC\p18f4550.asm
                 UEP2bits   0x000f72       data     extern C:\MCC18\SRC\TRADIT~1\PROC\p18f4550.asm
                     UEP3   0x000f73       data     extern C:\MCC18\SRC\TRADIT~1\PROC\p18f4550.asm
                 UEP3bits   0x000f73       data     extern C:\MCC18\SRC\TRADIT~1\PROC\p18f4550.asm
                     UEP4   0x000f74       data     extern C:\MCC18\SRC\TRADIT~1\PROC\p18f4550.asm
                 UEP4bits   0x000f74       data     extern C:\MCC18\SRC\TRADIT~1\PROC\p18f4550.asm
                     UEP5   0x000f75       data     extern C:\MCC18\SRC\TRADIT~1\PROC\p18f4550.asm
                 UEP5bits   0x000f75       data     extern C:\MCC18\SRC\TRADIT~1\PROC\p18f4550.asm
                     UEP6   0x000f76       data     extern C:\MCC18\SRC\TRADIT~1\PROC\p18f4550.asm
                 UEP6bits   0x000f76       data     extern C:\MCC18\SRC\TRADIT~1\PROC\p18f4550.asm
                     UEP7   0x000f77       data     extern C:\MCC18\SRC\TRADIT~1\PROC\p18f4550.asm
                 UEP7bits   0x000f77       data     extern C:\MCC18\SRC\TRADIT~1\PROC\p18f4550.asm
                     UEP8   0x000f78       data     extern C:\MCC18\SRC\TRADIT~1\PROC\p18f4550.asm
                 UEP8bits   0x000f78       data     extern C:\MCC18\SRC\TRADIT~1\PROC\p18f4550.asm
                     UEP9   0x000f79       data     extern C:\MCC18\SRC\TRADIT~1\PROC\p18f4550.asm
                 UEP9bits   0x000f79       data     extern C:\MCC18\SRC\TRADIT~1\PROC\p18f4550.asm
                     UFRM   0x000f66       data     extern C:\MCC18\SRC\TRADIT~1\PROC\p18f4550.asm
                    UFRMH   0x000f67       data     extern C:\MCC18\SRC\TRADIT~1\PROC\p18f4550.asm
                UFRMHbits   0x000f67       data     extern C:\MCC18\SRC\TRADIT~1\PROC\p18f4550.asm
                    UFRML   0x000f66       data     extern C:\MCC18\SRC\TRADIT~1\PROC\p18f4550.asm
                UFRMLbits   0x000f66       data     extern C:\MCC18\SRC\TRADIT~1\PROC\p18f4550.asm
                      UIE   0x000f69       data     extern C:\MCC18\SRC\TRADIT~1\PROC\p18f4550.asm
                  UIEbits   0x000f69       data     extern C:\MCC18\SRC\TRADIT~1\PROC\p18f4550.asm
                      UIR   0x000f68       data     extern C:\MCC18\SRC\TRADIT~1\PROC\p18f4550.asm
                  UIRbits   0x000f68       data     extern C:\MCC18\SRC\TRADIT~1\PROC\p18f4550.asm
                    USTAT   0x000f6c       data     extern C:\MCC18\SRC\TRADIT~1\PROC\p18f4550.asm
                USTATbits   0x000f6c       data     extern C:\MCC18\SRC\TRADIT~1\PROC\p18f4550.asm
                   WDTCON   0x000fd1       data     extern C:\MCC18\SRC\TRADIT~1\PROC\p18f4550.asm
               WDTCONbits   0x000fd1       data     extern C:\MCC18\SRC\TRADIT~1\PROC\p18f4550.asm
                     WREG   0x000fe8       data     extern C:\MCC18\SRC\TRADIT~1\PROC\p18f4550.asm
                 __AARGB0   0x00001f       data     extern C:\MCC18\SRC\TRADIT~1\MATH\aarg.asm
                 __AARGB1   0x00001e       data     extern C:\MCC18\SRC\TRADIT~1\MATH\aarg.asm
                 __AARGB2   0x00001d       data     extern C:\MCC18\SRC\TRADIT~1\MATH\aarg.asm
                 __AARGB3   0x00001c       data     extern C:\MCC18\SRC\TRADIT~1\MATH\aarg.asm
                 __AARGB4   0x00001b       data     extern C:\MCC18\SRC\TRADIT~1\MATH\aarg.asm
                 __AARGB5   0x00001a       data     extern C:\MCC18\SRC\TRADIT~1\MATH\aarg.asm
                 __AARGB6   0x000019       data     extern C:\MCC18\SRC\TRADIT~1\MATH\aarg.asm
                 __AARGB7   0x000018       data     extern C:\MCC18\SRC\TRADIT~1\MATH\aarg.asm
                   __AEXP   0x000020       data     extern C:\MCC18\SRC\TRADIT~1\MATH\aarg.asm
                 __BARGB0   0x000024       data     extern C:\MCC18\SRC\TRADIT~1\MATH\barg.asm
                 __BARGB1   0x000023       data     extern C:\MCC18\SRC\TRADIT~1\MATH\barg.asm
                 __BARGB2   0x000022       data     extern C:\MCC18\SRC\TRADIT~1\MATH\barg.asm
                 __BARGB3   0x000021       data     extern C:\MCC18\SRC\TRADIT~1\MATH\barg.asm
                   __BEXP   0x000025       data     extern C:\MCC18\SRC\TRADIT~1\MATH\barg.asm
                __FPFLAGS   0x000017       data     extern C:\MCC18\SRC\TRADIT~1\MATH\cmath18.asm
            __FPFLAGSbits   0x000017       data     extern C:\MCC18\SRC\TRADIT~1\MATH\cmath18.asm
                  __REMB0   0x00001b       data     extern C:\MCC18\SRC\TRADIT~1\MATH\aarg.asm
                  __REMB1   0x00001a       data     extern C:\MCC18\SRC\TRADIT~1\MATH\aarg.asm
                  __REMB2   0x000019       data     extern C:\MCC18\SRC\TRADIT~1\MATH\aarg.asm
                  __REMB3   0x000018       data     extern C:\MCC18\SRC\TRADIT~1\MATH\aarg.asm
                   __TEMP   0x000029       data     extern C:\MCC18\SRC\TRADIT~1\MATH\temparg.asm
                 __TEMPB0   0x000029       data     extern C:\MCC18\SRC\TRADIT~1\MATH\temparg.asm
                 __TEMPB1   0x000028       data     extern C:\MCC18\SRC\TRADIT~1\MATH\temparg.asm
                 __TEMPB2   0x000027       data     extern C:\MCC18\SRC\TRADIT~1\MATH\temparg.asm
                 __TEMPB3   0x000026       data     extern C:\MCC18\SRC\TRADIT~1\MATH\temparg.asm
                  __tmp_0   0x00002a       data     static C:\MCC18\src\TRADIT~1\stdclib\printf.c
                  __tmp_0   0x00002a       data     static C:\MCC18\src\TRADIT~1\stdclib\vfprintf.c
                  __tmp_0   0x00002a       data     static C:\MCC18\src\TRADIT~1\stdclib\putc.c
                  __tmp_0   0x00002a       data     static C:\Projects\UBW\FW\D\system\usb\usbctrltrf\usbctrltrf.c
                  __tmp_0   0x00002a       data     static C:\Projects\UBW\FW\D\system\usb\usb9\usb9.c
                  __tmp_0   0x00002a       data     static C:\Projects\UBW\FW\D\user\user.c
                  __tmp_0   0x00002a       data     static C:\Projects\UBW\FW\D\system\usb\class\cdc\cdc.c
                  __tmp_1   0x000038       data     static C:\Projects\UBW\FW\D\user\user.c
              cdc_data_rx   0x000508       data     extern C:\Projects\UBW\FW\D\system\usb\usbmmap.c
              cdc_data_tx   0x000548       data     extern C:\Projects\UBW\FW\D\system\usb\usbmmap.c
             cdc_mem_type   0x0001a0       data     extern C:\Projects\UBW\FW\D\system\usb\class\cdc\cdc.c
               cdc_notice   0x000500       data     extern C:\Projects\UBW\FW\D\system\usb\usbmmap.c
               cdc_rx_len   0x000199       data     extern C:\Projects\UBW\FW\D\system\usb\class\cdc\cdc.c
            cdc_trf_state   0x00019a       data     extern C:\Projects\UBW\FW\D\system\usb\class\cdc\cdc.c
               cdc_tx_len   0x00019f       data     extern C:\Projects\UBW\FW\D\system\usb\class\cdc\cdc.c
    control_signal_bitmap   0x0001a8       data     extern C:\Projects\UBW\FW\D\system\usb\class\cdc\cdc.c
   ctrl_trf_session_owner   0x0001ce       data     extern C:\Projects\UBW\FW\D\system\usb\usbctrltrf\usbctrltrf.c
           ctrl_trf_state   0x0001cd       data     extern C:\Projects\UBW\FW\D\system\usb\usbctrltrf\usbctrltrf.c
                curr_byte   0x0001c6       data     static C:\MCC18\src\traditional\startup\c018iBL.c
               curr_entry   0x0001c8       data     static C:\MCC18\src\traditional\startup\c018iBL.c
                 data_ptr   0x0001ca       data     static C:\MCC18\src\traditional\startup\c018iBL.c
              delay_count   0x0001dd       data     static C:\Projects\UBW\FW\D\system\usb\usbdrv\usbdrv.c
dummy_encapsulated_cmd_response   0x0001ac       data     extern C:\Projects\UBW\FW\D\system\usb\class\cdc\cdc.c
                    ep0Bi   0x000404       data     extern C:\Projects\UBW\FW\D\system\usb\usbmmap.c
                    ep0Bo   0x000400       data     extern C:\Projects\UBW\FW\D\system\usb\usbmmap.c
                    ep1Bi   0x00040c       data     extern C:\Projects\UBW\FW\D\system\usb\usbmmap.c
                    ep1Bo   0x000408       data     extern C:\Projects\UBW\FW\D\system\usb\usbmmap.c
                    ep2Bi   0x000414       data     extern C:\Projects\UBW\FW\D\system\usb\usbmmap.c
                    ep2Bo   0x000410       data     extern C:\Projects\UBW\FW\D\system\usb\usbmmap.c
                    ep3Bi   0x00041c       data     extern C:\Projects\UBW\FW\D\system\usb\usbmmap.c
                    ep3Bo   0x000418       data     extern C:\Projects\UBW\FW\D\system\usb\usbmmap.c
               error_byte   0x00000d       data     extern C:\Projects\UBW\FW\D\user\user.c
                g_BO_init   0x0001b4       data     extern C:\Projects\UBW\FW\D\user\user.c
        g_BO_strobe_delay   0x0001b8       data     extern C:\Projects\UBW\FW\D\user\user.c
         g_BO_strobe_mask   0x0001b5       data     extern C:\Projects\UBW\FW\D\user\user.c
          g_BO_wait_delay   0x0001b7       data     extern C:\Projects\UBW\FW\D\user\user.c
           g_BO_wait_mask   0x0001b6       data     extern C:\Projects\UBW\FW\D\user\user.c
            g_RC_next_ptr   0x00000f       data     extern C:\Projects\UBW\FW\D\user\user.c
          g_RC_primed_ptr   0x00000e       data     extern C:\Projects\UBW\FW\D\user\user.c
               g_RC_state   0x000151       data     extern C:\Projects\UBW\FW\D\user\user.c
          g_RC_timing_ptr   0x000010       data     extern C:\Projects\UBW\FW\D\user\user.c
               g_RC_value   0x000169       data     extern C:\Projects\UBW\FW\D\user\user.c
                 g_RX_buf   0x000240       data     extern C:\Projects\UBW\FW\D\user\user.c
              g_RX_buf_in   0x0001bb       data     extern C:\Projects\UBW\FW\D\user\user.c
             g_RX_buf_out   0x0001bc       data     extern C:\Projects\UBW\FW\D\user\user.c
                 g_TX_buf   0x000200       data     extern C:\Projects\UBW\FW\D\user\user.c
              g_TX_buf_in   0x0001b9       data     extern C:\Projects\UBW\FW\D\user\user.c
             g_TX_buf_out   0x0001ba       data     extern C:\Projects\UBW\FW\D\user\user.c
           g_USART_RX_buf   0x000280       data     extern C:\Projects\UBW\FW\D\user\user.c
        g_USART_RX_buf_in   0x0001bd       data     extern C:\Projects\UBW\FW\D\user\user.c
       g_USART_RX_buf_out   0x0001be       data     extern C:\Projects\UBW\FW\D\user\user.c
           g_USART_TX_buf   0x0002c0       data     extern C:\Projects\UBW\FW\D\user\user.c
        g_USART_TX_buf_in   0x0001bf       data     extern C:\Projects\UBW\FW\D\user\user.c
       g_USART_TX_buf_out   0x0001c0       data     extern C:\Projects\UBW\FW\D\user\user.c
             g_ack_enable   0x0001c1       data     extern C:\Projects\UBW\FW\D\user\user.c
                    in_cr   0x0001d9       data     static C:\Projects\UBW\FW\D\user\user.c
           last_fifo_size   0x0001c2       data     static C:\Projects\UBW\FW\D\user\user.c
              line_coding   0x0001a1       data     extern C:\Projects\UBW\FW\D\system\usb\class\cdc\cdc.c
                  pCDCDst   0x00019d       data     extern C:\Projects\UBW\FW\D\system\usb\class\cdc\cdc.c
                  pCDCSrc   0x00019b       data     extern C:\Projects\UBW\FW\D\system\usb\class\cdc\cdc.c
                     pDst   0x0001d1       data     extern C:\Projects\UBW\FW\D\system\usb\usbctrltrf\usbctrltrf.c
                     pSrc   0x0001cf       data     extern C:\Projects\UBW\FW\D\system\usb\usbctrltrf\usbctrltrf.c
                     prom   0x0001c3       data     static C:\MCC18\src\traditional\startup\c018iBL.c
                   stdout   0x0001df       data     extern C:\MCC18\src\TRADIT~1\stdclib\stdout.c
     time_between_updates   0x000000       data     extern C:\Projects\UBW\FW\D\user\user.c
           usb_active_cfg   0x0001d7       data     extern C:\Projects\UBW\FW\D\system\usb\usbmmap.c
             usb_alt_intf   0x0001d8       data     extern C:\Projects\UBW\FW\D\system\usb\usbmmap.c
         usb_device_state   0x0001d5       data     extern C:\Projects\UBW\FW\D\system\usb\usbmmap.c
                 usb_stat   0x0001d6       data     extern C:\Projects\UBW\FW\D\system\usb\usbmmap.c
                   wCount   0x0001d3       data     extern C:\Projects\UBW\FW\D\system\usb\usbctrltrf\usbctrltrf.c



                              Symbols - Sorted by Address
                     Name    Address   Location    Storage File                     
                ---------  ---------  ---------  --------- ---------                
                   _entry   0x000800    program     extern C:\MCC18\src\traditional\startup\c018iBL.c
       ___return_lbl00000   0x000804    program     static                          
              high_vector   0x000808    program     extern C:\Projects\UBW\FW\D\main.c
       ___return_lbl00000   0x00080c    program     static                          
               low_vector   0x000818    program     extern C:\Projects\UBW\FW\D\main.c
       ___return_lbl00001   0x00081c    program     static                          
                  low_ISR   0x000844    program     extern C:\Projects\UBW\FW\D\user\user.c
                 high_ISR   0x000b76    program     extern C:\Projects\UBW\FW\D\user\user.c
                 UserInit   0x000b88    program     extern C:\Projects\UBW\FW\D\user\user.c
                ProcessIO   0x000d26    program     extern C:\Projects\UBW\FW\D\user\user.c
               _user_putc   0x000f6c    program     extern C:\Projects\UBW\FW\D\user\user.c
   check_and_send_TX_data   0x000fc2    program     extern C:\Projects\UBW\FW\D\user\user.c
             parse_packet   0x001058    program     extern C:\Projects\UBW\FW\D\user\user.c
                print_ack   0x0013bc    program     extern C:\Projects\UBW\FW\D\user\user.c
           parse_R_packet   0x0013e4    program     extern C:\Projects\UBW\FW\D\user\user.c
          parse_CU_packet   0x0013ec    program     extern C:\Projects\UBW\FW\D\user\user.c
           parse_T_packet   0x00146c    program     extern C:\Projects\UBW\FW\D\user\user.c
           parse_C_packet   0x0014ee    program     extern C:\Projects\UBW\FW\D\user\user.c
           parse_O_packet   0x0015d4    program     extern C:\Projects\UBW\FW\D\user\user.c
           parse_I_packet   0x001666    program     extern C:\Projects\UBW\FW\D\user\user.c
           parse_V_packet   0x0016a8    program     extern C:\Projects\UBW\FW\D\user\user.c
           parse_A_packet   0x0016ca    program     extern C:\Projects\UBW\FW\D\user\user.c
          parse_MW_packet   0x00178c    program     extern C:\Projects\UBW\FW\D\user\user.c
          parse_MR_packet   0x0017f6    program     extern C:\Projects\UBW\FW\D\user\user.c
          parse_PD_packet   0x001878    program     extern C:\Projects\UBW\FW\D\user\user.c
          parse_PI_packet   0x001a34    program     extern C:\Projects\UBW\FW\D\user\user.c
          parse_PO_packet   0x001b88    program     extern C:\Projects\UBW\FW\D\user\user.c
          parse_TX_packet   0x001d40    program     extern C:\Projects\UBW\FW\D\user\user.c
          parse_RX_packet   0x001d46    program     extern C:\Projects\UBW\FW\D\user\user.c
          parse_CX_packet   0x001d4c    program     extern C:\Projects\UBW\FW\D\user\user.c
          parse_RC_packet   0x001d52    program     extern C:\Projects\UBW\FW\D\user\user.c
          parse_BC_packet   0x001ea4    program     extern C:\Projects\UBW\FW\D\user\user.c
          parse_BO_packet   0x001f32    program     extern C:\Projects\UBW\FW\D\user\user.c
           ___if_lbl00239   0x001f90    program     static                          
           ___if_lbl00240   0x001fa0    program     static                          
        ___while_lbl00241   0x001fbc    program     static                          
              __tmplbl_43   0x002004    program     static                          
              __tmplbl_42   0x00200c    program     static                          
         ___else_lbl00248   0x002022    program     static                          
              __tmplbl_45   0x002032    program     static                          
              __tmplbl_44   0x00203a    program     static                          
         ___else_lbl00246   0x002050    program     static                          
           ___if_lbl00247   0x002054    program     static                          
           ___if_lbl00245   0x002054    program     static                          
           ___if_lbl00249   0x00206c    program     static                          
           ___if_lbl00250   0x002088    program     static                          
              __tmplbl_47   0x0020ba    program     static                          
              __tmplbl_46   0x0020c2    program     static                          
         ___else_lbl00256   0x0020d8    program     static                          
              __tmplbl_49   0x0020e8    program     static                          
              __tmplbl_48   0x0020f0    program     static                          
         ___else_lbl00254   0x002106    program     static                          
           ___if_lbl00255   0x00210a    program     static                          
           ___if_lbl00253   0x00210a    program     static                          
           ___if_lbl00257   0x002122    program     static                          
           ___if_lbl00258   0x00213c    program     static                          
        ___while_lbl00259   0x00214c    program     static                          
              __tmplbl_51   0x002160    program     static                          
              __tmplbl_50   0x002166    program     static                          
        ___while_lbl00260   0x002176    program     static                          
        ___while_lbl00262   0x00217c    program     static                          
              __tmplbl_53   0x002190    program     static                          
              __tmplbl_52   0x002196    program     static                          
           ___if_lbl00265   0x0021a6    program     static                          
        ___while_lbl00263   0x0021a6    program     static                          
        ___while_lbl00242   0x0021a8    program     static                          
       ___return_lbl00238   0x0021ac    program     static                          
          parse_BS_packet   0x0021c0    program     extern C:\Projects\UBW\FW\D\user\user.c
              __tmplbl_55   0x0021e8    program     static                          
              __tmplbl_54   0x0021f0    program     static                          
           ___if_lbl00268   0x0021f4    program     static                          
           ___if_lbl00269   0x002242    program     static                          
           ___if_lbl00270   0x002252    program     static                          
        ___while_lbl00271   0x00226e    program     static                          
           ___if_lbl00273   0x002296    program     static                          
           ___if_lbl00274   0x0022b4    program     static                          
        ___while_lbl00275   0x0022c4    program     static                          
              __tmplbl_57   0x0022d8    program     static                          
              __tmplbl_56   0x0022de    program     static                          
        ___while_lbl00276   0x0022ee    program     static                          
        ___while_lbl00278   0x0022f4    program     static                          
              __tmplbl_59   0x002308    program     static                          
              __tmplbl_58   0x00230e    program     static                          
           ___if_lbl00281   0x00231e    program     static                          
        ___while_lbl00279   0x00231e    program     static                          
        ___while_lbl00272   0x002320    program     static                          
       ___return_lbl00266   0x002324    program     static                          
          parse_SS_packet   0x002338    program     extern C:\Projects\UBW\FW\D\user\user.c
          parse_RS_packet   0x00233e    program     extern C:\Projects\UBW\FW\D\user\user.c
          parse_CS_packet   0x002344    program     extern C:\Projects\UBW\FW\D\user\user.c
          parse_SI_packet   0x00234a    program     extern C:\Projects\UBW\FW\D\user\user.c
          parse_RI_packet   0x002350    program     extern C:\Projects\UBW\FW\D\user\user.c
          parse_CI_packet   0x002356    program     extern C:\Projects\UBW\FW\D\user\user.c
           extract_number   0x00235c    program     extern C:\Projects\UBW\FW\D\user\user.c
            extract_digit   0x0026c8    program     extern C:\Projects\UBW\FW\D\user\user.c
             print_status   0x0027c2    program     extern C:\Projects\UBW\FW\D\user\user.c
           BlinkUSBStatus   0x0027ec    program     extern C:\Projects\UBW\FW\D\user\user.c
          SwitchIsPressed   0x0028c2    program     extern C:\Projects\UBW\FW\D\user\user.c
            s_put_n_chars   0x0028d2    program     static C:\MCC18\src\TRADIT~1\stdclib\vfprintf.c
                 vfprintf   0x0028fe    program     extern C:\MCC18\src\TRADIT~1\stdclib\vfprintf.c
              __tmplbl_85   0x002928    program     static                          
              __tmplbl_44   0x0031d6    program     static                          
              __tmplbl_43   0x0031f0    program     static                          
                   __pa_0   0x003212    program     static C:\MCC18\src\TRADIT~1\stdclib\vfprintf.c
                   __pa_1   0x00321a    program     static C:\MCC18\src\TRADIT~1\stdclib\vfprintf.c
                   __pa_2   0x003224    program     static C:\MCC18\src\TRADIT~1\stdclib\vfprintf.c
                   __pa_3   0x00322e    program     static C:\MCC18\src\TRADIT~1\stdclib\vfprintf.c
                   __pa_4   0x003246    program     static C:\MCC18\src\TRADIT~1\stdclib\vfprintf.c
                   __pa_5   0x00325a    program     static C:\MCC18\src\TRADIT~1\stdclib\vfprintf.c
                   __pa_6   0x003276    program     static C:\MCC18\src\TRADIT~1\stdclib\vfprintf.c
                   __pa_7   0x003280    program     static C:\MCC18\src\TRADIT~1\stdclib\vfprintf.c
                   __pa_8   0x00328c    program     static C:\MCC18\src\TRADIT~1\stdclib\vfprintf.c
                   __pa_9   0x0032ae    program     static C:\MCC18\src\TRADIT~1\stdclib\vfprintf.c
                  __pa_10   0x0032ce    program     static C:\MCC18\src\TRADIT~1\stdclib\vfprintf.c
                  __pa_11   0x0032dc    program     static C:\MCC18\src\TRADIT~1\stdclib\vfprintf.c
                  __pa_12   0x0032f2    program     static C:\MCC18\src\TRADIT~1\stdclib\vfprintf.c
                  __pa_13   0x00330c    program     static C:\MCC18\src\TRADIT~1\stdclib\vfprintf.c
                  __pa_14   0x003324    program     static C:\MCC18\src\TRADIT~1\stdclib\vfprintf.c
                  __pa_15   0x003334    program     static C:\MCC18\src\TRADIT~1\stdclib\vfprintf.c
                  __pa_16   0x00334a    program     static C:\MCC18\src\TRADIT~1\stdclib\vfprintf.c
[...]
                    UEP10   0x000f7a       data     extern C:\MCC18\SRC\TRADIT~1\PROC\p18f4550.asm
                UEP11bits   0x000f7b       data     extern C:\MCC18\SRC\TRADIT~1\PROC\p18f4550.asm
                    UEP11   0x000f7b       data     extern C:\MCC18\SRC\TRADIT~1\PROC\p18f4550.asm
                UEP12bits   0x000f7c       data     extern C:\MCC18\SRC\TRADIT~1\PROC\p18f4550.asm
                    UEP12   0x000f7c       data     extern C:\MCC18\SRC\TRADIT~1\PROC\p18f4550.asm
                UEP13bits   0x000f7d       data     extern C:\MCC18\SRC\TRADIT~1\PROC\p18f4550.asm
                    UEP13   0x000f7d       data     extern C:\MCC18\SRC\TRADIT~1\PROC\p18f4550.asm
                UEP14bits   0x000f7e       data     extern C:\MCC18\SRC\TRADIT~1\PROC\p18f4550.asm
                    UEP14   0x000f7e       data     extern C:\MCC18\SRC\TRADIT~1\PROC\p18f4550.asm
                UEP15bits   0x000f7f       data     extern C:\MCC18\SRC\TRADIT~1\PROC\p18f4550.asm
                    UEP15   0x000f7f       data     extern C:\MCC18\SRC\TRADIT~1\PROC\p18f4550.asm
                PORTAbits   0x000f80       data     extern C:\MCC18\SRC\TRADIT~1\PROC\p18f4550.asm
                    PORTA   0x000f80       data     extern C:\MCC18\SRC\TRADIT~1\PROC\p18f4550.asm
                PORTBbits   0x000f81       data     extern C:\MCC18\SRC\TRADIT~1\PROC\p18f4550.asm
                    PORTB   0x000f81       data     extern C:\MCC18\SRC\TRADIT~1\PROC\p18f4550.asm
                PORTCbits   0x000f82       data     extern C:\MCC18\SRC\TRADIT~1\PROC\p18f4550.asm
                    PORTC   0x000f82       data     extern C:\MCC18\SRC\TRADIT~1\PROC\p18f4550.asm
                    PORTD   0x000f83       data     extern C:\MCC18\SRC\TRADIT~1\PROC\p18f4550.asm
                PORTDbits   0x000f83       data     extern C:\MCC18\SRC\TRADIT~1\PROC\p18f4550.asm
                    PORTE   0x000f84       data     extern C:\MCC18\SRC\TRADIT~1\PROC\p18f4550.asm
                PORTEbits   0x000f84       data     extern C:\MCC18\SRC\TRADIT~1\PROC\p18f4550.asm
                     LATA   0x000f89       data     extern C:\MCC18\SRC\TRADIT~1\PROC\p18f4550.asm
                 LATAbits   0x000f89       data     extern C:\MCC18\SRC\TRADIT~1\PROC\p18f4550.asm
                 LATBbits   0x000f8a       data     extern C:\MCC18\SRC\TRADIT~1\PROC\p18f4550.asm
                     LATB   0x000f8a       data     extern C:\MCC18\SRC\TRADIT~1\PROC\p18f4550.asm
                     LATC   0x000f8b       data     extern C:\MCC18\SRC\TRADIT~1\PROC\p18f4550.asm
                 LATCbits   0x000f8b       data     extern C:\MCC18\SRC\TRADIT~1\PROC\p18f4550.asm
                     LATD   0x000f8c       data     extern C:\MCC18\SRC\TRADIT~1\PROC\p18f4550.asm
                 LATDbits   0x000f8c       data     extern C:\MCC18\SRC\TRADIT~1\PROC\p18f4550.asm
                     LATE   0x000f8d       data     extern C:\MCC18\SRC\TRADIT~1\PROC\p18f4550.asm
                 LATEbits   0x000f8d       data     extern C:\MCC18\SRC\TRADIT~1\PROC\p18f4550.asm
                TRISAbits   0x000f92       data     extern C:\MCC18\SRC\TRADIT~1\PROC\p18f4550.asm
                    TRISA   0x000f92       data     extern C:\MCC18\SRC\TRADIT~1\PROC\p18f4550.asm
                 DDRAbits   0x000f92       data     extern C:\MCC18\SRC\TRADIT~1\PROC\p18f4550.asm
                     DDRA   0x000f92       data     extern C:\MCC18\SRC\TRADIT~1\PROC\p18f4550.asm
                     DDRB   0x000f93       data     extern C:\MCC18\SRC\TRADIT~1\PROC\p18f4550.asm
                 DDRBbits   0x000f93       data     extern C:\MCC18\SRC\TRADIT~1\PROC\p18f4550.asm
                    TRISB   0x000f93       data     extern C:\MCC18\SRC\TRADIT~1\PROC\p18f4550.asm
                TRISBbits   0x000f93       data     extern C:\MCC18\SRC\TRADIT~1\PROC\p18f4550.asm
                 DDRCbits   0x000f94       data     extern C:\MCC18\SRC\TRADIT~1\PROC\p18f4550.asm
                     DDRC   0x000f94       data     extern C:\MCC18\SRC\TRADIT~1\PROC\p18f4550.asm
                TRISCbits   0x000f94       data     extern C:\MCC18\SRC\TRADIT~1\PROC\p18f4550.asm
                    TRISC   0x000f94       data     extern C:\MCC18\SRC\TRADIT~1\PROC\p18f4550.asm
                    TRISD   0x000f95       data     extern C:\MCC18\SRC\TRADIT~1\PROC\p18f4550.asm
                TRISDbits   0x000f95       data     extern C:\MCC18\SRC\TRADIT~1\PROC\p18f4550.asm
                 DDRDbits   0x000f95       data     extern C:\MCC18\SRC\TRADIT~1\PROC\p18f4550.asm
                     DDRD   0x000f95       data     extern C:\MCC18\SRC\TRADIT~1\PROC\p18f4550.asm
                    TRISE   0x000f96       data     extern C:\MCC18\SRC\TRADIT~1\PROC\p18f4550.asm
                TRISEbits   0x000f96       data     extern C:\MCC18\SRC\TRADIT~1\PROC\p18f4550.asm
                 DDREbits   0x000f96       data     extern C:\MCC18\SRC\TRADIT~1\PROC\p18f4550.asm
                     DDRE   0x000f96       data     extern C:\MCC18\SRC\TRADIT~1\PROC\p18f4550.asm
                  OSCTUNE   0x000f9b       data     extern C:\MCC18\SRC\TRADIT~1\PROC\p18f4550.asm
              OSCTUNEbits   0x000f9b       data     extern C:\MCC18\SRC\TRADIT~1\PROC\p18f4550.asm
                     PIE1   0x000f9d       data     extern C:\MCC18\SRC\TRADIT~1\PROC\p18f4550.asm
                 PIE1bits   0x000f9d       data     extern C:\MCC18\SRC\TRADIT~1\PROC\p18f4550.asm
                     PIR1   0x000f9e       data     extern C:\MCC18\SRC\TRADIT~1\PROC\p18f4550.asm
                 PIR1bits   0x000f9e       data     extern C:\MCC18\SRC\TRADIT~1\PROC\p18f4550.asm
                     IPR1   0x000f9f       data     extern C:\MCC18\SRC\TRADIT~1\PROC\p18f4550.asm
                 IPR1bits   0x000f9f       data     extern C:\MCC18\SRC\TRADIT~1\PROC\p18f4550.asm
                 PIE2bits   0x000fa0       data     extern C:\MCC18\SRC\TRADIT~1\PROC\p18f4550.asm
                     PIE2   0x000fa0       data     extern C:\MCC18\SRC\TRADIT~1\PROC\p18f4550.asm
                 PIR2bits   0x000fa1       data     extern C:\MCC18\SRC\TRADIT~1\PROC\p18f4550.asm
                     PIR2   0x000fa1       data     extern C:\MCC18\SRC\TRADIT~1\PROC\p18f4550.asm
                     IPR2   0x000fa2       data     extern C:\MCC18\SRC\TRADIT~1\PROC\p18f4550.asm
                 IPR2bits   0x000fa2       data     extern C:\MCC18\SRC\TRADIT~1\PROC\p18f4550.asm
               EECON1bits   0x000fa6       data     extern C:\MCC18\SRC\TRADIT~1\PROC\p18f4550.asm
                   EECON1   0x000fa6       data     extern C:\MCC18\SRC\TRADIT~1\PROC\p18f4550.asm
                   EECON2   0x000fa7       data     extern C:\MCC18\SRC\TRADIT~1\PROC\p18f4550.asm
                   EEDATA   0x000fa8       data     extern C:\MCC18\SRC\TRADIT~1\PROC\p18f4550.asm
                    EEADR   0x000fa9       data     extern C:\MCC18\SRC\TRADIT~1\PROC\p18f4550.asm
                    RCSTA   0x000fab       data     extern C:\MCC18\SRC\TRADIT~1\PROC\p18f4550.asm
                RCSTAbits   0x000fab       data     extern C:\MCC18\SRC\TRADIT~1\PROC\p18f4550.asm
                TXSTAbits   0x000fac       data     extern C:\MCC18\SRC\TRADIT~1\PROC\p18f4550.asm
                    TXSTA   0x000fac       data     extern C:\MCC18\SRC\TRADIT~1\PROC\p18f4550.asm
                    TXREG   0x000fad       data     extern C:\MCC18\SRC\TRADIT~1\PROC\p18f4550.asm
                    RCREG   0x000fae       data     extern C:\MCC18\SRC\TRADIT~1\PROC\p18f4550.asm
                    SPBRG   0x000faf       data     extern C:\MCC18\SRC\TRADIT~1\PROC\p18f4550.asm
                   SPBRGH   0x000fb0       data     extern C:\MCC18\SRC\TRADIT~1\PROC\p18f4550.asm
                T3CONbits   0x000fb1       data     extern C:\MCC18\SRC\TRADIT~1\PROC\p18f4550.asm
                    T3CON   0x000fb1       data     extern C:\MCC18\SRC\TRADIT~1\PROC\p18f4550.asm
                    TMR3L   0x000fb2       data     extern C:\MCC18\SRC\TRADIT~1\PROC\p18f4550.asm
                    TMR3H   0x000fb3       data     extern C:\MCC18\SRC\TRADIT~1\PROC\p18f4550.asm
                    CMCON   0x000fb4       data     extern C:\MCC18\SRC\TRADIT~1\PROC\p18f4550.asm
                CMCONbits   0x000fb4       data     extern C:\MCC18\SRC\TRADIT~1\PROC\p18f4550.asm
                   CVRCON   0x000fb5       data     extern C:\MCC18\SRC\TRADIT~1\PROC\p18f4550.asm
               CVRCONbits   0x000fb5       data     extern C:\MCC18\SRC\TRADIT~1\PROC\p18f4550.asm
                  ECCP1AS   0x000fb6       data     extern C:\MCC18\SRC\TRADIT~1\PROC\p18f4550.asm
              ECCP1ASbits   0x000fb6       data     extern C:\MCC18\SRC\TRADIT~1\PROC\p18f4550.asm
               CCP1ASbits   0x000fb6       data     extern C:\MCC18\SRC\TRADIT~1\PROC\p18f4550.asm
                   CCP1AS   0x000fb6       data     extern C:\MCC18\SRC\TRADIT~1\PROC\p18f4550.asm
                  CCP1DEL   0x000fb7       data     extern C:\MCC18\SRC\TRADIT~1\PROC\p18f4550.asm
              CCP1DELbits   0x000fb7       data     extern C:\MCC18\SRC\TRADIT~1\PROC\p18f4550.asm
                 ECCP1DEL   0x000fb7       data     extern C:\MCC18\SRC\TRADIT~1\PROC\p18f4550.asm
             ECCP1DELbits   0x000fb7       data     extern C:\MCC18\SRC\TRADIT~1\PROC\p18f4550.asm
                  BAUDCON   0x000fb8       data     extern C:\MCC18\SRC\TRADIT~1\PROC\p18f4550.asm
              BAUDCONbits   0x000fb8       data     extern C:\MCC18\SRC\TRADIT~1\PROC\p18f4550.asm
              CCP2CONbits   0x000fba       data     extern C:\MCC18\SRC\TRADIT~1\PROC\p18f4550.asm
                  CCP2CON   0x000fba       data     extern C:\MCC18\SRC\TRADIT~1\PROC\p18f4550.asm
                    CCPR2   0x000fbb       data     extern C:\MCC18\SRC\TRADIT~1\PROC\p18f4550.asm
                   CCPR2L   0x000fbb       data     extern C:\MCC18\SRC\TRADIT~1\PROC\p18f4550.asm
                   CCPR2H   0x000fbc       data     extern C:\MCC18\SRC\TRADIT~1\PROC\p18f4550.asm
             ECCP1CONbits   0x000fbd       data     extern C:\MCC18\SRC\TRADIT~1\PROC\p18f4550.asm
                 ECCP1CON   0x000fbd       data     extern C:\MCC18\SRC\TRADIT~1\PROC\p18f4550.asm
                  CCP1CON   0x000fbd       data     extern C:\MCC18\SRC\TRADIT~1\PROC\p18f4550.asm
              CCP1CONbits   0x000fbd       data     extern C:\MCC18\SRC\TRADIT~1\PROC\p18f4550.asm
                    CCPR1   0x000fbe       data     extern C:\MCC18\SRC\TRADIT~1\PROC\p18f4550.asm
                   CCPR1L   0x000fbe       data     extern C:\MCC18\SRC\TRADIT~1\PROC\p18f4550.asm
                   CCPR1H   0x000fbf       data     extern C:\MCC18\SRC\TRADIT~1\PROC\p18f4550.asm
                   ADCON2   0x000fc0       data     extern C:\MCC18\SRC\TRADIT~1\PROC\p18f4550.asm
               ADCON2bits   0x000fc0       data     extern C:\MCC18\SRC\TRADIT~1\PROC\p18f4550.asm
               ADCON1bits   0x000fc1       data     extern C:\MCC18\SRC\TRADIT~1\PROC\p18f4550.asm
                   ADCON1   0x000fc1       data     extern C:\MCC18\SRC\TRADIT~1\PROC\p18f4550.asm
                   ADCON0   0x000fc2       data     extern C:\MCC18\SRC\TRADIT~1\PROC\p18f4550.asm
               ADCON0bits   0x000fc2       data     extern C:\MCC18\SRC\TRADIT~1\PROC\p18f4550.asm
                   ADRESL   0x000fc3       data     extern C:\MCC18\SRC\TRADIT~1\PROC\p18f4550.asm
                    ADRES   0x000fc3       data     extern C:\MCC18\SRC\TRADIT~1\PROC\p18f4550.asm
                   ADRESH   0x000fc4       data     extern C:\MCC18\SRC\TRADIT~1\PROC\p18f4550.asm
              SSPCON2bits   0x000fc5       data     extern C:\MCC18\SRC\TRADIT~1\PROC\p18f4550.asm
                  SSPCON2   0x000fc5       data     extern C:\MCC18\SRC\TRADIT~1\PROC\p18f4550.asm
              SSPCON1bits   0x000fc6       data     extern C:\MCC18\SRC\TRADIT~1\PROC\p18f4550.asm
                  SSPCON1   0x000fc6       data     extern C:\MCC18\SRC\TRADIT~1\PROC\p18f4550.asm
              SSPSTATbits   0x000fc7       data     extern C:\MCC18\SRC\TRADIT~1\PROC\p18f4550.asm
                  SSPSTAT   0x000fc7       data     extern C:\MCC18\SRC\TRADIT~1\PROC\p18f4550.asm
                   SSPADD   0x000fc8       data     extern C:\MCC18\SRC\TRADIT~1\PROC\p18f4550.asm
                   SSPBUF   0x000fc9       data     extern C:\MCC18\SRC\TRADIT~1\PROC\p18f4550.asm
                T2CONbits   0x000fca       data     extern C:\MCC18\SRC\TRADIT~1\PROC\p18f4550.asm
                    T2CON   0x000fca       data     extern C:\MCC18\SRC\TRADIT~1\PROC\p18f4550.asm
                      PR2   0x000fcb       data     extern C:\MCC18\SRC\TRADIT~1\PROC\p18f4550.asm
                     TMR2   0x000fcc       data     extern C:\MCC18\SRC\TRADIT~1\PROC\p18f4550.asm
                T1CONbits   0x000fcd       data     extern C:\MCC18\SRC\TRADIT~1\PROC\p18f4550.asm
                    T1CON   0x000fcd       data     extern C:\MCC18\SRC\TRADIT~1\PROC\p18f4550.asm
                    TMR1L   0x000fce       data     extern C:\MCC18\SRC\TRADIT~1\PROC\p18f4550.asm
                    TMR1H   0x000fcf       data     extern C:\MCC18\SRC\TRADIT~1\PROC\p18f4550.asm
                 RCONbits   0x000fd0       data     extern C:\MCC18\SRC\TRADIT~1\PROC\p18f4550.asm
                     RCON   0x000fd0       data     extern C:\MCC18\SRC\TRADIT~1\PROC\p18f4550.asm
               WDTCONbits   0x000fd1       data     extern C:\MCC18\SRC\TRADIT~1\PROC\p18f4550.asm
                   WDTCON   0x000fd1       data     extern C:\MCC18\SRC\TRADIT~1\PROC\p18f4550.asm
                  HLVDCON   0x000fd2       data     extern C:\MCC18\SRC\TRADIT~1\PROC\p18f4550.asm
               LVDCONbits   0x000fd2       data     extern C:\MCC18\SRC\TRADIT~1\PROC\p18f4550.asm
                   LVDCON   0x000fd2       data     extern C:\MCC18\SRC\TRADIT~1\PROC\p18f4550.asm
              HLVDCONbits   0x000fd2       data     extern C:\MCC18\SRC\TRADIT~1\PROC\p18f4550.asm
               OSCCONbits   0x000fd3       data     extern C:\MCC18\SRC\TRADIT~1\PROC\p18f4550.asm
                   OSCCON   0x000fd3       data     extern C:\MCC18\SRC\TRADIT~1\PROC\p18f4550.asm
                    T0CON   0x000fd5       data     extern C:\MCC18\SRC\TRADIT~1\PROC\p18f4550.asm
                T0CONbits   0x000fd5       data     extern C:\MCC18\SRC\TRADIT~1\PROC\p18f4550.asm
                    TMR0L   0x000fd6       data     extern C:\MCC18\SRC\TRADIT~1\PROC\p18f4550.asm
                    TMR0H   0x000fd7       data     extern C:\MCC18\SRC\TRADIT~1\PROC\p18f4550.asm
               STATUSbits   0x000fd8       data     extern C:\MCC18\SRC\TRADIT~1\PROC\p18f4550.asm
                   STATUS   0x000fd8       data     extern C:\MCC18\SRC\TRADIT~1\PROC\p18f4550.asm
                    FSR2L   0x000fd9       data     extern C:\MCC18\SRC\TRADIT~1\PROC\p18f4550.asm
                     FSR2   0x000fd9       data     extern C:\MCC18\SRC\TRADIT~1\PROC\p18f4550.asm
                    FSR2H   0x000fda       data     extern C:\MCC18\SRC\TRADIT~1\PROC\p18f4550.asm
                   PLUSW2   0x000fdb       data     extern C:\MCC18\SRC\TRADIT~1\PROC\p18f4550.asm
                  PREINC2   0x000fdc       data     extern C:\MCC18\SRC\TRADIT~1\PROC\p18f4550.asm
                 POSTDEC2   0x000fdd       data     extern C:\MCC18\SRC\TRADIT~1\PROC\p18f4550.asm
                 POSTINC2   0x000fde       data     extern C:\MCC18\SRC\TRADIT~1\PROC\p18f4550.asm
                    INDF2   0x000fdf       data     extern C:\MCC18\SRC\TRADIT~1\PROC\p18f4550.asm
                      BSR   0x000fe0       data     extern C:\MCC18\SRC\TRADIT~1\PROC\p18f4550.asm
                     FSR1   0x000fe1       data     extern C:\MCC18\SRC\TRADIT~1\PROC\p18f4550.asm
                    FSR1L   0x000fe1       data     extern C:\MCC18\SRC\TRADIT~1\PROC\p18f4550.asm
                    FSR1H   0x000fe2       data     extern C:\MCC18\SRC\TRADIT~1\PROC\p18f4550.asm
                   PLUSW1   0x000fe3       data     extern C:\MCC18\SRC\TRADIT~1\PROC\p18f4550.asm
                  PREINC1   0x000fe4       data     extern C:\MCC18\SRC\TRADIT~1\PROC\p18f4550.asm
                 POSTDEC1   0x000fe5       data     extern C:\MCC18\SRC\TRADIT~1\PROC\p18f4550.asm
                 POSTINC1   0x000fe6       data     extern C:\MCC18\SRC\TRADIT~1\PROC\p18f4550.asm
                    INDF1   0x000fe7       data     extern C:\MCC18\SRC\TRADIT~1\PROC\p18f4550.asm
                     WREG   0x000fe8       data     extern C:\MCC18\SRC\TRADIT~1\PROC\p18f4550.asm
                    FSR0L   0x000fe9       data     extern C:\MCC18\SRC\TRADIT~1\PROC\p18f4550.asm
                     FSR0   0x000fe9       data     extern C:\MCC18\SRC\TRADIT~1\PROC\p18f4550.asm
                    FSR0H   0x000fea       data     extern C:\MCC18\SRC\TRADIT~1\PROC\p18f4550.asm
                   PLUSW0   0x000feb       data     extern C:\MCC18\SRC\TRADIT~1\PROC\p18f4550.asm
                  PREINC0   0x000fec       data     extern C:\MCC18\SRC\TRADIT~1\PROC\p18f4550.asm
                 POSTDEC0   0x000fed       data     extern C:\MCC18\SRC\TRADIT~1\PROC\p18f4550.asm
                 POSTINC0   0x000fee       data     extern C:\MCC18\SRC\TRADIT~1\PROC\p18f4550.asm
                    INDF0   0x000fef       data     extern C:\MCC18\SRC\TRADIT~1\PROC\p18f4550.asm
                  INTCON3   0x000ff0       data     extern C:\MCC18\SRC\TRADIT~1\PROC\p18f4550.asm
              INTCON3bits   0x000ff0       data     extern C:\MCC18\SRC\TRADIT~1\PROC\p18f4550.asm
                  INTCON2   0x000ff1       data     extern C:\MCC18\SRC\TRADIT~1\PROC\p18f4550.asm
              INTCON2bits   0x000ff1       data     extern C:\MCC18\SRC\TRADIT~1\PROC\p18f4550.asm
                   INTCON   0x000ff2       data     extern C:\MCC18\SRC\TRADIT~1\PROC\p18f4550.asm
               INTCONbits   0x000ff2       data     extern C:\MCC18\SRC\TRADIT~1\PROC\p18f4550.asm
                     PROD   0x000ff3       data     extern C:\MCC18\SRC\TRADIT~1\PROC\p18f4550.asm
                    PRODL   0x000ff3       data     extern C:\MCC18\SRC\TRADIT~1\PROC\p18f4550.asm
                    PRODH   0x000ff4       data     extern C:\MCC18\SRC\TRADIT~1\PROC\p18f4550.asm
                   TABLAT   0x000ff5       data     extern C:\MCC18\SRC\TRADIT~1\PROC\p18f4550.asm
                   TBLPTR   0x000ff6       data     extern C:\MCC18\SRC\TRADIT~1\PROC\p18f4550.asm
                  TBLPTRL   0x000ff6       data     extern C:\MCC18\SRC\TRADIT~1\PROC\p18f4550.asm
                  TBLPTRH   0x000ff7       data     extern C:\MCC18\SRC\TRADIT~1\PROC\p18f4550.asm
                  TBLPTRU   0x000ff8       data     extern C:\MCC18\SRC\TRADIT~1\PROC\p18f4550.asm
                       PC   0x000ff9       data     extern C:\MCC18\SRC\TRADIT~1\PROC\p18f4550.asm
                      PCL   0x000ff9       data     extern C:\MCC18\SRC\TRADIT~1\PROC\p18f4550.asm
                   PCLATH   0x000ffa       data     extern C:\MCC18\SRC\TRADIT~1\PROC\p18f4550.asm
                   PCLATU   0x000ffb       data     extern C:\MCC18\SRC\TRADIT~1\PROC\p18f4550.asm
                   STKPTR   0x000ffc       data     extern C:\MCC18\SRC\TRADIT~1\PROC\p18f4550.asm
               STKPTRbits   0x000ffc       data     extern C:\MCC18\SRC\TRADIT~1\PROC\p18f4550.asm
                      TOS   0x000ffd       data     extern C:\MCC18\SRC\TRADIT~1\PROC\p18f4550.asm
                     TOSL   0x000ffd       data     extern C:\MCC18\SRC\TRADIT~1\PROC\p18f4550.asm
                     TOSH   0x000ffe       data     extern C:\MCC18\SRC\TRADIT~1\PROC\p18f4550.asm
                     TOSU   0x000fff       data     extern C:\MCC18\SRC\TRADIT~1\PROC\p18f4550.asm


