MPLINK 4.12, Linker
Linker Map File - Created Tue Sep 04 23:14:26 2007

                                 Section Info
                  Section       Type    Address   Location Size(Bytes)
                ---------  ---------  ---------  ---------  ---------
               _entry_scn       code   0x000800    program   0x000006
      high_vector_section       code   0x000808    program   0x000006
       low_vector_section       code   0x000818    program   0x000006
                   .cinit    romdata   0x00082a    program   0x00001a
             .code_user.o       code   0x000844    program   0x002230
         .code_vfprintf.o       code   0x002a74    program   0x000c22
              .code_cdc.o       code   0x003696    program   0x0003d8
       .code_usbctrltrf.o       code   0x003a6e    program   0x00033a
             .code_usb9.o       code   0x003da8    program   0x00031e
           .code_usbdrv.o       code   0x0040c6    program   0x000182
             .stringtable    romdata   0x004248    program   0x00015b
       .idata_c018iBL.o_i    romdata   0x0043a3    program   0x000000
       .romdata_usbmmap.o    romdata   0x0043a3    program   0x000000
       .romdata_fxm3232.o    romdata   0x0043a3    program   0x000000
      .idata_vfprintf.o_i    romdata   0x0043a3    program   0x000000
        .romdata_stdout.o    romdata   0x0043a3    program   0x000000
          .idata_main.o_i    romdata   0x0043a3    program   0x000000
    .idata_usbctrltrf.o_i    romdata   0x0043a3    program   0x000000
                     PROG       code   0x0043a4    program   0x0000ec
          .code_c018iBL.o       code   0x0043a4    program   0x000000
        .romdata_usbdsc.o    romdata   0x004490    program   0x0000cd
          .romdata_putc.o    romdata   0x00455d    program   0x000000
       .idata_fxm3232.o_i    romdata   0x00455d    program   0x000000
      .romdata_fxd3232u.o    romdata   0x00455d    program   0x000000
       .idata_usbmmap.o_i    romdata   0x00455d    program   0x000000
        .romdata_usbdrv.o    romdata   0x00455d    program   0x000000
          .idata_usb9.o_i    romdata   0x00455d    program   0x000000
               _cinit_scn       code   0x00455e    program   0x00009e
          .code_usbmmap.o       code   0x00455e    program   0x000000
           .code_printf.o       code   0x0045fc    program   0x000098
             .code_putc.o       code   0x004694    program   0x000084
          .code_fxm3232.o       code   0x004718    program   0x000070
                   STRING       code   0x004788    program   0x000066
                    CTYPE       code   0x0047ee    program   0x00004c
         .code_fxd3232u.o       code   0x00483a    program   0x000048
          .romdata_user.o    romdata   0x004882    program   0x00003d
          .idata_putc.o_i    romdata   0x0048bf    program   0x000000
      .idata_fxd3232u.o_i    romdata   0x0048bf    program   0x000000
    .romdata_usbctrltrf.o    romdata   0x0048bf    program   0x000000
           .romdata_cdc.o    romdata   0x0048bf    program   0x000000
        .idata_usbdsc.o_i    romdata   0x0048bf    program   0x000000
        .romdata_printf.o    romdata   0x0048bf    program   0x000000
           .code_usbdsc.o       code   0x0048c0    program   0x000000
             .code_main.o       code   0x0048c0    program   0x000038
                    STDIO       code   0x0048f8    program   0x00001c
             _startup_scn       code   0x004914    program   0x000018
              D10TCYXCODE       code   0x00492c    program   0x000016
      .romdata_vfprintf.o    romdata   0x004942    program   0x000011
           .idata_cdc.o_i    romdata   0x004953    program   0x000000
        .idata_usbdrv.o_i    romdata   0x004953    program   0x000000
          .romdata_usb9.o    romdata   0x004953    program   0x000000
       .romdata_c018iBL.o    romdata   0x004953    program   0x000000
          .romdata_main.o    romdata   0x004953    program   0x000000
        .idata_printf.o_i    romdata   0x004953    program   0x000000
                    .code       code   0x004954    program   0x00000e
           .code_stdout.o       code   0x004954    program   0x000000
          .idata_user.o_i    romdata   0x004962    program   0x00000a
        .idata_stdout.o_i    romdata   0x00496c    program   0x000002
                fast_vars      udata   0x000000       data   0x000016
                MATH_DATA      udata   0x000016       data   0x000014
                 .tmpdata      udata   0x00002a       data   0x00000e
              low_ISR_tmp      udata   0x000038       data   0x000006
                  ISR_buf      udata   0x000100       data   0x000099
            .udata_user.o      udata   0x000199       data   0x00001d
             .udata_cdc.o      udata   0x0001b6       data   0x000018
         .udata_c018iBL.o      udata   0x0001ce       data   0x00000a
            .idata_user.o      idata   0x0001d8       data   0x00000a
      .udata_usbctrltrf.o      udata   0x0001e2       data   0x000008
         .udata_usbmmap.o      udata   0x0001ea       data   0x000004
          .udata_usbdrv.o      udata   0x0001ee       data   0x000002
          .idata_stdout.o      idata   0x0001f0       data   0x000002
        .udata_vfprintf.o      udata   0x0001f2       data   0x000000
          .udata_stdout.o      udata   0x0001f2       data   0x000000
          .idata_printf.o      idata   0x0001f2       data   0x000000
        .idata_vfprintf.o      idata   0x0001f2       data   0x000000
          .udata_printf.o      udata   0x0001f2       data   0x000000
        .udata_fxd3232u.o      udata   0x0001f2       data   0x000000
        .idata_fxd3232u.o      idata   0x0001f2       data   0x000000
         .udata_fxm3232.o      udata   0x0001f2       data   0x000000
         .idata_fxm3232.o      idata   0x0001f2       data   0x000000
             .idata_cdc.o      idata   0x0001f2       data   0x000000
            .udata_putc.o      udata   0x0001f2       data   0x000000
            .idata_putc.o      idata   0x0001f2       data   0x000000
      .idata_usbctrltrf.o      idata   0x0001f2       data   0x000000
          .idata_usbdsc.o      idata   0x0001f2       data   0x000000
          .udata_usbdsc.o      udata   0x0001f2       data   0x000000
            .idata_usb9.o      idata   0x0001f2       data   0x000000
            .udata_usb9.o      udata   0x0001f2       data   0x000000
          .idata_usbdrv.o      idata   0x0001f2       data   0x000000
         .idata_usbmmap.o      idata   0x0001f2       data   0x000000
            .idata_main.o      idata   0x0001f2       data   0x000000
            .udata_main.o      udata   0x0001f2       data   0x000000
         .idata_c018iBL.o      idata   0x0001f2       data   0x000000
                  com_buf      udata   0x000200       data   0x000100
                   .stack      udata   0x000300       data   0x000100
                  usbram4      udata   0x000400       data   0x000030
                 usbram5a      udata   0x000500       data   0x000088
            SFR_UNBANKED0      udata   0x000f62       data   0x00009e



                              Program Memory Usage 
                               Start         End      
                           ---------   ---------      
                            0x000800    0x000805      
                            0x000808    0x00080d      
                            0x000818    0x00081d      
                            0x00082a    0x0043a2      
                            0x0043a4    0x00455c      
                            0x00455e    0x0048be      
                            0x0048c0    0x004952      
                            0x004954    0x00496d      
            16722 out of 33048 program addresses used, program memory utilization is 50%



                              Symbols - Sorted by Name
                     Name    Address   Location    Storage File                     
                ---------  ---------  ---------  --------- ---------                
           BlinkUSBStatus   0x00281e    program     extern e:\iro_svn\opensprints\FW\user\user.c
                CDCInitEP   0x003764    program     extern e:\iro_svn\opensprints\FW\system\usb\class\cdc\cdc.c
             CDCTxService   0x00395a    program     extern e:\iro_svn\opensprints\FW\system\usb\class\cdc\cdc.c
          ClassReqHandler   0x00455b    program     extern e:\iro_svn\opensprints\FW\autofiles\usbdsc.c
               ClearArray   0x00421e    program     extern e:\iro_svn\opensprints\FW\system\usb\usbdrv\usbdrv.c
                    D10_1   0x00493c    program     static C:\MCC18\SRC\TRADIT~1\DELAYS\d10tcyx.asm
                     D10x   0x004934    program     static C:\MCC18\SRC\TRADIT~1\DELAYS\d10tcyx.asm
              Delay10TCYx   0x00492c    program     extern C:\MCC18\SRC\TRADIT~1\DELAYS\d10tcyx.asm
                 FXD3232U   0x00483a    program     extern C:\MCC18\src\TRADIT~1\math\fxd3232u.c
                 FXM1616S   0x004436    program     extern C:\MCC18\SRC\TRADIT~1\MATH\fxm1616s.asm
                 FXM2424U   0x0043a4    program     extern C:\MCC18\SRC\TRADIT~1\MATH\fxm2424u.asm
                  FXM3232   0x004718    program     extern C:\MCC18\src\TRADIT~1\math\fxm3232.c
           HallEffSensors   0x002904    program     extern e:\iro_svn\opensprints\FW\user\user.c
         InitializeSystem   0x0048cc    program     static e:\iro_svn\opensprints\FW\main.c
                ProcessIO   0x000d26    program     extern e:\iro_svn\opensprints\FW\user\user.c
          SwitchIsPressed   0x0028f4    program     extern e:\iro_svn\opensprints\FW\user\user.c
               TSIGN1616A   0x004482    program     static C:\MCC18\SRC\TRADIT~1\MATH\fxm1616s.asm
        USBCheckBusStatus   0x0040c6    program     extern e:\iro_svn\opensprints\FW\system\usb\usbdrv\usbdrv.c
       USBCheckCDCRequest   0x003696    program     extern e:\iro_svn\opensprints\FW\system\usb\class\cdc\cdc.c
       USBCheckStdRequest   0x003da8    program     extern e:\iro_svn\opensprints\FW\system\usb\usb9\usb9.c
         USBCtrlEPService   0x003a6e    program     extern e:\iro_svn\opensprints\FW\system\usb\usbctrltrf\usbctrltrf.c
 USBCtrlEPServiceComplete   0x003cea    program     extern e:\iro_svn\opensprints\FW\system\usb\usbctrltrf\usbctrltrf.c
      USBCtrlTrfInHandler   0x003b38    program     extern e:\iro_svn\opensprints\FW\system\usb\usbctrltrf\usbctrltrf.c
     USBCtrlTrfOutHandler   0x003b14    program     extern e:\iro_svn\opensprints\FW\system\usb\usbctrltrf\usbctrltrf.c
      USBCtrlTrfRxService   0x003c66    program     extern e:\iro_svn\opensprints\FW\system\usb\usbctrltrf\usbctrltrf.c
   USBCtrlTrfSetupHandler   0x003aa4    program     extern e:\iro_svn\opensprints\FW\system\usb\usbctrltrf\usbctrltrf.c
      USBCtrlTrfTxService   0x003b7a    program     extern e:\iro_svn\opensprints\FW\system\usb\usbctrltrf\usbctrltrf.c
         USBDriverService   0x004106    program     extern e:\iro_svn\opensprints\FW\system\usb\usbdrv\usbdrv.c
          USBErrorHandler   0x0041d6    program     extern e:\iro_svn\opensprints\FW\system\usb\usbdrv\usbdrv.c
         USBModuleDisable   0x0040f8    program     extern e:\iro_svn\opensprints\FW\system\usb\usbdrv\usbdrv.c
          USBModuleEnable   0x0040ea    program     extern e:\iro_svn\opensprints\FW\system\usb\usbdrv\usbdrv.c
USBPrepareForNextSetupTrf   0x003d88    program     extern e:\iro_svn\opensprints\FW\system\usb\usbctrltrf\usbctrltrf.c
  USBProtocolResetHandler   0x0041da    program     extern e:\iro_svn\opensprints\FW\system\usb\usbdrv\usbdrv.c
          USBRemoteWakeup   0x00419c    program     extern e:\iro_svn\opensprints\FW\system\usb\usbdrv\usbdrv.c
            USBSoftDetach   0x004102    program     extern e:\iro_svn\opensprints\FW\system\usb\usbdrv\usbdrv.c
          USBStallHandler   0x0041c8    program     extern e:\iro_svn\opensprints\FW\system\usb\usbdrv\usbdrv.c
  USBStdFeatureReqHandler   0x00401a    program     extern e:\iro_svn\opensprints\FW\system\usb\usb9\usb9.c
      USBStdGetDscHandler   0x003e70    program     extern e:\iro_svn\opensprints\FW\system\usb\usb9\usb9.c
   USBStdGetStatusHandler   0x003f7a    program     extern e:\iro_svn\opensprints\FW\system\usb\usb9\usb9.c
      USBStdSetCfgHandler   0x003f2a    program     extern e:\iro_svn\opensprints\FW\system\usb\usb9\usb9.c
               USBSuspend   0x004184    program     extern e:\iro_svn\opensprints\FW\system\usb\usbdrv\usbdrv.c
                 USBTasks   0x0048e6    program     extern e:\iro_svn\opensprints\FW\main.c
       USBWakeFromSuspend   0x004194    program     extern e:\iro_svn\opensprints\FW\system\usb\usbdrv\usbdrv.c
               USB_CD_Ptr   0x004551    program     extern e:\iro_svn\opensprints\FW\autofiles\usbdsc.c
               USB_SD_Ptr   0x004555    program     extern e:\iro_svn\opensprints\FW\autofiles\usbdsc.c
          USB_SOF_Handler   0x0041c4    program     extern e:\iro_svn\opensprints\FW\system\usb\usbdrv\usbdrv.c
                 UserInit   0x000b88    program     extern e:\iro_svn\opensprints\FW\user\user.c
                   _2jEnd   0x0047d8    program     static C:\MCC18\SRC\TRADIT~1\STDCLIB\slenpgm.asm
        _D10TCYXCODE_000A   0x004936    program     static C:\MCC18\SRC\TRADIT~1\DELAYS\d10tcyx.asm
        _D10TCYXCODE_000C   0x004938    program     static C:\MCC18\SRC\TRADIT~1\DELAYS\d10tcyx.asm
        _D10TCYXCODE_000E   0x00493a    program     static C:\MCC18\SRC\TRADIT~1\DELAYS\d10tcyx.asm
         ___else_lbl00249   0x002074    program     static                          
         ___else_lbl00251   0x002046    program     static                          
         ___else_lbl00257   0x00212a    program     static                          
         ___else_lbl00259   0x0020fc    program     static                          
           ___if_lbl00242   0x001fb4    program     static                          
           ___if_lbl00243   0x001fc4    program     static                          
           ___if_lbl00248   0x002078    program     static                          
           ___if_lbl00250   0x002078    program     static                          
           ___if_lbl00252   0x002090    program     static                          
           ___if_lbl00253   0x0020ac    program     static                          
           ___if_lbl00256   0x00212e    program     static                          
           ___if_lbl00258   0x00212e    program     static                          
           ___if_lbl00260   0x002146    program     static                          
           ___if_lbl00261   0x002160    program     static                          
           ___if_lbl00268   0x0021ca    program     static                          
           ___if_lbl00271   0x002218    program     static                          
           ___if_lbl00272   0x002266    program     static                          
           ___if_lbl00273   0x002276    program     static                          
           ___if_lbl00276   0x0022ba    program     static                          
           ___if_lbl00277   0x0022d8    program     static                          
           ___if_lbl00284   0x002342    program     static                          
       ___return_lbl00000   0x00080c    program     static                          
       ___return_lbl00000   0x004786    program     static                          
       ___return_lbl00000   0x000804    program     static                          
       ___return_lbl00000   0x004880    program     static                          
       ___return_lbl00001   0x00492a    program     static                          
       ___return_lbl00001   0x00081c    program     static                          
       ___return_lbl00002   0x0045fa    program     static                          
       ___return_lbl00028   0x004192    program     static                          
       ___return_lbl00042   0x004240    program     static                          
       ___return_lbl00241   0x0021d0    program     static                          
       ___return_lbl00269   0x002348    program     static                          
        ___while_lbl00043   0x004232    program     static                          
        ___while_lbl00044   0x004240    program     static                          
        ___while_lbl00244   0x001fe0    program     static                          
        ___while_lbl00245   0x0021cc    program     static                          
        ___while_lbl00262   0x002170    program     static                          
        ___while_lbl00263   0x00219a    program     static                          
        ___while_lbl00265   0x0021a0    program     static                          
        ___while_lbl00266   0x0021ca    program     static                          
        ___while_lbl00274   0x002292    program     static                          
        ___while_lbl00275   0x002344    program     static                          
        ___while_lbl00278   0x0022e8    program     static                          
        ___while_lbl00279   0x002312    program     static                          
        ___while_lbl00281   0x002318    program     static                          
        ___while_lbl00282   0x002342    program     static                          
                   __pa_0   0x0033b4    program     static C:\MCC18\src\TRADIT~1\stdclib\vfprintf.c
                   __pa_1   0x0033bc    program     static C:\MCC18\src\TRADIT~1\stdclib\vfprintf.c
                  __pa_10   0x003470    program     static C:\MCC18\src\TRADIT~1\stdclib\vfprintf.c
                  __pa_11   0x00347e    program     static C:\MCC18\src\TRADIT~1\stdclib\vfprintf.c
                  __pa_12   0x003494    program     static C:\MCC18\src\TRADIT~1\stdclib\vfprintf.c
                  __pa_13   0x0034ae    program     static C:\MCC18\src\TRADIT~1\stdclib\vfprintf.c
                  __pa_14   0x0034c6    program     static C:\MCC18\src\TRADIT~1\stdclib\vfprintf.c
                  __pa_15   0x0034d6    program     static C:\MCC18\src\TRADIT~1\stdclib\vfprintf.c
                  __pa_16   0x0034ec    program     static C:\MCC18\src\TRADIT~1\stdclib\vfprintf.c
                  __pa_17   0x0034fe    program     static C:\MCC18\src\TRADIT~1\stdclib\vfprintf.c
                  __pa_18   0x003510    program     static C:\MCC18\src\TRADIT~1\stdclib\vfprintf.c
                  __pa_19   0x00351a    program     static C:\MCC18\src\TRADIT~1\stdclib\vfprintf.c
                   __pa_2   0x0033c6    program     static C:\MCC18\src\TRADIT~1\stdclib\vfprintf.c
                  __pa_20   0x00352a    program     static C:\MCC18\src\TRADIT~1\stdclib\vfprintf.c
                  __pa_21   0x00353a    program     static C:\MCC18\src\TRADIT~1\stdclib\vfprintf.c
                  __pa_22   0x00354a    program     static C:\MCC18\src\TRADIT~1\stdclib\vfprintf.c
                  __pa_23   0x003556    program     static C:\MCC18\src\TRADIT~1\stdclib\vfprintf.c
                  __pa_24   0x003564    program     static C:\MCC18\src\TRADIT~1\stdclib\vfprintf.c
                  __pa_25   0x00356c    program     static C:\MCC18\src\TRADIT~1\stdclib\vfprintf.c
                  __pa_26   0x003576    program     static C:\MCC18\src\TRADIT~1\stdclib\vfprintf.c
                  __pa_27   0x003580    program     static C:\MCC18\src\TRADIT~1\stdclib\vfprintf.c
                  __pa_28   0x003588    program     static C:\MCC18\src\TRADIT~1\stdclib\vfprintf.c
                  __pa_29   0x003596    program     static C:\MCC18\src\TRADIT~1\stdclib\vfprintf.c
                   __pa_3   0x0033d0    program     static C:\MCC18\src\TRADIT~1\stdclib\vfprintf.c
                  __pa_30   0x0035b2    program     static C:\MCC18\src\TRADIT~1\stdclib\vfprintf.c
                  __pa_31   0x0035cc    program     static C:\MCC18\src\TRADIT~1\stdclib\vfprintf.c
                  __pa_32   0x0035e6    program     static C:\MCC18\src\TRADIT~1\stdclib\vfprintf.c
                  __pa_33   0x0035fe    program     static C:\MCC18\src\TRADIT~1\stdclib\vfprintf.c
                  __pa_34   0x003608    program     static C:\MCC18\src\TRADIT~1\stdclib\vfprintf.c
                  __pa_35   0x003616    program     static C:\MCC18\src\TRADIT~1\stdclib\vfprintf.c
                  __pa_36   0x00361e    program     static C:\MCC18\src\TRADIT~1\stdclib\vfprintf.c
                  __pa_37   0x003628    program     static C:\MCC18\src\TRADIT~1\stdclib\vfprintf.c
                  __pa_38   0x003638    program     static C:\MCC18\src\TRADIT~1\stdclib\vfprintf.c
                  __pa_39   0x003646    program     static C:\MCC18\src\TRADIT~1\stdclib\vfprintf.c
                   __pa_4   0x0033e8    program     static C:\MCC18\src\TRADIT~1\stdclib\vfprintf.c
                  __pa_40   0x003652    program     static C:\MCC18\src\TRADIT~1\stdclib\vfprintf.c
                  __pa_41   0x00365e    program     static C:\MCC18\src\TRADIT~1\stdclib\vfprintf.c
                  __pa_42   0x003666    program     static C:\MCC18\src\TRADIT~1\stdclib\vfprintf.c
                  __pa_43   0x003670    program     static C:\MCC18\src\TRADIT~1\stdclib\vfprintf.c
                  __pa_44   0x003676    program     static C:\MCC18\src\TRADIT~1\stdclib\vfprintf.c
                  __pa_45   0x003680    program     static C:\MCC18\src\TRADIT~1\stdclib\vfprintf.c
                  __pa_46   0x00368c    program     static C:\MCC18\src\TRADIT~1\stdclib\vfprintf.c
                   __pa_5   0x0033fc    program     static C:\MCC18\src\TRADIT~1\stdclib\vfprintf.c
                   __pa_6   0x003418    program     static C:\MCC18\src\TRADIT~1\stdclib\vfprintf.c
                   __pa_7   0x003422    program     static C:\MCC18\src\TRADIT~1\stdclib\vfprintf.c
                   __pa_8   0x00342e    program     static C:\MCC18\src\TRADIT~1\stdclib\vfprintf.c
                   __pa_9   0x003450    program     static C:\MCC18\src\TRADIT~1\stdclib\vfprintf.c
              __string_10   0x0042e3    program     static e:\iro_svn\opensprints\FW\user\user.c
              __string_11   0x0042bb    program     static e:\iro_svn\opensprints\FW\user\user.c
              __string_12   0x00429e    program     static e:\iro_svn\opensprints\FW\user\user.c
              __string_13   0x00429c    program     static e:\iro_svn\opensprints\FW\user\user.c
              __string_14   0x004296    program     static e:\iro_svn\opensprints\FW\user\user.c
              __string_15   0x00428c    program     static e:\iro_svn\opensprints\FW\user\user.c
              __string_16   0x004283    program     static e:\iro_svn\opensprints\FW\user\user.c
              __string_17   0x00425c    program     static e:\iro_svn\opensprints\FW\user\user.c
              __string_18   0x004250    program     static e:\iro_svn\opensprints\FW\user\user.c
              __string_19   0x00424c    program     static e:\iro_svn\opensprints\FW\user\user.c
              __string_20   0x004248    program     static e:\iro_svn\opensprints\FW\user\user.c
               __string_3   0x00439d    program     static e:\iro_svn\opensprints\FW\user\user.c
               __string_4   0x004397    program     static e:\iro_svn\opensprints\FW\user\user.c
               __string_5   0x00437b    program     static e:\iro_svn\opensprints\FW\user\user.c
               __string_6   0x00435f    program     static e:\iro_svn\opensprints\FW\user\user.c
               __string_7   0x004340    program     static e:\iro_svn\opensprints\FW\user\user.c
               __string_8   0x00431f    program     static e:\iro_svn\opensprints\FW\user\user.c
               __string_9   0x004306    program     static e:\iro_svn\opensprints\FW\user\user.c
              __tmplbl_42   0x00354a    program     static                          
              __tmplbl_43   0x003392    program     static                          
              __tmplbl_44   0x002030    program     static                          
              __tmplbl_44   0x003378    program     static                          
              __tmplbl_45   0x002028    program     static                          
              __tmplbl_46   0x00205e    program     static                          
              __tmplbl_47   0x002056    program     static                          
              __tmplbl_48   0x0020e6    program     static                          
              __tmplbl_49   0x0020de    program     static                          
              __tmplbl_50   0x002114    program     static                          
              __tmplbl_51   0x00210c    program     static                          
              __tmplbl_52   0x00218a    program     static                          
              __tmplbl_53   0x002184    program     static                          
              __tmplbl_54   0x0021ba    program     static                          
              __tmplbl_55   0x0021b4    program     static                          
              __tmplbl_56   0x002214    program     static                          
              __tmplbl_57   0x00220c    program     static                          
              __tmplbl_58   0x002302    program     static                          
              __tmplbl_59   0x0022fc    program     static                          
              __tmplbl_60   0x002332    program     static                          
              __tmplbl_61   0x00232c    program     static                          
              __tmplbl_85   0x002aca    program     static                          
            __zero_memory   0x004954    program     extern C:\MCC18\SRC\TRADIT~1\PROC\p18f4550.asm
                _do_cinit   0x00455e    program     extern C:\MCC18\src\traditional\startup\c018iBL.c
                   _entry   0x000800    program     extern C:\MCC18\src\traditional\startup\c018iBL.c
                   _false   0x00487c    program     static                          
                 _startup   0x004914    program     extern C:\MCC18\src\traditional\startup\c018iBL.c
              _usart_putc   0x0048f8    program     extern C:\MCC18\SRC\TRADIT~1\PMC\USART\_usartpc.asm
               _user_putc   0x000f70    program     extern e:\iro_svn\opensprints\FW\user\user.c
                    cfg01   0x0044a2    program     extern e:\iro_svn\opensprints\FW\autofiles\usbdsc.c
   check_and_send_TX_data   0x000fc6    program     extern e:\iro_svn\opensprints\FW\user\user.c
               clear_loop   0x00495a    program     static C:\MCC18\SRC\TRADIT~1\PROC\p18f4550.asm
                copy_loop   0x0045d0    program     static                          
            copy_one_byte   0x0045d6    program     static                          
               device_dsc   0x004490    program     extern e:\iro_svn\opensprints\FW\autofiles\usbdsc.c
                     done   0x0045fa    program     static                          
             done_copying   0x0045e4    program     static                          
            extract_digit   0x0026fa    program     extern e:\iro_svn\opensprints\FW\user\user.c
           extract_number   0x00238e    program     extern e:\iro_svn\opensprints\FW\user\user.c
             getsUSBUSART   0x0037c8    program     extern e:\iro_svn\opensprints\FW\system\usb\class\cdc\cdc.c
                 high_ISR   0x000b76    program     extern e:\iro_svn\opensprints\FW\user\user.c
              high_vector   0x000808    program     extern e:\iro_svn\opensprints\FW\main.c
                  isdigit   0x004816    program     extern C:\MCC18\SRC\TRADIT~1\STDCLIB\isdigit.asm
                     jEnd   0x0047a2    program     static C:\MCC18\SRC\TRADIT~1\STDCLIB\strlen.asm
                     jEnd   0x0047da    program     static C:\MCC18\SRC\TRADIT~1\STDCLIB\slenpgm.asm
                    jLoop   0x004798    program     static C:\MCC18\SRC\TRADIT~1\STDCLIB\strlen.asm
                    jLoop   0x0047c2    program     static C:\MCC18\SRC\TRADIT~1\STDCLIB\slenpgm.asm
                   jMatch   0x004836    program     static C:\MCC18\SRC\TRADIT~1\STDCLIB\isdigit.asm
                 jNoMatch   0x004838    program     static C:\MCC18\SRC\TRADIT~1\STDCLIB\isdigit.asm
                 jNoMatch   0x004814    program     static C:\MCC18\SRC\TRADIT~1\STDCLIB\toupper.asm
                     loop   0x004924    program     static                          
                     loop   0x004848    program     static                          
                     loop   0x004908    program     static C:\MCC18\SRC\TRADIT~1\PMC\USART\_usartpc.asm
                  low_ISR   0x000844    program     extern e:\iro_svn\opensprints\FW\user\user.c
               low_vector   0x000818    program     extern e:\iro_svn\opensprints\FW\main.c
                     main   0x0048c0    program     extern e:\iro_svn\opensprints\FW\main.c
           parse_A_packet   0x0016f6    program     extern e:\iro_svn\opensprints\FW\user\user.c
          parse_BC_packet   0x001ec8    program     extern e:\iro_svn\opensprints\FW\user\user.c
          parse_BO_packet   0x001f56    program     extern e:\iro_svn\opensprints\FW\user\user.c
          parse_BS_packet   0x0021e4    program     extern e:\iro_svn\opensprints\FW\user\user.c
          parse_CI_packet   0x00237a    program     extern e:\iro_svn\opensprints\FW\user\user.c
          parse_CS_packet   0x002368    program     extern e:\iro_svn\opensprints\FW\user\user.c
          parse_CU_packet   0x001418    program     extern e:\iro_svn\opensprints\FW\user\user.c
          parse_CX_packet   0x001d78    program     extern e:\iro_svn\opensprints\FW\user\user.c
           parse_C_packet   0x00151a    program     extern e:\iro_svn\opensprints\FW\user\user.c
          parse_GO_packet   0x002380    program     extern e:\iro_svn\opensprints\FW\user\user.c
           parse_I_packet   0x001692    program     extern e:\iro_svn\opensprints\FW\user\user.c
          parse_MR_packet   0x001822    program     extern e:\iro_svn\opensprints\FW\user\user.c
          parse_MW_packet   0x0017b8    program     extern e:\iro_svn\opensprints\FW\user\user.c
           parse_O_packet   0x001600    program     extern e:\iro_svn\opensprints\FW\user\user.c
          parse_PD_packet   0x0018a4    program     extern e:\iro_svn\opensprints\FW\user\user.c
          parse_PI_packet   0x001a60    program     extern e:\iro_svn\opensprints\FW\user\user.c
          parse_PO_packet   0x001bb4    program     extern e:\iro_svn\opensprints\FW\user\user.c
          parse_RC_packet   0x001d7e    program     extern e:\iro_svn\opensprints\FW\user\user.c
          parse_RI_packet   0x002374    program     extern e:\iro_svn\opensprints\FW\user\user.c
          parse_RS_packet   0x002362    program     extern e:\iro_svn\opensprints\FW\user\user.c
          parse_RX_packet   0x001d72    program     extern e:\iro_svn\opensprints\FW\user\user.c
           parse_R_packet   0x001410    program     extern e:\iro_svn\opensprints\FW\user\user.c
          parse_SI_packet   0x00236e    program     extern e:\iro_svn\opensprints\FW\user\user.c
          parse_SS_packet   0x00235c    program     extern e:\iro_svn\opensprints\FW\user\user.c
          parse_ST_packet   0x002388    program     extern e:\iro_svn\opensprints\FW\user\user.c
          parse_TX_packet   0x001d6c    program     extern e:\iro_svn\opensprints\FW\user\user.c
           parse_T_packet   0x001498    program     extern e:\iro_svn\opensprints\FW\user\user.c
           parse_V_packet   0x0016d4    program     extern e:\iro_svn\opensprints\FW\user\user.c
             parse_packet   0x00105c    program     extern e:\iro_svn\opensprints\FW\user\user.c
                print_ack   0x0013e8    program     extern e:\iro_svn\opensprints\FW\user\user.c
             print_status   0x0027f4    program     extern e:\iro_svn\opensprints\FW\user\user.c
                   printf   0x0045fc    program     extern C:\MCC18\src\TRADIT~1\stdclib\printf.c
                     putc   0x004694    program     extern C:\MCC18\src\TRADIT~1\stdclib\putc.c
            putrsUSBUSART   0x0038d8    program     extern e:\iro_svn\opensprints\FW\system\usb\class\cdc\cdc.c
             putsUSBUSART   0x00385a    program     extern e:\iro_svn\opensprints\FW\system\usb\class\cdc\cdc.c
                 s_digits   0x004942    program     static C:\MCC18\src\TRADIT~1\stdclib\vfprintf.c
            s_put_n_chars   0x002a74    program     static C:\MCC18\src\TRADIT~1\stdclib\vfprintf.c
                    sd000   0x0044e5    program     extern e:\iro_svn\opensprints\FW\autofiles\usbdsc.c
                    sd001   0x0044e9    program     extern e:\iro_svn\opensprints\FW\autofiles\usbdsc.c
                    sd002   0x00451d    program     extern e:\iro_svn\opensprints\FW\autofiles\usbdsc.c
                  st_LFCR   0x004887    program     extern e:\iro_svn\opensprints\FW\user\user.c
                    st_OK   0x004882    program     extern e:\iro_svn\opensprints\FW\user\user.c
               st_version   0x00488a    program     extern e:\iro_svn\opensprints\FW\user\user.c
                   strlen   0x004788    program     extern C:\MCC18\SRC\TRADIT~1\STDCLIB\strlen.asm
                strlenpgm   0x0047a4    program     extern C:\MCC18\SRC\TRADIT~1\STDCLIB\slenpgm.asm
                     test   0x004578    program     static                          
                  toupper   0x0047ee    program     extern C:\MCC18\SRC\TRADIT~1\STDCLIB\toupper.asm
                 vfprintf   0x002aa0    program     extern C:\MCC18\src\TRADIT~1\stdclib\vfprintf.c
                   ADCON0   0x000fc2       data     extern C:\MCC18\SRC\TRADIT~1\PROC\p18f4550.asm
               ADCON0bits   0x000fc2       data     extern C:\MCC18\SRC\TRADIT~1\PROC\p18f4550.asm
                   ADCON1   0x000fc1       data     extern C:\MCC18\SRC\TRADIT~1\PROC\p18f4550.asm
               ADCON1bits   0x000fc1       data     extern C:\MCC18\SRC\TRADIT~1\PROC\p18f4550.asm
                   ADCON2   0x000fc0       data     extern C:\MCC18\SRC\TRADIT~1\PROC\p18f4550.asm
               ADCON2bits   0x000fc0       data     extern C:\MCC18\SRC\TRADIT~1\PROC\p18f4550.asm
                    ADRES   0x000fc3       data     extern C:\MCC18\SRC\TRADIT~1\PROC\p18f4550.asm
                   ADRESH   0x000fc4       data     extern C:\MCC18\SRC\TRADIT~1\PROC\p18f4550.asm
                   ADRESL   0x000fc3       data     extern C:\MCC18\SRC\TRADIT~1\PROC\p18f4550.asm
            A_cur_channel   0x000015       data     extern e:\iro_svn\opensprints\FW\user\user.c
           A_tick_counter   0x000013       data     extern e:\iro_svn\opensprints\FW\user\user.c
             AnalogEnable   0x00000c       data     extern e:\iro_svn\opensprints\FW\user\user.c
                  BAUDCON   0x000fb8       data     extern C:\MCC18\SRC\TRADIT~1\PROC\p18f4550.asm
              BAUDCONbits   0x000fb8       data     extern C:\MCC18\SRC\TRADIT~1\PROC\p18f4550.asm
                      BSR   0x000fe0       data     extern C:\MCC18\SRC\TRADIT~1\PROC\p18f4550.asm
                   CCP1AS   0x000fb6       data     extern C:\MCC18\SRC\TRADIT~1\PROC\p18f4550.asm
               CCP1ASbits   0x000fb6       data     extern C:\MCC18\SRC\TRADIT~1\PROC\p18f4550.asm
                  CCP1CON   0x000fbd       data     extern C:\MCC18\SRC\TRADIT~1\PROC\p18f4550.asm
              CCP1CONbits   0x000fbd       data     extern C:\MCC18\SRC\TRADIT~1\PROC\p18f4550.asm
                  CCP1DEL   0x000fb7       data     extern C:\MCC18\SRC\TRADIT~1\PROC\p18f4550.asm
              CCP1DELbits   0x000fb7       data     extern C:\MCC18\SRC\TRADIT~1\PROC\p18f4550.asm
                  CCP2CON   0x000fba       data     extern C:\MCC18\SRC\TRADIT~1\PROC\p18f4550.asm
              CCP2CONbits   0x000fba       data     extern C:\MCC18\SRC\TRADIT~1\PROC\p18f4550.asm
                    CCPR1   0x000fbe       data     extern C:\MCC18\SRC\TRADIT~1\PROC\p18f4550.asm
                   CCPR1H   0x000fbf       data     extern C:\MCC18\SRC\TRADIT~1\PROC\p18f4550.asm
                   CCPR1L   0x000fbe       data     extern C:\MCC18\SRC\TRADIT~1\PROC\p18f4550.asm
                    CCPR2   0x000fbb       data     extern C:\MCC18\SRC\TRADIT~1\PROC\p18f4550.asm
                   CCPR2H   0x000fbc       data     extern C:\MCC18\SRC\TRADIT~1\PROC\p18f4550.asm
                   CCPR2L   0x000fbb       data     extern C:\MCC18\SRC\TRADIT~1\PROC\p18f4550.asm
                    CMCON   0x000fb4       data     extern C:\MCC18\SRC\TRADIT~1\PROC\p18f4550.asm
                CMCONbits   0x000fb4       data     extern C:\MCC18\SRC\TRADIT~1\PROC\p18f4550.asm
                   CVRCON   0x000fb5       data     extern C:\MCC18\SRC\TRADIT~1\PROC\p18f4550.asm
               CVRCONbits   0x000fb5       data     extern C:\MCC18\SRC\TRADIT~1\PROC\p18f4550.asm
              CtrlTrfData   0x000428       data     extern e:\iro_svn\opensprints\FW\system\usb\usbmmap.c
                     DDRA   0x000f92       data     extern C:\MCC18\SRC\TRADIT~1\PROC\p18f4550.asm
                 DDRAbits   0x000f92       data     extern C:\MCC18\SRC\TRADIT~1\PROC\p18f4550.asm
                     DDRB   0x000f93       data     extern C:\MCC18\SRC\TRADIT~1\PROC\p18f4550.asm
                 DDRBbits   0x000f93       data     extern C:\MCC18\SRC\TRADIT~1\PROC\p18f4550.asm
                     DDRC   0x000f94       data     extern C:\MCC18\SRC\TRADIT~1\PROC\p18f4550.asm
                 DDRCbits   0x000f94       data     extern C:\MCC18\SRC\TRADIT~1\PROC\p18f4550.asm
                     DDRD   0x000f95       data     extern C:\MCC18\SRC\TRADIT~1\PROC\p18f4550.asm
                 DDRDbits   0x000f95       data     extern C:\MCC18\SRC\TRADIT~1\PROC\p18f4550.asm
                     DDRE   0x000f96       data     extern C:\MCC18\SRC\TRADIT~1\PROC\p18f4550.asm
                 DDREbits   0x000f96       data     extern C:\MCC18\SRC\TRADIT~1\PROC\p18f4550.asm
           D_tick_counter   0x000011       data     extern e:\iro_svn\opensprints\FW\user\user.c
                  ECCP1AS   0x000fb6       data     extern C:\MCC18\SRC\TRADIT~1\PROC\p18f4550.asm
              ECCP1ASbits   0x000fb6       data     extern C:\MCC18\SRC\TRADIT~1\PROC\p18f4550.asm
                 ECCP1CON   0x000fbd       data     extern C:\MCC18\SRC\TRADIT~1\PROC\p18f4550.asm
             ECCP1CONbits   0x000fbd       data     extern C:\MCC18\SRC\TRADIT~1\PROC\p18f4550.asm
                 ECCP1DEL   0x000fb7       data     extern C:\MCC18\SRC\TRADIT~1\PROC\p18f4550.asm
             ECCP1DELbits   0x000fb7       data     extern C:\MCC18\SRC\TRADIT~1\PROC\p18f4550.asm
                    EEADR   0x000fa9       data     extern C:\MCC18\SRC\TRADIT~1\PROC\p18f4550.asm
                   EECON1   0x000fa6       data     extern C:\MCC18\SRC\TRADIT~1\PROC\p18f4550.asm
               EECON1bits   0x000fa6       data     extern C:\MCC18\SRC\TRADIT~1\PROC\p18f4550.asm
                   EECON2   0x000fa7       data     extern C:\MCC18\SRC\TRADIT~1\PROC\p18f4550.asm
                   EEDATA   0x000fa8       data     extern C:\MCC18\SRC\TRADIT~1\PROC\p18f4550.asm
                     FSR0   0x000fe9       data     extern C:\MCC18\SRC\TRADIT~1\PROC\p18f4550.asm
                    FSR0H   0x000fea       data     extern C:\MCC18\SRC\TRADIT~1\PROC\p18f4550.asm
                    FSR0L   0x000fe9       data     extern C:\MCC18\SRC\TRADIT~1\PROC\p18f4550.asm
                     FSR1   0x000fe1       data     extern C:\MCC18\SRC\TRADIT~1\PROC\p18f4550.asm
                    FSR1H   0x000fe2       data     extern C:\MCC18\SRC\TRADIT~1\PROC\p18f4550.asm
                    FSR1L   0x000fe1       data     extern C:\MCC18\SRC\TRADIT~1\PROC\p18f4550.asm
                     FSR2   0x000fd9       data     extern C:\MCC18\SRC\TRADIT~1\PROC\p18f4550.asm
                    FSR2H   0x000fda       data     extern C:\MCC18\SRC\TRADIT~1\PROC\p18f4550.asm
                    FSR2L   0x000fd9       data     extern C:\MCC18\SRC\TRADIT~1\PROC\p18f4550.asm
                  HLVDCON   0x000fd2       data     extern C:\MCC18\SRC\TRADIT~1\PROC\p18f4550.asm
              HLVDCONbits   0x000fd2       data     extern C:\MCC18\SRC\TRADIT~1\PROC\p18f4550.asm
                    INDF0   0x000fef       data     extern C:\MCC18\SRC\TRADIT~1\PROC\p18f4550.asm
                    INDF1   0x000fe7       data     extern C:\MCC18\SRC\TRADIT~1\PROC\p18f4550.asm
                    INDF2   0x000fdf       data     extern C:\MCC18\SRC\TRADIT~1\PROC\p18f4550.asm
                   INTCON   0x000ff2       data     extern C:\MCC18\SRC\TRADIT~1\PROC\p18f4550.asm
                  INTCON2   0x000ff1       data     extern C:\MCC18\SRC\TRADIT~1\PROC\p18f4550.asm
              INTCON2bits   0x000ff1       data     extern C:\MCC18\SRC\TRADIT~1\PROC\p18f4550.asm
                  INTCON3   0x000ff0       data     extern C:\MCC18\SRC\TRADIT~1\PROC\p18f4550.asm
              INTCON3bits   0x000ff0       data     extern C:\MCC18\SRC\TRADIT~1\PROC\p18f4550.asm
               INTCONbits   0x000ff2       data     extern C:\MCC18\SRC\TRADIT~1\PROC\p18f4550.asm
                     IPR1   0x000f9f       data     extern C:\MCC18\SRC\TRADIT~1\PROC\p18f4550.asm
                 IPR1bits   0x000f9f       data     extern C:\MCC18\SRC\TRADIT~1\PROC\p18f4550.asm
                     IPR2   0x000fa2       data     extern C:\MCC18\SRC\TRADIT~1\PROC\p18f4550.asm
                 IPR2bits   0x000fa2       data     extern C:\MCC18\SRC\TRADIT~1\PROC\p18f4550.asm
               ISR_A_FIFO   0x000100       data     extern e:\iro_svn\opensprints\FW\user\user.c
            ISR_A_FIFO_in   0x000009       data     extern e:\iro_svn\opensprints\FW\user\user.c
        ISR_A_FIFO_length   0x00000b       data     extern e:\iro_svn\opensprints\FW\user\user.c
           ISR_A_FIFO_out   0x00000a       data     extern e:\iro_svn\opensprints\FW\user\user.c
         ISR_A_RepeatRate   0x000007       data     extern e:\iro_svn\opensprints\FW\user\user.c
               ISR_D_FIFO   0x000148       data     extern e:\iro_svn\opensprints\FW\user\user.c
            ISR_D_FIFO_in   0x000004       data     extern e:\iro_svn\opensprints\FW\user\user.c
        ISR_D_FIFO_length   0x000006       data     extern e:\iro_svn\opensprints\FW\user\user.c
           ISR_D_FIFO_out   0x000005       data     extern e:\iro_svn\opensprints\FW\user\user.c
         ISR_D_RepeatRate   0x000002       data     extern e:\iro_svn\opensprints\FW\user\user.c
                     LATA   0x000f89       data     extern C:\MCC18\SRC\TRADIT~1\PROC\p18f4550.asm
                 LATAbits   0x000f89       data     extern C:\MCC18\SRC\TRADIT~1\PROC\p18f4550.asm
                     LATB   0x000f8a       data     extern C:\MCC18\SRC\TRADIT~1\PROC\p18f4550.asm
                 LATBbits   0x000f8a       data     extern C:\MCC18\SRC\TRADIT~1\PROC\p18f4550.asm
                     LATC   0x000f8b       data     extern C:\MCC18\SRC\TRADIT~1\PROC\p18f4550.asm
                 LATCbits   0x000f8b       data     extern C:\MCC18\SRC\TRADIT~1\PROC\p18f4550.asm
                     LATD   0x000f8c       data     extern C:\MCC18\SRC\TRADIT~1\PROC\p18f4550.asm
                 LATDbits   0x000f8c       data     extern C:\MCC18\SRC\TRADIT~1\PROC\p18f4550.asm
                     LATE   0x000f8d       data     extern C:\MCC18\SRC\TRADIT~1\PROC\p18f4550.asm
                 LATEbits   0x000f8d       data     extern C:\MCC18\SRC\TRADIT~1\PROC\p18f4550.asm
                 LEDCount   0x0001da       data     static e:\iro_svn\opensprints\FW\user\user.c
                 LEDState   0x0001dc       data     static e:\iro_svn\opensprints\FW\user\user.c
                   LVDCON   0x000fd2       data     extern C:\MCC18\SRC\TRADIT~1\PROC\p18f4550.asm
               LVDCONbits   0x000fd2       data     extern C:\MCC18\SRC\TRADIT~1\PROC\p18f4550.asm
                   OSCCON   0x000fd3       data     extern C:\MCC18\SRC\TRADIT~1\PROC\p18f4550.asm
               OSCCONbits   0x000fd3       data     extern C:\MCC18\SRC\TRADIT~1\PROC\p18f4550.asm
                  OSCTUNE   0x000f9b       data     extern C:\MCC18\SRC\TRADIT~1\PROC\p18f4550.asm
              OSCTUNEbits   0x000f9b       data     extern C:\MCC18\SRC\TRADIT~1\PROC\p18f4550.asm
                       PC   0x000ff9       data     extern C:\MCC18\SRC\TRADIT~1\PROC\p18f4550.asm
                      PCL   0x000ff9       data     extern C:\MCC18\SRC\TRADIT~1\PROC\p18f4550.asm
                   PCLATH   0x000ffa       data     extern C:\MCC18\SRC\TRADIT~1\PROC\p18f4550.asm
                   PCLATU   0x000ffb       data     extern C:\MCC18\SRC\TRADIT~1\PROC\p18f4550.asm
                     PIE1   0x000f9d       data     extern C:\MCC18\SRC\TRADIT~1\PROC\p18f4550.asm
                 PIE1bits   0x000f9d       data     extern C:\MCC18\SRC\TRADIT~1\PROC\p18f4550.asm
                     PIE2   0x000fa0       data     extern C:\MCC18\SRC\TRADIT~1\PROC\p18f4550.asm
                 PIE2bits   0x000fa0       data     extern C:\MCC18\SRC\TRADIT~1\PROC\p18f4550.asm
                     PIR1   0x000f9e       data     extern C:\MCC18\SRC\TRADIT~1\PROC\p18f4550.asm
                 PIR1bits   0x000f9e       data     extern C:\MCC18\SRC\TRADIT~1\PROC\p18f4550.asm
                     PIR2   0x000fa1       data     extern C:\MCC18\SRC\TRADIT~1\PROC\p18f4550.asm
                 PIR2bits   0x000fa1       data     extern C:\MCC18\SRC\TRADIT~1\PROC\p18f4550.asm
                   PLUSW0   0x000feb       data     extern C:\MCC18\SRC\TRADIT~1\PROC\p18f4550.asm
                   PLUSW1   0x000fe3       data     extern C:\MCC18\SRC\TRADIT~1\PROC\p18f4550.asm
                   PLUSW2   0x000fdb       data     extern C:\MCC18\SRC\TRADIT~1\PROC\p18f4550.asm
                    PORTA   0x000f80       data     extern C:\MCC18\SRC\TRADIT~1\PROC\p18f4550.asm
                PORTAbits   0x000f80       data     extern C:\MCC18\SRC\TRADIT~1\PROC\p18f4550.asm
                    PORTB   0x000f81       data     extern C:\MCC18\SRC\TRADIT~1\PROC\p18f4550.asm
                PORTBbits   0x000f81       data     extern C:\MCC18\SRC\TRADIT~1\PROC\p18f4550.asm
                    PORTC   0x000f82       data     extern C:\MCC18\SRC\TRADIT~1\PROC\p18f4550.asm
                PORTCbits   0x000f82       data     extern C:\MCC18\SRC\TRADIT~1\PROC\p18f4550.asm
                    PORTD   0x000f83       data     extern C:\MCC18\SRC\TRADIT~1\PROC\p18f4550.asm
                PORTDbits   0x000f83       data     extern C:\MCC18\SRC\TRADIT~1\PROC\p18f4550.asm
                    PORTE   0x000f84       data     extern C:\MCC18\SRC\TRADIT~1\PROC\p18f4550.asm
                PORTEbits   0x000f84       data     extern C:\MCC18\SRC\TRADIT~1\PROC\p18f4550.asm
                 POSTDEC0   0x000fed       data     extern C:\MCC18\SRC\TRADIT~1\PROC\p18f4550.asm
                 POSTDEC1   0x000fe5       data     extern C:\MCC18\SRC\TRADIT~1\PROC\p18f4550.asm
                 POSTDEC2   0x000fdd       data     extern C:\MCC18\SRC\TRADIT~1\PROC\p18f4550.asm
                 POSTINC0   0x000fee       data     extern C:\MCC18\SRC\TRADIT~1\PROC\p18f4550.asm
                 POSTINC1   0x000fe6       data     extern C:\MCC18\SRC\TRADIT~1\PROC\p18f4550.asm
                 POSTINC2   0x000fde       data     extern C:\MCC18\SRC\TRADIT~1\PROC\p18f4550.asm
                      PR2   0x000fcb       data     extern C:\MCC18\SRC\TRADIT~1\PROC\p18f4550.asm
                  PREINC0   0x000fec       data     extern C:\MCC18\SRC\TRADIT~1\PROC\p18f4550.asm
                  PREINC1   0x000fe4       data     extern C:\MCC18\SRC\TRADIT~1\PROC\p18f4550.asm
                  PREINC2   0x000fdc       data     extern C:\MCC18\SRC\TRADIT~1\PROC\p18f4550.asm
                     PROD   0x000ff3       data     extern C:\MCC18\SRC\TRADIT~1\PROC\p18f4550.asm
                    PRODH   0x000ff4       data     extern C:\MCC18\SRC\TRADIT~1\PROC\p18f4550.asm
                    PRODL   0x000ff3       data     extern C:\MCC18\SRC\TRADIT~1\PROC\p18f4550.asm
                     RCON   0x000fd0       data     extern C:\MCC18\SRC\TRADIT~1\PROC\p18f4550.asm
                 RCONbits   0x000fd0       data     extern C:\MCC18\SRC\TRADIT~1\PROC\p18f4550.asm
                    RCREG   0x000fae       data     extern C:\MCC18\SRC\TRADIT~1\PROC\p18f4550.asm
                    RCSTA   0x000fab       data     extern C:\MCC18\SRC\TRADIT~1\PROC\p18f4550.asm
                RCSTAbits   0x000fab       data     extern C:\MCC18\SRC\TRADIT~1\PROC\p18f4550.asm
                     SIGN   0x000016       data     extern C:\MCC18\SRC\TRADIT~1\MATH\cmath18.asm
                    SPBRG   0x000faf       data     extern C:\MCC18\SRC\TRADIT~1\PROC\p18f4550.asm
                   SPBRGH   0x000fb0       data     extern C:\MCC18\SRC\TRADIT~1\PROC\p18f4550.asm
                   SPPCFG   0x000f63       data     extern C:\MCC18\SRC\TRADIT~1\PROC\p18f4550.asm
               SPPCFGbits   0x000f63       data     extern C:\MCC18\SRC\TRADIT~1\PROC\p18f4550.asm
                   SPPCON   0x000f65       data     extern C:\MCC18\SRC\TRADIT~1\PROC\p18f4550.asm
               SPPCONbits   0x000f65       data     extern C:\MCC18\SRC\TRADIT~1\PROC\p18f4550.asm
                  SPPDATA   0x000f62       data     extern C:\MCC18\SRC\TRADIT~1\PROC\p18f4550.asm
                   SPPEPS   0x000f64       data     extern C:\MCC18\SRC\TRADIT~1\PROC\p18f4550.asm
               SPPEPSbits   0x000f64       data     extern C:\MCC18\SRC\TRADIT~1\PROC\p18f4550.asm
                   SSPADD   0x000fc8       data     extern C:\MCC18\SRC\TRADIT~1\PROC\p18f4550.asm
                   SSPBUF   0x000fc9       data     extern C:\MCC18\SRC\TRADIT~1\PROC\p18f4550.asm
                  SSPCON1   0x000fc6       data     extern C:\MCC18\SRC\TRADIT~1\PROC\p18f4550.asm
              SSPCON1bits   0x000fc6       data     extern C:\MCC18\SRC\TRADIT~1\PROC\p18f4550.asm
                  SSPCON2   0x000fc5       data     extern C:\MCC18\SRC\TRADIT~1\PROC\p18f4550.asm
              SSPCON2bits   0x000fc5       data     extern C:\MCC18\SRC\TRADIT~1\PROC\p18f4550.asm
                  SSPSTAT   0x000fc7       data     extern C:\MCC18\SRC\TRADIT~1\PROC\p18f4550.asm
              SSPSTATbits   0x000fc7       data     extern C:\MCC18\SRC\TRADIT~1\PROC\p18f4550.asm
                   STATUS   0x000fd8       data     extern C:\MCC18\SRC\TRADIT~1\PROC\p18f4550.asm
               STATUSbits   0x000fd8       data     extern C:\MCC18\SRC\TRADIT~1\PROC\p18f4550.asm
                   STKPTR   0x000ffc       data     extern C:\MCC18\SRC\TRADIT~1\PROC\p18f4550.asm
               STKPTRbits   0x000ffc       data     extern C:\MCC18\SRC\TRADIT~1\PROC\p18f4550.asm
          Sensor0PortApin   0x0001de       data     extern e:\iro_svn\opensprints\FW\user\user.c
          Sensor1PortApin   0x0001e0       data     extern e:\iro_svn\opensprints\FW\user\user.c
                 SetupPkt   0x000420       data     extern e:\iro_svn\opensprints\FW\system\usb\usbmmap.c
                    T0CON   0x000fd5       data     extern C:\MCC18\SRC\TRADIT~1\PROC\p18f4550.asm
                T0CONbits   0x000fd5       data     extern C:\MCC18\SRC\TRADIT~1\PROC\p18f4550.asm
                    T1CON   0x000fcd       data     extern C:\MCC18\SRC\TRADIT~1\PROC\p18f4550.asm
                T1CONbits   0x000fcd       data     extern C:\MCC18\SRC\TRADIT~1\PROC\p18f4550.asm
                    T2CON   0x000fca       data     extern C:\MCC18\SRC\TRADIT~1\PROC\p18f4550.asm
                T2CONbits   0x000fca       data     extern C:\MCC18\SRC\TRADIT~1\PROC\p18f4550.asm
                    T3CON   0x000fb1       data     extern C:\MCC18\SRC\TRADIT~1\PROC\p18f4550.asm
                T3CONbits   0x000fb1       data     extern C:\MCC18\SRC\TRADIT~1\PROC\p18f4550.asm
                   TABLAT   0x000ff5       data     extern C:\MCC18\SRC\TRADIT~1\PROC\p18f4550.asm
                   TBLPTR   0x000ff6       data     extern C:\MCC18\SRC\TRADIT~1\PROC\p18f4550.asm
                  TBLPTRH   0x000ff7       data     extern C:\MCC18\SRC\TRADIT~1\PROC\p18f4550.asm
                  TBLPTRL   0x000ff6       data     extern C:\MCC18\SRC\TRADIT~1\PROC\p18f4550.asm
                  TBLPTRU   0x000ff8       data     extern C:\MCC18\SRC\TRADIT~1\PROC\p18f4550.asm
                    TMR0H   0x000fd7       data     extern C:\MCC18\SRC\TRADIT~1\PROC\p18f4550.asm
                    TMR0L   0x000fd6       data     extern C:\MCC18\SRC\TRADIT~1\PROC\p18f4550.asm
                    TMR1H   0x000fcf       data     extern C:\MCC18\SRC\TRADIT~1\PROC\p18f4550.asm
                    TMR1L   0x000fce       data     extern C:\MCC18\SRC\TRADIT~1\PROC\p18f4550.asm
                     TMR2   0x000fcc       data     extern C:\MCC18\SRC\TRADIT~1\PROC\p18f4550.asm
                    TMR3H   0x000fb3       data     extern C:\MCC18\SRC\TRADIT~1\PROC\p18f4550.asm
                    TMR3L   0x000fb2       data     extern C:\MCC18\SRC\TRADIT~1\PROC\p18f4550.asm
                      TOS   0x000ffd       data     extern C:\MCC18\SRC\TRADIT~1\PROC\p18f4550.asm
                     TOSH   0x000ffe       data     extern C:\MCC18\SRC\TRADIT~1\PROC\p18f4550.asm
                     TOSL   0x000ffd       data     extern C:\MCC18\SRC\TRADIT~1\PROC\p18f4550.asm
                     TOSU   0x000fff       data     extern C:\MCC18\SRC\TRADIT~1\PROC\p18f4550.asm
                    TRISA   0x000f92       data     extern C:\MCC18\SRC\TRADIT~1\PROC\p18f4550.asm
                TRISAbits   0x000f92       data     extern C:\MCC18\SRC\TRADIT~1\PROC\p18f4550.asm
                    TRISB   0x000f93       data     extern C:\MCC18\SRC\TRADIT~1\PROC\p18f4550.asm
                TRISBbits   0x000f93       data     extern C:\MCC18\SRC\TRADIT~1\PROC\p18f4550.asm
                    TRISC   0x000f94       data     extern C:\MCC18\SRC\TRADIT~1\PROC\p18f4550.asm
                TRISCbits   0x000f94       data     extern C:\MCC18\SRC\TRADIT~1\PROC\p18f4550.asm
                    TRISD   0x000f95       data     extern C:\MCC18\SRC\TRADIT~1\PROC\p18f4550.asm
                TRISDbits   0x000f95       data     extern C:\MCC18\SRC\TRADIT~1\PROC\p18f4550.asm
                    TRISE   0x000f96       data     extern C:\MCC18\SRC\TRADIT~1\PROC\p18f4550.asm
                TRISEbits   0x000f96       data     extern C:\MCC18\SRC\TRADIT~1\PROC\p18f4550.asm
                    TXREG   0x000fad       data     extern C:\MCC18\SRC\TRADIT~1\PROC\p18f4550.asm
                    TXSTA   0x000fac       data     extern C:\MCC18\SRC\TRADIT~1\PROC\p18f4550.asm
                TXSTAbits   0x000fac       data     extern C:\MCC18\SRC\TRADIT~1\PROC\p18f4550.asm
                    UADDR   0x000f6e       data     extern C:\MCC18\SRC\TRADIT~1\PROC\p18f4550.asm
                UADDRbits   0x000f6e       data     extern C:\MCC18\SRC\TRADIT~1\PROC\p18f4550.asm
                     UCFG   0x000f6f       data     extern C:\MCC18\SRC\TRADIT~1\PROC\p18f4550.asm
                 UCFGbits   0x000f6f       data     extern C:\MCC18\SRC\TRADIT~1\PROC\p18f4550.asm
                     UCON   0x000f6d       data     extern C:\MCC18\SRC\TRADIT~1\PROC\p18f4550.asm
                 UCONbits   0x000f6d       data     extern C:\MCC18\SRC\TRADIT~1\PROC\p18f4550.asm
                     UEIE   0x000f6b       data     extern C:\MCC18\SRC\TRADIT~1\PROC\p18f4550.asm
                 UEIEbits   0x000f6b       data     extern C:\MCC18\SRC\TRADIT~1\PROC\p18f4550.asm
                     UEIR   0x000f6a       data     extern C:\MCC18\SRC\TRADIT~1\PROC\p18f4550.asm
                 UEIRbits   0x000f6a       data     extern C:\MCC18\SRC\TRADIT~1\PROC\p18f4550.asm
                     UEP0   0x000f70       data     extern C:\MCC18\SRC\TRADIT~1\PROC\p18f4550.asm
                 UEP0bits   0x000f70       data     extern C:\MCC18\SRC\TRADIT~1\PROC\p18f4550.asm
                     UEP1   0x000f71       data     extern C:\MCC18\SRC\TRADIT~1\PROC\p18f4550.asm
                    UEP10   0x000f7a       data     extern C:\MCC18\SRC\TRADIT~1\PROC\p18f4550.asm
                UEP10bits   0x000f7a       data     extern C:\MCC18\SRC\TRADIT~1\PROC\p18f4550.asm
                    UEP11   0x000f7b       data     extern C:\MCC18\SRC\TRADIT~1\PROC\p18f4550.asm
                UEP11bits   0x000f7b       data     extern C:\MCC18\SRC\TRADIT~1\PROC\p18f4550.asm
                    UEP12   0x000f7c       data     extern C:\MCC18\SRC\TRADIT~1\PROC\p18f4550.asm
                UEP12bits   0x000f7c       data     extern C:\MCC18\SRC\TRADIT~1\PROC\p18f4550.asm
                    UEP13   0x000f7d       data     extern C:\MCC18\SRC\TRADIT~1\PROC\p18f4550.asm
                UEP13bits   0x000f7d       data     extern C:\MCC18\SRC\TRADIT~1\PROC\p18f4550.asm
                    UEP14   0x000f7e       data     extern C:\MCC18\SRC\TRADIT~1\PROC\p18f4550.asm
                UEP14bits   0x000f7e       data     extern C:\MCC18\SRC\TRADIT~1\PROC\p18f4550.asm
                    UEP15   0x000f7f       data     extern C:\MCC18\SRC\TRADIT~1\PROC\p18f4550.asm
                UEP15bits   0x000f7f       data     extern C:\MCC18\SRC\TRADIT~1\PROC\p18f4550.asm
                 UEP1bits   0x000f71       data     extern C:\MCC18\SRC\TRADIT~1\PROC\p18f4550.asm
                     UEP2   0x000f72       data     extern C:\MCC18\SRC\TRADIT~1\PROC\p18f4550.asm
                 UEP2bits   0x000f72       data     extern C:\MCC18\SRC\TRADIT~1\PROC\p18f4550.asm
                     UEP3   0x000f73       data     extern C:\MCC18\SRC\TRADIT~1\PROC\p18f4550.asm
                 UEP3bits   0x000f73       data     extern C:\MCC18\SRC\TRADIT~1\PROC\p18f4550.asm
                     UEP4   0x000f74       data     extern C:\MCC18\SRC\TRADIT~1\PROC\p18f4550.asm
                 UEP4bits   0x000f74       data     extern C:\MCC18\SRC\TRADIT~1\PROC\p18f4550.asm
                     UEP5   0x000f75       data     extern C:\MCC18\SRC\TRADIT~1\PROC\p18f4550.asm
                 UEP5bits   0x000f75       data     extern C:\MCC18\SRC\TRADIT~1\PROC\p18f4550.asm
                     UEP6   0x000f76       data     extern C:\MCC18\SRC\TRADIT~1\PROC\p18f4550.asm
                 UEP6bits   0x000f76       data     extern C:\MCC18\SRC\TRADIT~1\PROC\p18f4550.asm
                     UEP7   0x000f77       data     extern C:\MCC18\SRC\TRADIT~1\PROC\p18f4550.asm
                 UEP7bits   0x000f77       data     extern C:\MCC18\SRC\TRADIT~1\PROC\p18f4550.asm
                     UEP8   0x000f78       data     extern C:\MCC18\SRC\TRADIT~1\PROC\p18f4550.asm
                 UEP8bits   0x000f78       data     extern C:\MCC18\SRC\TRADIT~1\PROC\p18f4550.asm
                     UEP9   0x000f79       data     extern C:\MCC18\SRC\TRADIT~1\PROC\p18f4550.asm
                 UEP9bits   0x000f79       data     extern C:\MCC18\SRC\TRADIT~1\PROC\p18f4550.asm
                     UFRM   0x000f66       data     extern C:\MCC18\SRC\TRADIT~1\PROC\p18f4550.asm
                    UFRMH   0x000f67       data     extern C:\MCC18\SRC\TRADIT~1\PROC\p18f4550.asm
                UFRMHbits   0x000f67       data     extern C:\MCC18\SRC\TRADIT~1\PROC\p18f4550.asm
                    UFRML   0x000f66       data     extern C:\MCC18\SRC\TRADIT~1\PROC\p18f4550.asm
                UFRMLbits   0x000f66       data     extern C:\MCC18\SRC\TRADIT~1\PROC\p18f4550.asm
                      UIE   0x000f69       data     extern C:\MCC18\SRC\TRADIT~1\PROC\p18f4550.asm
                  UIEbits   0x000f69       data     extern C:\MCC18\SRC\TRADIT~1\PROC\p18f4550.asm
                      UIR   0x000f68       data     extern C:\MCC18\SRC\TRADIT~1\PROC\p18f4550.asm
                  UIRbits   0x000f68       data     extern C:\MCC18\SRC\TRADIT~1\PROC\p18f4550.asm
                    USTAT   0x000f6c       data     extern C:\MCC18\SRC\TRADIT~1\PROC\p18f4550.asm
                USTATbits   0x000f6c       data     extern C:\MCC18\SRC\TRADIT~1\PROC\p18f4550.asm
                   WDTCON   0x000fd1       data     extern C:\MCC18\SRC\TRADIT~1\PROC\p18f4550.asm
               WDTCONbits   0x000fd1       data     extern C:\MCC18\SRC\TRADIT~1\PROC\p18f4550.asm
                     WREG   0x000fe8       data     extern C:\MCC18\SRC\TRADIT~1\PROC\p18f4550.asm
                 __AARGB0   0x00001f       data     extern C:\MCC18\SRC\TRADIT~1\MATH\aarg.asm
                 __AARGB1   0x00001e       data     extern C:\MCC18\SRC\TRADIT~1\MATH\aarg.asm
                 __AARGB2   0x00001d       data     extern C:\MCC18\SRC\TRADIT~1\MATH\aarg.asm
                 __AARGB3   0x00001c       data     extern C:\MCC18\SRC\TRADIT~1\MATH\aarg.asm
                 __AARGB4   0x00001b       data     extern C:\MCC18\SRC\TRADIT~1\MATH\aarg.asm
                 __AARGB5   0x00001a       data     extern C:\MCC18\SRC\TRADIT~1\MATH\aarg.asm
                 __AARGB6   0x000019       data     extern C:\MCC18\SRC\TRADIT~1\MATH\aarg.asm
                 __AARGB7   0x000018       data     extern C:\MCC18\SRC\TRADIT~1\MATH\aarg.asm
                   __AEXP   0x000020       data     extern C:\MCC18\SRC\TRADIT~1\MATH\aarg.asm
                 __BARGB0   0x000024       data     extern C:\MCC18\SRC\TRADIT~1\MATH\barg.asm
                 __BARGB1   0x000023       data     extern C:\MCC18\SRC\TRADIT~1\MATH\barg.asm
                 __BARGB2   0x000022       data     extern C:\MCC18\SRC\TRADIT~1\MATH\barg.asm
                 __BARGB3   0x000021       data     extern C:\MCC18\SRC\TRADIT~1\MATH\barg.asm
                   __BEXP   0x000025       data     extern C:\MCC18\SRC\TRADIT~1\MATH\barg.asm
                __FPFLAGS   0x000017       data     extern C:\MCC18\SRC\TRADIT~1\MATH\cmath18.asm
            __FPFLAGSbits   0x000017       data     extern C:\MCC18\SRC\TRADIT~1\MATH\cmath18.asm
                  __REMB0   0x00001b       data     extern C:\MCC18\SRC\TRADIT~1\MATH\aarg.asm
                  __REMB1   0x00001a       data     extern C:\MCC18\SRC\TRADIT~1\MATH\aarg.asm
                  __REMB2   0x000019       data     extern C:\MCC18\SRC\TRADIT~1\MATH\aarg.asm
                  __REMB3   0x000018       data     extern C:\MCC18\SRC\TRADIT~1\MATH\aarg.asm
                   __TEMP   0x000029       data     extern C:\MCC18\SRC\TRADIT~1\MATH\temparg.asm
                 __TEMPB0   0x000029       data     extern C:\MCC18\SRC\TRADIT~1\MATH\temparg.asm
                 __TEMPB1   0x000028       data     extern C:\MCC18\SRC\TRADIT~1\MATH\temparg.asm
                 __TEMPB2   0x000027       data     extern C:\MCC18\SRC\TRADIT~1\MATH\temparg.asm
                 __TEMPB3   0x000026       data     extern C:\MCC18\SRC\TRADIT~1\MATH\temparg.asm
                  __tmp_0   0x00002a       data     static C:\MCC18\src\TRADIT~1\stdclib\printf.c
                  __tmp_0   0x00002a       data     static C:\MCC18\src\TRADIT~1\stdclib\vfprintf.c
                  __tmp_0   0x00002a       data     static C:\MCC18\src\TRADIT~1\stdclib\putc.c
                  __tmp_0   0x00002a       data     static e:\iro_svn\opensprints\FW\system\usb\class\cdc\cdc.c
                  __tmp_0   0x00002a       data     static e:\iro_svn\opensprints\FW\system\usb\usbctrltrf\usbctrltrf.c
                  __tmp_0   0x00002a       data     static e:\iro_svn\opensprints\FW\system\usb\usb9\usb9.c
                  __tmp_0   0x00002a       data     static e:\iro_svn\opensprints\FW\user\user.c
                  __tmp_1   0x000038       data     static e:\iro_svn\opensprints\FW\user\user.c
              cdc_data_rx   0x000508       data     extern e:\iro_svn\opensprints\FW\system\usb\usbmmap.c
              cdc_data_tx   0x000548       data     extern e:\iro_svn\opensprints\FW\system\usb\usbmmap.c
             cdc_mem_type   0x0001bd       data     extern e:\iro_svn\opensprints\FW\system\usb\class\cdc\cdc.c
               cdc_notice   0x000500       data     extern e:\iro_svn\opensprints\FW\system\usb\usbmmap.c
               cdc_rx_len   0x0001b6       data     extern e:\iro_svn\opensprints\FW\system\usb\class\cdc\cdc.c
            cdc_trf_state   0x0001b7       data     extern e:\iro_svn\opensprints\FW\system\usb\class\cdc\cdc.c
               cdc_tx_len   0x0001bc       data     extern e:\iro_svn\opensprints\FW\system\usb\class\cdc\cdc.c
    control_signal_bitmap   0x0001c5       data     extern e:\iro_svn\opensprints\FW\system\usb\class\cdc\cdc.c
   ctrl_trf_session_owner   0x0001e3       data     extern e:\iro_svn\opensprints\FW\system\usb\usbctrltrf\usbctrltrf.c
           ctrl_trf_state   0x0001e2       data     extern e:\iro_svn\opensprints\FW\system\usb\usbctrltrf\usbctrltrf.c
                curr_byte   0x0001d1       data     static C:\MCC18\src\traditional\startup\c018iBL.c
               curr_entry   0x0001d3       data     static C:\MCC18\src\traditional\startup\c018iBL.c
      currentValueSensor0   0x0001ac       data     extern e:\iro_svn\opensprints\FW\user\user.c
      currentValueSensor1   0x0001ae       data     extern e:\iro_svn\opensprints\FW\user\user.c
                 data_ptr   0x0001d5       data     static C:\MCC18\src\traditional\startup\c018iBL.c
              delay_count   0x0001ee       data     static e:\iro_svn\opensprints\FW\system\usb\usbdrv\usbdrv.c
dummy_encapsulated_cmd_response   0x0001c6       data     extern e:\iro_svn\opensprints\FW\system\usb\class\cdc\cdc.c
                    ep0Bi   0x000404       data     extern e:\iro_svn\opensprints\FW\system\usb\usbmmap.c
                    ep0Bo   0x000400       data     extern e:\iro_svn\opensprints\FW\system\usb\usbmmap.c
                    ep1Bi   0x00040c       data     extern e:\iro_svn\opensprints\FW\system\usb\usbmmap.c
                    ep1Bo   0x000408       data     extern e:\iro_svn\opensprints\FW\system\usb\usbmmap.c
                    ep2Bi   0x000414       data     extern e:\iro_svn\opensprints\FW\system\usb\usbmmap.c
                    ep2Bo   0x000410       data     extern e:\iro_svn\opensprints\FW\system\usb\usbmmap.c
                    ep3Bi   0x00041c       data     extern e:\iro_svn\opensprints\FW\system\usb\usbmmap.c
                    ep3Bo   0x000418       data     extern e:\iro_svn\opensprints\FW\system\usb\usbmmap.c
               error_byte   0x00000d       data     extern e:\iro_svn\opensprints\FW\user\user.c
                g_BO_init   0x000199       data     extern e:\iro_svn\opensprints\FW\user\user.c
        g_BO_strobe_delay   0x00019d       data     extern e:\iro_svn\opensprints\FW\user\user.c
         g_BO_strobe_mask   0x00019a       data     extern e:\iro_svn\opensprints\FW\user\user.c
          g_BO_wait_delay   0x00019c       data     extern e:\iro_svn\opensprints\FW\user\user.c
           g_BO_wait_mask   0x00019b       data     extern e:\iro_svn\opensprints\FW\user\user.c
            g_RC_next_ptr   0x00000f       data     extern e:\iro_svn\opensprints\FW\user\user.c
          g_RC_primed_ptr   0x00000e       data     extern e:\iro_svn\opensprints\FW\user\user.c
               g_RC_state   0x000151       data     extern e:\iro_svn\opensprints\FW\user\user.c
          g_RC_timing_ptr   0x000010       data     extern e:\iro_svn\opensprints\FW\user\user.c
               g_RC_value   0x000169       data     extern e:\iro_svn\opensprints\FW\user\user.c
                 g_RX_buf   0x000240       data     extern e:\iro_svn\opensprints\FW\user\user.c
              g_RX_buf_in   0x0001a0       data     extern e:\iro_svn\opensprints\FW\user\user.c
             g_RX_buf_out   0x0001a1       data     extern e:\iro_svn\opensprints\FW\user\user.c
                 g_TX_buf   0x000200       data     extern e:\iro_svn\opensprints\FW\user\user.c
              g_TX_buf_in   0x00019e       data     extern e:\iro_svn\opensprints\FW\user\user.c
             g_TX_buf_out   0x00019f       data     extern e:\iro_svn\opensprints\FW\user\user.c
           g_USART_RX_buf   0x000280       data     extern e:\iro_svn\opensprints\FW\user\user.c
        g_USART_RX_buf_in   0x0001a2       data     extern e:\iro_svn\opensprints\FW\user\user.c
       g_USART_RX_buf_out   0x0001a3       data     extern e:\iro_svn\opensprints\FW\user\user.c
           g_USART_TX_buf   0x0002c0       data     extern e:\iro_svn\opensprints\FW\user\user.c
        g_USART_TX_buf_in   0x0001a4       data     extern e:\iro_svn\opensprints\FW\user\user.c
       g_USART_TX_buf_out   0x0001a5       data     extern e:\iro_svn\opensprints\FW\user\user.c
             g_ack_enable   0x0001a6       data     extern e:\iro_svn\opensprints\FW\user\user.c
                 gameTime   0x0001b4       data     extern e:\iro_svn\opensprints\FW\user\user.c
                    in_cr   0x0001d9       data     static e:\iro_svn\opensprints\FW\user\user.c
                is_racing   0x0001d8       data     extern e:\iro_svn\opensprints\FW\user\user.c
                justBegun   0x0001dd       data     extern e:\iro_svn\opensprints\FW\user\user.c
           last_fifo_size   0x0001a7       data     static e:\iro_svn\opensprints\FW\user\user.c
              line_coding   0x0001be       data     extern e:\iro_svn\opensprints\FW\system\usb\class\cdc\cdc.c
                  pCDCDst   0x0001ba       data     extern e:\iro_svn\opensprints\FW\system\usb\class\cdc\cdc.c
                  pCDCSrc   0x0001b8       data     extern e:\iro_svn\opensprints\FW\system\usb\class\cdc\cdc.c
                     pDst   0x0001e6       data     extern e:\iro_svn\opensprints\FW\system\usb\usbctrltrf\usbctrltrf.c
                     pSrc   0x0001e4       data     extern e:\iro_svn\opensprints\FW\system\usb\usbctrltrf\usbctrltrf.c
         prevValueSensor0   0x0001a8       data     extern e:\iro_svn\opensprints\FW\user\user.c
         prevValueSensor1   0x0001aa       data     extern e:\iro_svn\opensprints\FW\user\user.c
                     prom   0x0001ce       data     static C:\MCC18\src\traditional\startup\c018iBL.c
            riderOneTicks   0x0001b0       data     extern e:\iro_svn\opensprints\FW\user\user.c
            riderTwoTicks   0x0001b2       data     extern e:\iro_svn\opensprints\FW\user\user.c
                   stdout   0x0001f0       data     extern C:\MCC18\src\TRADIT~1\stdclib\stdout.c
     time_between_updates   0x000000       data     extern e:\iro_svn\opensprints\FW\user\user.c
           usb_active_cfg   0x0001ec       data     extern e:\iro_svn\opensprints\FW\system\usb\usbmmap.c
             usb_alt_intf   0x0001ed       data     extern e:\iro_svn\opensprints\FW\system\usb\usbmmap.c
         usb_device_state   0x0001ea       data     extern e:\iro_svn\opensprints\FW\system\usb\usbmmap.c
                 usb_stat   0x0001eb       data     extern e:\iro_svn\opensprints\FW\system\usb\usbmmap.c
                   wCount   0x0001e8       data     extern e:\iro_svn\opensprints\FW\system\usb\usbctrltrf\usbctrltrf.c



                              Symbols - Sorted by Address
                     Name    Address   Location    Storage File                     
                ---------  ---------  ---------  --------- ---------                
                   _entry   0x000800    program     extern C:\MCC18\src\traditional\startup\c018iBL.c
       ___return_lbl00000   0x000804    program     static                          
              high_vector   0x000808    program     extern e:\iro_svn\opensprints\FW\main.c
       ___return_lbl00000   0x00080c    program     static                          
               low_vector   0x000818    program     extern e:\iro_svn\opensprints\FW\main.c
       ___return_lbl00001   0x00081c    program     static                          
                  low_ISR   0x000844    program     extern e:\iro_svn\opensprints\FW\user\user.c
                 high_ISR   0x000b76    program     extern e:\iro_svn\opensprints\FW\user\user.c
                 UserInit   0x000b88    program     extern e:\iro_svn\opensprints\FW\user\user.c
                ProcessIO   0x000d26    program     extern e:\iro_svn\opensprints\FW\user\user.c
               _user_putc   0x000f70    program     extern e:\iro_svn\opensprints\FW\user\user.c
   check_and_send_TX_data   0x000fc6    program     extern e:\iro_svn\opensprints\FW\user\user.c
             parse_packet   0x00105c    program     extern e:\iro_svn\opensprints\FW\user\user.c
                print_ack   0x0013e8    program     extern e:\iro_svn\opensprints\FW\user\user.c
           parse_R_packet   0x001410    program     extern e:\iro_svn\opensprints\FW\user\user.c
          parse_CU_packet   0x001418    program     extern e:\iro_svn\opensprints\FW\user\user.c
           parse_T_packet   0x001498    program     extern e:\iro_svn\opensprints\FW\user\user.c
           parse_C_packet   0x00151a    program     extern e:\iro_svn\opensprints\FW\user\user.c
           parse_O_packet   0x001600    program     extern e:\iro_svn\opensprints\FW\user\user.c
           parse_I_packet   0x001692    program     extern e:\iro_svn\opensprints\FW\user\user.c
           parse_V_packet   0x0016d4    program     extern e:\iro_svn\opensprints\FW\user\user.c
           parse_A_packet   0x0016f6    program     extern e:\iro_svn\opensprints\FW\user\user.c
          parse_MW_packet   0x0017b8    program     extern e:\iro_svn\opensprints\FW\user\user.c
          parse_MR_packet   0x001822    program     extern e:\iro_svn\opensprints\FW\user\user.c
          parse_PD_packet   0x0018a4    program     extern e:\iro_svn\opensprints\FW\user\user.c
          parse_PI_packet   0x001a60    program     extern e:\iro_svn\opensprints\FW\user\user.c
          parse_PO_packet   0x001bb4    program     extern e:\iro_svn\opensprints\FW\user\user.c
          parse_TX_packet   0x001d6c    program     extern e:\iro_svn\opensprints\FW\user\user.c
          parse_RX_packet   0x001d72    program     extern e:\iro_svn\opensprints\FW\user\user.c
          parse_CX_packet   0x001d78    program     extern e:\iro_svn\opensprints\FW\user\user.c
          parse_RC_packet   0x001d7e    program     extern e:\iro_svn\opensprints\FW\user\user.c
          parse_BC_packet   0x001ec8    program     extern e:\iro_svn\opensprints\FW\user\user.c
          parse_BO_packet   0x001f56    program     extern e:\iro_svn\opensprints\FW\user\user.c
           ___if_lbl00242   0x001fb4    program     static                          
           ___if_lbl00243   0x001fc4    program     static                          
        ___while_lbl00244   0x001fe0    program     static                          
              __tmplbl_45   0x002028    program     static                          
              __tmplbl_44   0x002030    program     static                          
         ___else_lbl00251   0x002046    program     static                          
              __tmplbl_47   0x002056    program     static                          
              __tmplbl_46   0x00205e    program     static                          
         ___else_lbl00249   0x002074    program     static                          
           ___if_lbl00250   0x002078    program     static                          
           ___if_lbl00248   0x002078    program     static                          
           ___if_lbl00252   0x002090    program     static                          
           ___if_lbl00253   0x0020ac    program     static                          
              __tmplbl_49   0x0020de    program     static                          
              __tmplbl_48   0x0020e6    program     static                          
         ___else_lbl00259   0x0020fc    program     static                          
              __tmplbl_51   0x00210c    program     static                          
              __tmplbl_50   0x002114    program     static                          
         ___else_lbl00257   0x00212a    program     static                          
           ___if_lbl00258   0x00212e    program     static                          
           ___if_lbl00256   0x00212e    program     static                          
           ___if_lbl00260   0x002146    program     static                          
           ___if_lbl00261   0x002160    program     static                          
        ___while_lbl00262   0x002170    program     static                          
              __tmplbl_53   0x002184    program     static                          
              __tmplbl_52   0x00218a    program     static                          
        ___while_lbl00263   0x00219a    program     static                          
        ___while_lbl00265   0x0021a0    program     static                          
              __tmplbl_55   0x0021b4    program     static                          
              __tmplbl_54   0x0021ba    program     static                          
        ___while_lbl00266   0x0021ca    program     static                          
           ___if_lbl00268   0x0021ca    program     static                          
        ___while_lbl00245   0x0021cc    program     static                          
       ___return_lbl00241   0x0021d0    program     static                          
          parse_BS_packet   0x0021e4    program     extern e:\iro_svn\opensprints\FW\user\user.c
              __tmplbl_57   0x00220c    program     static                          
              __tmplbl_56   0x002214    program     static                          
           ___if_lbl00271   0x002218    program     static                          
           ___if_lbl00272   0x002266    program     static                          
           ___if_lbl00273   0x002276    program     static                          
        ___while_lbl00274   0x002292    program     static                          
           ___if_lbl00276   0x0022ba    program     static                          
           ___if_lbl00277   0x0022d8    program     static                          
        ___while_lbl00278   0x0022e8    program     static                          
              __tmplbl_59   0x0022fc    program     static                          
              __tmplbl_58   0x002302    program     static                          
        ___while_lbl00279   0x002312    program     static                          
        ___while_lbl00281   0x002318    program     static                          
              __tmplbl_61   0x00232c    program     static                          
              __tmplbl_60   0x002332    program     static                          
        ___while_lbl00282   0x002342    program     static                          
           ___if_lbl00284   0x002342    program     static                          
        ___while_lbl00275   0x002344    program     static                          
       ___return_lbl00269   0x002348    program     static                          
          parse_SS_packet   0x00235c    program     extern e:\iro_svn\opensprints\FW\user\user.c
          parse_RS_packet   0x002362    program     extern e:\iro_svn\opensprints\FW\user\user.c
[...]
                UEP10bits   0x000f7a       data     extern C:\MCC18\SRC\TRADIT~1\PROC\p18f4550.asm
                    UEP11   0x000f7b       data     extern C:\MCC18\SRC\TRADIT~1\PROC\p18f4550.asm
                UEP11bits   0x000f7b       data     extern C:\MCC18\SRC\TRADIT~1\PROC\p18f4550.asm
                    UEP12   0x000f7c       data     extern C:\MCC18\SRC\TRADIT~1\PROC\p18f4550.asm
                UEP12bits   0x000f7c       data     extern C:\MCC18\SRC\TRADIT~1\PROC\p18f4550.asm
                UEP13bits   0x000f7d       data     extern C:\MCC18\SRC\TRADIT~1\PROC\p18f4550.asm
                    UEP13   0x000f7d       data     extern C:\MCC18\SRC\TRADIT~1\PROC\p18f4550.asm
                    UEP14   0x000f7e       data     extern C:\MCC18\SRC\TRADIT~1\PROC\p18f4550.asm
                UEP14bits   0x000f7e       data     extern C:\MCC18\SRC\TRADIT~1\PROC\p18f4550.asm
                    UEP15   0x000f7f       data     extern C:\MCC18\SRC\TRADIT~1\PROC\p18f4550.asm
                UEP15bits   0x000f7f       data     extern C:\MCC18\SRC\TRADIT~1\PROC\p18f4550.asm
                PORTAbits   0x000f80       data     extern C:\MCC18\SRC\TRADIT~1\PROC\p18f4550.asm
                    PORTA   0x000f80       data     extern C:\MCC18\SRC\TRADIT~1\PROC\p18f4550.asm
                PORTBbits   0x000f81       data     extern C:\MCC18\SRC\TRADIT~1\PROC\p18f4550.asm
                    PORTB   0x000f81       data     extern C:\MCC18\SRC\TRADIT~1\PROC\p18f4550.asm
                    PORTC   0x000f82       data     extern C:\MCC18\SRC\TRADIT~1\PROC\p18f4550.asm
                PORTCbits   0x000f82       data     extern C:\MCC18\SRC\TRADIT~1\PROC\p18f4550.asm
                    PORTD   0x000f83       data     extern C:\MCC18\SRC\TRADIT~1\PROC\p18f4550.asm
                PORTDbits   0x000f83       data     extern C:\MCC18\SRC\TRADIT~1\PROC\p18f4550.asm
                PORTEbits   0x000f84       data     extern C:\MCC18\SRC\TRADIT~1\PROC\p18f4550.asm
                    PORTE   0x000f84       data     extern C:\MCC18\SRC\TRADIT~1\PROC\p18f4550.asm
                 LATAbits   0x000f89       data     extern C:\MCC18\SRC\TRADIT~1\PROC\p18f4550.asm
                     LATA   0x000f89       data     extern C:\MCC18\SRC\TRADIT~1\PROC\p18f4550.asm
                     LATB   0x000f8a       data     extern C:\MCC18\SRC\TRADIT~1\PROC\p18f4550.asm
                 LATBbits   0x000f8a       data     extern C:\MCC18\SRC\TRADIT~1\PROC\p18f4550.asm
                     LATC   0x000f8b       data     extern C:\MCC18\SRC\TRADIT~1\PROC\p18f4550.asm
                 LATCbits   0x000f8b       data     extern C:\MCC18\SRC\TRADIT~1\PROC\p18f4550.asm
                     LATD   0x000f8c       data     extern C:\MCC18\SRC\TRADIT~1\PROC\p18f4550.asm
                 LATDbits   0x000f8c       data     extern C:\MCC18\SRC\TRADIT~1\PROC\p18f4550.asm
                 LATEbits   0x000f8d       data     extern C:\MCC18\SRC\TRADIT~1\PROC\p18f4550.asm
                     LATE   0x000f8d       data     extern C:\MCC18\SRC\TRADIT~1\PROC\p18f4550.asm
                 DDRAbits   0x000f92       data     extern C:\MCC18\SRC\TRADIT~1\PROC\p18f4550.asm
                     DDRA   0x000f92       data     extern C:\MCC18\SRC\TRADIT~1\PROC\p18f4550.asm
                    TRISA   0x000f92       data     extern C:\MCC18\SRC\TRADIT~1\PROC\p18f4550.asm
                TRISAbits   0x000f92       data     extern C:\MCC18\SRC\TRADIT~1\PROC\p18f4550.asm
                 DDRBbits   0x000f93       data     extern C:\MCC18\SRC\TRADIT~1\PROC\p18f4550.asm
                     DDRB   0x000f93       data     extern C:\MCC18\SRC\TRADIT~1\PROC\p18f4550.asm
                    TRISB   0x000f93       data     extern C:\MCC18\SRC\TRADIT~1\PROC\p18f4550.asm
                TRISBbits   0x000f93       data     extern C:\MCC18\SRC\TRADIT~1\PROC\p18f4550.asm
                    TRISC   0x000f94       data     extern C:\MCC18\SRC\TRADIT~1\PROC\p18f4550.asm
                 DDRCbits   0x000f94       data     extern C:\MCC18\SRC\TRADIT~1\PROC\p18f4550.asm
                     DDRC   0x000f94       data     extern C:\MCC18\SRC\TRADIT~1\PROC\p18f4550.asm
                TRISCbits   0x000f94       data     extern C:\MCC18\SRC\TRADIT~1\PROC\p18f4550.asm
                 DDRDbits   0x000f95       data     extern C:\MCC18\SRC\TRADIT~1\PROC\p18f4550.asm
                     DDRD   0x000f95       data     extern C:\MCC18\SRC\TRADIT~1\PROC\p18f4550.asm
                    TRISD   0x000f95       data     extern C:\MCC18\SRC\TRADIT~1\PROC\p18f4550.asm
                TRISDbits   0x000f95       data     extern C:\MCC18\SRC\TRADIT~1\PROC\p18f4550.asm
                 DDREbits   0x000f96       data     extern C:\MCC18\SRC\TRADIT~1\PROC\p18f4550.asm
                     DDRE   0x000f96       data     extern C:\MCC18\SRC\TRADIT~1\PROC\p18f4550.asm
                    TRISE   0x000f96       data     extern C:\MCC18\SRC\TRADIT~1\PROC\p18f4550.asm
                TRISEbits   0x000f96       data     extern C:\MCC18\SRC\TRADIT~1\PROC\p18f4550.asm
              OSCTUNEbits   0x000f9b       data     extern C:\MCC18\SRC\TRADIT~1\PROC\p18f4550.asm
                  OSCTUNE   0x000f9b       data     extern C:\MCC18\SRC\TRADIT~1\PROC\p18f4550.asm
                 PIE1bits   0x000f9d       data     extern C:\MCC18\SRC\TRADIT~1\PROC\p18f4550.asm
                     PIE1   0x000f9d       data     extern C:\MCC18\SRC\TRADIT~1\PROC\p18f4550.asm
                     PIR1   0x000f9e       data     extern C:\MCC18\SRC\TRADIT~1\PROC\p18f4550.asm
                 PIR1bits   0x000f9e       data     extern C:\MCC18\SRC\TRADIT~1\PROC\p18f4550.asm
                 IPR1bits   0x000f9f       data     extern C:\MCC18\SRC\TRADIT~1\PROC\p18f4550.asm
                     IPR1   0x000f9f       data     extern C:\MCC18\SRC\TRADIT~1\PROC\p18f4550.asm
                 PIE2bits   0x000fa0       data     extern C:\MCC18\SRC\TRADIT~1\PROC\p18f4550.asm
                     PIE2   0x000fa0       data     extern C:\MCC18\SRC\TRADIT~1\PROC\p18f4550.asm
                     PIR2   0x000fa1       data     extern C:\MCC18\SRC\TRADIT~1\PROC\p18f4550.asm
                 PIR2bits   0x000fa1       data     extern C:\MCC18\SRC\TRADIT~1\PROC\p18f4550.asm
                     IPR2   0x000fa2       data     extern C:\MCC18\SRC\TRADIT~1\PROC\p18f4550.asm
                 IPR2bits   0x000fa2       data     extern C:\MCC18\SRC\TRADIT~1\PROC\p18f4550.asm
               EECON1bits   0x000fa6       data     extern C:\MCC18\SRC\TRADIT~1\PROC\p18f4550.asm
                   EECON1   0x000fa6       data     extern C:\MCC18\SRC\TRADIT~1\PROC\p18f4550.asm
                   EECON2   0x000fa7       data     extern C:\MCC18\SRC\TRADIT~1\PROC\p18f4550.asm
                   EEDATA   0x000fa8       data     extern C:\MCC18\SRC\TRADIT~1\PROC\p18f4550.asm
                    EEADR   0x000fa9       data     extern C:\MCC18\SRC\TRADIT~1\PROC\p18f4550.asm
                RCSTAbits   0x000fab       data     extern C:\MCC18\SRC\TRADIT~1\PROC\p18f4550.asm
                    RCSTA   0x000fab       data     extern C:\MCC18\SRC\TRADIT~1\PROC\p18f4550.asm
                TXSTAbits   0x000fac       data     extern C:\MCC18\SRC\TRADIT~1\PROC\p18f4550.asm
                    TXSTA   0x000fac       data     extern C:\MCC18\SRC\TRADIT~1\PROC\p18f4550.asm
                    TXREG   0x000fad       data     extern C:\MCC18\SRC\TRADIT~1\PROC\p18f4550.asm
                    RCREG   0x000fae       data     extern C:\MCC18\SRC\TRADIT~1\PROC\p18f4550.asm
                    SPBRG   0x000faf       data     extern C:\MCC18\SRC\TRADIT~1\PROC\p18f4550.asm
                   SPBRGH   0x000fb0       data     extern C:\MCC18\SRC\TRADIT~1\PROC\p18f4550.asm
                T3CONbits   0x000fb1       data     extern C:\MCC18\SRC\TRADIT~1\PROC\p18f4550.asm
                    T3CON   0x000fb1       data     extern C:\MCC18\SRC\TRADIT~1\PROC\p18f4550.asm
                    TMR3L   0x000fb2       data     extern C:\MCC18\SRC\TRADIT~1\PROC\p18f4550.asm
                    TMR3H   0x000fb3       data     extern C:\MCC18\SRC\TRADIT~1\PROC\p18f4550.asm
                CMCONbits   0x000fb4       data     extern C:\MCC18\SRC\TRADIT~1\PROC\p18f4550.asm
                    CMCON   0x000fb4       data     extern C:\MCC18\SRC\TRADIT~1\PROC\p18f4550.asm
               CVRCONbits   0x000fb5       data     extern C:\MCC18\SRC\TRADIT~1\PROC\p18f4550.asm
                   CVRCON   0x000fb5       data     extern C:\MCC18\SRC\TRADIT~1\PROC\p18f4550.asm
                  ECCP1AS   0x000fb6       data     extern C:\MCC18\SRC\TRADIT~1\PROC\p18f4550.asm
              ECCP1ASbits   0x000fb6       data     extern C:\MCC18\SRC\TRADIT~1\PROC\p18f4550.asm
                   CCP1AS   0x000fb6       data     extern C:\MCC18\SRC\TRADIT~1\PROC\p18f4550.asm
               CCP1ASbits   0x000fb6       data     extern C:\MCC18\SRC\TRADIT~1\PROC\p18f4550.asm
                 ECCP1DEL   0x000fb7       data     extern C:\MCC18\SRC\TRADIT~1\PROC\p18f4550.asm
                  CCP1DEL   0x000fb7       data     extern C:\MCC18\SRC\TRADIT~1\PROC\p18f4550.asm
              CCP1DELbits   0x000fb7       data     extern C:\MCC18\SRC\TRADIT~1\PROC\p18f4550.asm
             ECCP1DELbits   0x000fb7       data     extern C:\MCC18\SRC\TRADIT~1\PROC\p18f4550.asm
                  BAUDCON   0x000fb8       data     extern C:\MCC18\SRC\TRADIT~1\PROC\p18f4550.asm
              BAUDCONbits   0x000fb8       data     extern C:\MCC18\SRC\TRADIT~1\PROC\p18f4550.asm
                  CCP2CON   0x000fba       data     extern C:\MCC18\SRC\TRADIT~1\PROC\p18f4550.asm
              CCP2CONbits   0x000fba       data     extern C:\MCC18\SRC\TRADIT~1\PROC\p18f4550.asm
                    CCPR2   0x000fbb       data     extern C:\MCC18\SRC\TRADIT~1\PROC\p18f4550.asm
                   CCPR2L   0x000fbb       data     extern C:\MCC18\SRC\TRADIT~1\PROC\p18f4550.asm
                   CCPR2H   0x000fbc       data     extern C:\MCC18\SRC\TRADIT~1\PROC\p18f4550.asm
              CCP1CONbits   0x000fbd       data     extern C:\MCC18\SRC\TRADIT~1\PROC\p18f4550.asm
                  CCP1CON   0x000fbd       data     extern C:\MCC18\SRC\TRADIT~1\PROC\p18f4550.asm
             ECCP1CONbits   0x000fbd       data     extern C:\MCC18\SRC\TRADIT~1\PROC\p18f4550.asm
                 ECCP1CON   0x000fbd       data     extern C:\MCC18\SRC\TRADIT~1\PROC\p18f4550.asm
                    CCPR1   0x000fbe       data     extern C:\MCC18\SRC\TRADIT~1\PROC\p18f4550.asm
                   CCPR1L   0x000fbe       data     extern C:\MCC18\SRC\TRADIT~1\PROC\p18f4550.asm
                   CCPR1H   0x000fbf       data     extern C:\MCC18\SRC\TRADIT~1\PROC\p18f4550.asm
               ADCON2bits   0x000fc0       data     extern C:\MCC18\SRC\TRADIT~1\PROC\p18f4550.asm
                   ADCON2   0x000fc0       data     extern C:\MCC18\SRC\TRADIT~1\PROC\p18f4550.asm
               ADCON1bits   0x000fc1       data     extern C:\MCC18\SRC\TRADIT~1\PROC\p18f4550.asm
                   ADCON1   0x000fc1       data     extern C:\MCC18\SRC\TRADIT~1\PROC\p18f4550.asm
                   ADCON0   0x000fc2       data     extern C:\MCC18\SRC\TRADIT~1\PROC\p18f4550.asm
               ADCON0bits   0x000fc2       data     extern C:\MCC18\SRC\TRADIT~1\PROC\p18f4550.asm
                    ADRES   0x000fc3       data     extern C:\MCC18\SRC\TRADIT~1\PROC\p18f4550.asm
                   ADRESL   0x000fc3       data     extern C:\MCC18\SRC\TRADIT~1\PROC\p18f4550.asm
                   ADRESH   0x000fc4       data     extern C:\MCC18\SRC\TRADIT~1\PROC\p18f4550.asm
                  SSPCON2   0x000fc5       data     extern C:\MCC18\SRC\TRADIT~1\PROC\p18f4550.asm
              SSPCON2bits   0x000fc5       data     extern C:\MCC18\SRC\TRADIT~1\PROC\p18f4550.asm
                  SSPCON1   0x000fc6       data     extern C:\MCC18\SRC\TRADIT~1\PROC\p18f4550.asm
              SSPCON1bits   0x000fc6       data     extern C:\MCC18\SRC\TRADIT~1\PROC\p18f4550.asm
                  SSPSTAT   0x000fc7       data     extern C:\MCC18\SRC\TRADIT~1\PROC\p18f4550.asm
              SSPSTATbits   0x000fc7       data     extern C:\MCC18\SRC\TRADIT~1\PROC\p18f4550.asm
                   SSPADD   0x000fc8       data     extern C:\MCC18\SRC\TRADIT~1\PROC\p18f4550.asm
                   SSPBUF   0x000fc9       data     extern C:\MCC18\SRC\TRADIT~1\PROC\p18f4550.asm
                    T2CON   0x000fca       data     extern C:\MCC18\SRC\TRADIT~1\PROC\p18f4550.asm
                T2CONbits   0x000fca       data     extern C:\MCC18\SRC\TRADIT~1\PROC\p18f4550.asm
                      PR2   0x000fcb       data     extern C:\MCC18\SRC\TRADIT~1\PROC\p18f4550.asm
                     TMR2   0x000fcc       data     extern C:\MCC18\SRC\TRADIT~1\PROC\p18f4550.asm
                T1CONbits   0x000fcd       data     extern C:\MCC18\SRC\TRADIT~1\PROC\p18f4550.asm
                    T1CON   0x000fcd       data     extern C:\MCC18\SRC\TRADIT~1\PROC\p18f4550.asm
                    TMR1L   0x000fce       data     extern C:\MCC18\SRC\TRADIT~1\PROC\p18f4550.asm
                    TMR1H   0x000fcf       data     extern C:\MCC18\SRC\TRADIT~1\PROC\p18f4550.asm
                     RCON   0x000fd0       data     extern C:\MCC18\SRC\TRADIT~1\PROC\p18f4550.asm
                 RCONbits   0x000fd0       data     extern C:\MCC18\SRC\TRADIT~1\PROC\p18f4550.asm
               WDTCONbits   0x000fd1       data     extern C:\MCC18\SRC\TRADIT~1\PROC\p18f4550.asm
                   WDTCON   0x000fd1       data     extern C:\MCC18\SRC\TRADIT~1\PROC\p18f4550.asm
               LVDCONbits   0x000fd2       data     extern C:\MCC18\SRC\TRADIT~1\PROC\p18f4550.asm
                   LVDCON   0x000fd2       data     extern C:\MCC18\SRC\TRADIT~1\PROC\p18f4550.asm
              HLVDCONbits   0x000fd2       data     extern C:\MCC18\SRC\TRADIT~1\PROC\p18f4550.asm
                  HLVDCON   0x000fd2       data     extern C:\MCC18\SRC\TRADIT~1\PROC\p18f4550.asm
               OSCCONbits   0x000fd3       data     extern C:\MCC18\SRC\TRADIT~1\PROC\p18f4550.asm
                   OSCCON   0x000fd3       data     extern C:\MCC18\SRC\TRADIT~1\PROC\p18f4550.asm
                    T0CON   0x000fd5       data     extern C:\MCC18\SRC\TRADIT~1\PROC\p18f4550.asm
                T0CONbits   0x000fd5       data     extern C:\MCC18\SRC\TRADIT~1\PROC\p18f4550.asm
                    TMR0L   0x000fd6       data     extern C:\MCC18\SRC\TRADIT~1\PROC\p18f4550.asm
                    TMR0H   0x000fd7       data     extern C:\MCC18\SRC\TRADIT~1\PROC\p18f4550.asm
                   STATUS   0x000fd8       data     extern C:\MCC18\SRC\TRADIT~1\PROC\p18f4550.asm
               STATUSbits   0x000fd8       data     extern C:\MCC18\SRC\TRADIT~1\PROC\p18f4550.asm
                    FSR2L   0x000fd9       data     extern C:\MCC18\SRC\TRADIT~1\PROC\p18f4550.asm
                     FSR2   0x000fd9       data     extern C:\MCC18\SRC\TRADIT~1\PROC\p18f4550.asm
                    FSR2H   0x000fda       data     extern C:\MCC18\SRC\TRADIT~1\PROC\p18f4550.asm
                   PLUSW2   0x000fdb       data     extern C:\MCC18\SRC\TRADIT~1\PROC\p18f4550.asm
                  PREINC2   0x000fdc       data     extern C:\MCC18\SRC\TRADIT~1\PROC\p18f4550.asm
                 POSTDEC2   0x000fdd       data     extern C:\MCC18\SRC\TRADIT~1\PROC\p18f4550.asm
                 POSTINC2   0x000fde       data     extern C:\MCC18\SRC\TRADIT~1\PROC\p18f4550.asm
                    INDF2   0x000fdf       data     extern C:\MCC18\SRC\TRADIT~1\PROC\p18f4550.asm
                      BSR   0x000fe0       data     extern C:\MCC18\SRC\TRADIT~1\PROC\p18f4550.asm
                    FSR1L   0x000fe1       data     extern C:\MCC18\SRC\TRADIT~1\PROC\p18f4550.asm
                     FSR1   0x000fe1       data     extern C:\MCC18\SRC\TRADIT~1\PROC\p18f4550.asm
                    FSR1H   0x000fe2       data     extern C:\MCC18\SRC\TRADIT~1\PROC\p18f4550.asm
                   PLUSW1   0x000fe3       data     extern C:\MCC18\SRC\TRADIT~1\PROC\p18f4550.asm
                  PREINC1   0x000fe4       data     extern C:\MCC18\SRC\TRADIT~1\PROC\p18f4550.asm
                 POSTDEC1   0x000fe5       data     extern C:\MCC18\SRC\TRADIT~1\PROC\p18f4550.asm
                 POSTINC1   0x000fe6       data     extern C:\MCC18\SRC\TRADIT~1\PROC\p18f4550.asm
                    INDF1   0x000fe7       data     extern C:\MCC18\SRC\TRADIT~1\PROC\p18f4550.asm
                     WREG   0x000fe8       data     extern C:\MCC18\SRC\TRADIT~1\PROC\p18f4550.asm
                     FSR0   0x000fe9       data     extern C:\MCC18\SRC\TRADIT~1\PROC\p18f4550.asm
                    FSR0L   0x000fe9       data     extern C:\MCC18\SRC\TRADIT~1\PROC\p18f4550.asm
                    FSR0H   0x000fea       data     extern C:\MCC18\SRC\TRADIT~1\PROC\p18f4550.asm
                   PLUSW0   0x000feb       data     extern C:\MCC18\SRC\TRADIT~1\PROC\p18f4550.asm
                  PREINC0   0x000fec       data     extern C:\MCC18\SRC\TRADIT~1\PROC\p18f4550.asm
                 POSTDEC0   0x000fed       data     extern C:\MCC18\SRC\TRADIT~1\PROC\p18f4550.asm
                 POSTINC0   0x000fee       data     extern C:\MCC18\SRC\TRADIT~1\PROC\p18f4550.asm
                    INDF0   0x000fef       data     extern C:\MCC18\SRC\TRADIT~1\PROC\p18f4550.asm
              INTCON3bits   0x000ff0       data     extern C:\MCC18\SRC\TRADIT~1\PROC\p18f4550.asm
                  INTCON3   0x000ff0       data     extern C:\MCC18\SRC\TRADIT~1\PROC\p18f4550.asm
              INTCON2bits   0x000ff1       data     extern C:\MCC18\SRC\TRADIT~1\PROC\p18f4550.asm
                  INTCON2   0x000ff1       data     extern C:\MCC18\SRC\TRADIT~1\PROC\p18f4550.asm
               INTCONbits   0x000ff2       data     extern C:\MCC18\SRC\TRADIT~1\PROC\p18f4550.asm
                   INTCON   0x000ff2       data     extern C:\MCC18\SRC\TRADIT~1\PROC\p18f4550.asm
                     PROD   0x000ff3       data     extern C:\MCC18\SRC\TRADIT~1\PROC\p18f4550.asm
                    PRODL   0x000ff3       data     extern C:\MCC18\SRC\TRADIT~1\PROC\p18f4550.asm
                    PRODH   0x000ff4       data     extern C:\MCC18\SRC\TRADIT~1\PROC\p18f4550.asm
                   TABLAT   0x000ff5       data     extern C:\MCC18\SRC\TRADIT~1\PROC\p18f4550.asm
                  TBLPTRL   0x000ff6       data     extern C:\MCC18\SRC\TRADIT~1\PROC\p18f4550.asm
                   TBLPTR   0x000ff6       data     extern C:\MCC18\SRC\TRADIT~1\PROC\p18f4550.asm
                  TBLPTRH   0x000ff7       data     extern C:\MCC18\SRC\TRADIT~1\PROC\p18f4550.asm
                  TBLPTRU   0x000ff8       data     extern C:\MCC18\SRC\TRADIT~1\PROC\p18f4550.asm
                       PC   0x000ff9       data     extern C:\MCC18\SRC\TRADIT~1\PROC\p18f4550.asm
                      PCL   0x000ff9       data     extern C:\MCC18\SRC\TRADIT~1\PROC\p18f4550.asm
                   PCLATH   0x000ffa       data     extern C:\MCC18\SRC\TRADIT~1\PROC\p18f4550.asm
                   PCLATU   0x000ffb       data     extern C:\MCC18\SRC\TRADIT~1\PROC\p18f4550.asm
                   STKPTR   0x000ffc       data     extern C:\MCC18\SRC\TRADIT~1\PROC\p18f4550.asm
               STKPTRbits   0x000ffc       data     extern C:\MCC18\SRC\TRADIT~1\PROC\p18f4550.asm
                      TOS   0x000ffd       data     extern C:\MCC18\SRC\TRADIT~1\PROC\p18f4550.asm
                     TOSL   0x000ffd       data     extern C:\MCC18\SRC\TRADIT~1\PROC\p18f4550.asm
                     TOSH   0x000ffe       data     extern C:\MCC18\SRC\TRADIT~1\PROC\p18f4550.asm
                     TOSU   0x000fff       data     extern C:\MCC18\SRC\TRADIT~1\PROC\p18f4550.asm


