MPLINK 4.16, Linker
Linker Map File - Created Tue Apr 01 13:17:46 2008

                                 Section Info
                  Section       Type    Address   Location Size(Bytes)
                ---------  ---------  ---------  ---------  ---------
               _entry_scn       code   0x000800    program   0x000006
      high_vector_section       code   0x000808    program   0x000006
       low_vector_section       code   0x000818    program   0x000006
                   .cinit    romdata   0x00082a    program   0x00001a
             .code_user.o       code   0x000844    program   0x000f6c
         .code_vfprintf.o       code   0x0017b0    program   0x000c22
              .code_cdc.o       code   0x0023d2    program   0x0003d8
       .code_usbctrltrf.o       code   0x0027aa    program   0x00033a
             .code_usb9.o       code   0x002ae4    program   0x00031e
           .code_usbdrv.o       code   0x002e02    program   0x000182
             .stringtable    romdata   0x002f84    program   0x000145
       .romdata_c018iBL.o    romdata   0x0030c9    program   0x000000
      .idata_fxd2424u.o_i    romdata   0x0030c9    program   0x000000
        .idata_usbdsc.o_i    romdata   0x0030c9    program   0x000000
          .idata_main.o_i    romdata   0x0030c9    program   0x000000
          .romdata_usb9.o    romdata   0x0030c9    program   0x000000
          .idata_usb9.o_i    romdata   0x0030c9    program   0x000000
      .romdata_fxd3232u.o    romdata   0x0030c9    program   0x000000
        .romdata_printf.o    romdata   0x0030c9    program   0x000000
       .romdata_usbmmap.o    romdata   0x0030c9    program   0x000000
          .code_usbmmap.o       code   0x0030ca    program   0x000000
                     PROG       code   0x0030ca    program   0x0000ec
          .code_c018iBL.o       code   0x0030ca    program   0x000000
        .romdata_usbdsc.o    romdata   0x0031b6    program   0x0000cd
        .romdata_stdout.o    romdata   0x003283    program   0x000000
      .romdata_fxd2424u.o    romdata   0x003283    program   0x000000
       .idata_fxm3232.o_i    romdata   0x003283    program   0x000000
          .idata_putc.o_i    romdata   0x003283    program   0x000000
           .idata_cdc.o_i    romdata   0x003283    program   0x000000
      .idata_vfprintf.o_i    romdata   0x003283    program   0x000000
          .romdata_main.o    romdata   0x003283    program   0x000000
        .idata_usbdrv.o_i    romdata   0x003283    program   0x000000
        .romdata_usbdrv.o    romdata   0x003283    program   0x000000
               _cinit_scn       code   0x003284    program   0x00009e
           .code_usbdsc.o       code   0x003284    program   0x000000
           .code_printf.o       code   0x003322    program   0x000098
             .code_putc.o       code   0x0033ba    program   0x000084
          .code_fxm3232.o       code   0x00343e    program   0x000070
                   STRING       code   0x0034ae    program   0x000066
                    CTYPE       code   0x003514    program   0x00004c
         .code_fxd3232u.o       code   0x003560    program   0x000048
          .romdata_user.o    romdata   0x0035a8    program   0x00003e
         .code_fxd2424u.o       code   0x0035e6    program   0x00003a
             .code_main.o       code   0x003620    program   0x000038
                    STDIO       code   0x003658    program   0x00001c
             _startup_scn       code   0x003674    program   0x000018
      .romdata_vfprintf.o    romdata   0x00368c    program   0x000011
          .romdata_putc.o    romdata   0x00369d    program   0x000000
       .romdata_fxm3232.o    romdata   0x00369d    program   0x000000
       .idata_c018iBL.o_i    romdata   0x00369d    program   0x000000
      .idata_fxd3232u.o_i    romdata   0x00369d    program   0x000000
       .idata_usbmmap.o_i    romdata   0x00369d    program   0x000000
        .idata_printf.o_i    romdata   0x00369d    program   0x000000
    .idata_usbctrltrf.o_i    romdata   0x00369d    program   0x000000
    .romdata_usbctrltrf.o    romdata   0x00369d    program   0x000000
           .romdata_cdc.o    romdata   0x00369d    program   0x000000
           .code_stdout.o       code   0x00369e    program   0x000000
                    .code       code   0x00369e    program   0x00000e
          .idata_user.o_i    romdata   0x0036ac    program   0x00000a
        .idata_stdout.o_i    romdata   0x0036b6    program   0x000002
                fast_vars      udata   0x000000       data   0x000016
                MATH_DATA      udata   0x000016       data   0x000014
                 .tmpdata      udata   0x00002a       data   0x00000e
             high_ISR_tmp      udata   0x000038       data   0x000001
            .idata_user.o      idata   0x000060       data   0x00000a
      .udata_usbctrltrf.o      udata   0x00006a       data   0x000008
          .idata_stdout.o      idata   0x000072       data   0x000002
          .udata_stdout.o      udata   0x000074       data   0x000000
             .idata_cdc.o      idata   0x000074       data   0x000000
        .udata_fxd2424u.o      udata   0x000074       data   0x000000
        .udata_vfprintf.o      udata   0x000074       data   0x000000
        .idata_vfprintf.o      idata   0x000074       data   0x000000
        .idata_fxd2424u.o      idata   0x000074       data   0x000000
          .udata_printf.o      udata   0x000074       data   0x000000
        .udata_fxd3232u.o      udata   0x000074       data   0x000000
      .idata_usbctrltrf.o      idata   0x000074       data   0x000000
          .idata_printf.o      idata   0x000074       data   0x000000
          .idata_usbdsc.o      idata   0x000074       data   0x000000
          .udata_usbdsc.o      udata   0x000074       data   0x000000
            .idata_usb9.o      idata   0x000074       data   0x000000
            .udata_usb9.o      udata   0x000074       data   0x000000
          .idata_usbdrv.o      idata   0x000074       data   0x000000
        .idata_fxd3232u.o      idata   0x000074       data   0x000000
         .udata_fxm3232.o      udata   0x000074       data   0x000000
         .idata_fxm3232.o      idata   0x000074       data   0x000000
         .idata_usbmmap.o      idata   0x000074       data   0x000000
            .udata_putc.o      udata   0x000074       data   0x000000
            .idata_main.o      idata   0x000074       data   0x000000
            .udata_main.o      udata   0x000074       data   0x000000
         .idata_c018iBL.o      idata   0x000074       data   0x000000
            .idata_putc.o      idata   0x000074       data   0x000000
                  ISR_buf      udata   0x000100       data   0x000099
            .udata_user.o      udata   0x000199       data   0x00003f
             .udata_cdc.o      udata   0x0001d8       data   0x000018
         .udata_c018iBL.o      udata   0x0001f0       data   0x00000a
         .udata_usbmmap.o      udata   0x0001fa       data   0x000004
          .udata_usbdrv.o      udata   0x0001fe       data   0x000002
                  com_buf      udata   0x000200       data   0x000100
                   .stack      udata   0x000300       data   0x000100
                  usbram4      udata   0x000400       data   0x000030
                 usbram5a      udata   0x000500       data   0x000088
            SFR_UNBANKED0      udata   0x000f66       data   0x00009a



                              Program Memory Usage 
                               Start         End      
                           ---------   ---------      
                            0x000800    0x000805      
                            0x000808    0x00080d      
                            0x000818    0x00081d      
                            0x00082a    0x0030c8      
                            0x0030ca    0x003282      
                            0x003284    0x00369c      
                            0x00369e    0x0036b7      
            11933 out of 24856 program addresses used, program memory utilization is 48%



                              Symbols - Sorted by Name
                     Name    Address   Location    Storage File                     
                ---------  ---------  ---------  --------- ---------                
           BlinkUSBStatus   0x0016ca    program     extern O:\user\user.c           
                CDCInitEP   0x0024a0    program     extern O:\system\usb\class\cdc\cdc.c
             CDCTxService   0x002696    program     extern O:\system\usb\class\cdc\cdc.c
          ClassReqHandler   0x003281    program     extern O:\autofiles\usbdsc.c    
               ClearArray   0x002f5a    program     extern O:\system\usb\usbdrv\usbdrv.c
                 FXD2424U   0x0035e6    program     extern C:\MCC18\src\traditional\math\fxd2424u.c
                 FXD3232U   0x003560    program     extern C:\MCC18\src\traditional\math\fxd3232u.c
                 FXM1616S   0x00315c    program     extern C:\MCC18\src\traditional\math\fxm1616s.asm
                 FXM2424U   0x0030ca    program     extern C:\MCC18\src\traditional\math\fxm2424u.asm
                  FXM3232   0x00343e    program     extern C:\MCC18\src\traditional\math\fxm3232.c
         InitializeSystem   0x00362c    program     static O:\main.c                
                ProcessIO   0x000c2e    program     extern O:\user\user.c           
           SendUpdateToPc   0x000844    program     extern O:\user\user.c           
          SwitchIsPressed   0x0017a0    program     extern O:\user\user.c           
               TSIGN1616A   0x0031a8    program     static C:\MCC18\src\traditional\math\fxm1616s.asm
        USBCheckBusStatus   0x002e02    program     extern O:\system\usb\usbdrv\usbdrv.c
       USBCheckCDCRequest   0x0023d2    program     extern O:\system\usb\class\cdc\cdc.c
       USBCheckStdRequest   0x002ae4    program     extern O:\system\usb\usb9\usb9.c
         USBCtrlEPService   0x0027aa    program     extern O:\system\usb\usbctrltrf\usbctrltrf.c
 USBCtrlEPServiceComplete   0x002a26    program     extern O:\system\usb\usbctrltrf\usbctrltrf.c
      USBCtrlTrfInHandler   0x002874    program     extern O:\system\usb\usbctrltrf\usbctrltrf.c
     USBCtrlTrfOutHandler   0x002850    program     extern O:\system\usb\usbctrltrf\usbctrltrf.c
      USBCtrlTrfRxService   0x0029a2    program     extern O:\system\usb\usbctrltrf\usbctrltrf.c
   USBCtrlTrfSetupHandler   0x0027e0    program     extern O:\system\usb\usbctrltrf\usbctrltrf.c
      USBCtrlTrfTxService   0x0028b6    program     extern O:\system\usb\usbctrltrf\usbctrltrf.c
         USBDriverService   0x002e42    program     extern O:\system\usb\usbdrv\usbdrv.c
          USBErrorHandler   0x002f12    program     extern O:\system\usb\usbdrv\usbdrv.c
         USBModuleDisable   0x002e34    program     extern O:\system\usb\usbdrv\usbdrv.c
          USBModuleEnable   0x002e26    program     extern O:\system\usb\usbdrv\usbdrv.c
USBPrepareForNextSetupTrf   0x002ac4    program     extern O:\system\usb\usbctrltrf\usbctrltrf.c
  USBProtocolResetHandler   0x002f16    program     extern O:\system\usb\usbdrv\usbdrv.c
          USBRemoteWakeup   0x002ed8    program     extern O:\system\usb\usbdrv\usbdrv.c
            USBSoftDetach   0x002e3e    program     extern O:\system\usb\usbdrv\usbdrv.c
          USBStallHandler   0x002f04    program     extern O:\system\usb\usbdrv\usbdrv.c
  USBStdFeatureReqHandler   0x002d56    program     extern O:\system\usb\usb9\usb9.c
      USBStdGetDscHandler   0x002bac    program     extern O:\system\usb\usb9\usb9.c
   USBStdGetStatusHandler   0x002cb6    program     extern O:\system\usb\usb9\usb9.c
      USBStdSetCfgHandler   0x002c66    program     extern O:\system\usb\usb9\usb9.c
               USBSuspend   0x002ec0    program     extern O:\system\usb\usbdrv\usbdrv.c
                 USBTasks   0x003646    program     extern O:\main.c                
       USBWakeFromSuspend   0x002ed0    program     extern O:\system\usb\usbdrv\usbdrv.c
               USB_CD_Ptr   0x003277    program     extern O:\autofiles\usbdsc.c    
               USB_SD_Ptr   0x00327b    program     extern O:\autofiles\usbdsc.c    
          USB_SOF_Handler   0x002f00    program     extern O:\system\usb\usbdrv\usbdrv.c
                 UserInit   0x000b24    program     extern O:\user\user.c           
                   _2jEnd   0x0034fe    program     static C:\MCC18\src\traditional\stdclib\slenpgm.asm
       ___return_lbl00000   0x0034ac    program     static                          
       ___return_lbl00000   0x000804    program     static                          
       ___return_lbl00000   0x0035a6    program     static                          
       ___return_lbl00000   0x00080c    program     static                          
       ___return_lbl00000   0x00361e    program     static                          
       ___return_lbl00001   0x00081c    program     static                          
       ___return_lbl00001   0x00368a    program     static                          
       ___return_lbl00002   0x003320    program     static                          
       ___return_lbl00028   0x002ece    program     static                          
       ___return_lbl00042   0x002f7c    program     static                          
        ___while_lbl00043   0x002f6e    program     static                          
        ___while_lbl00044   0x002f7c    program     static                          
                   __pa_0   0x0020f0    program     static C:\MCC18\src\traditional\stdclib\vfprintf.c
                   __pa_1   0x0020f8    program     static C:\MCC18\src\traditional\stdclib\vfprintf.c
                  __pa_10   0x0021ac    program     static C:\MCC18\src\traditional\stdclib\vfprintf.c
                  __pa_11   0x0021ba    program     static C:\MCC18\src\traditional\stdclib\vfprintf.c
                  __pa_12   0x0021d0    program     static C:\MCC18\src\traditional\stdclib\vfprintf.c
                  __pa_13   0x0021ea    program     static C:\MCC18\src\traditional\stdclib\vfprintf.c
                  __pa_14   0x002202    program     static C:\MCC18\src\traditional\stdclib\vfprintf.c
                  __pa_15   0x002212    program     static C:\MCC18\src\traditional\stdclib\vfprintf.c
                  __pa_16   0x002228    program     static C:\MCC18\src\traditional\stdclib\vfprintf.c
                  __pa_17   0x00223a    program     static C:\MCC18\src\traditional\stdclib\vfprintf.c
                  __pa_18   0x00224c    program     static C:\MCC18\src\traditional\stdclib\vfprintf.c
                  __pa_19   0x002256    program     static C:\MCC18\src\traditional\stdclib\vfprintf.c
                   __pa_2   0x002102    program     static C:\MCC18\src\traditional\stdclib\vfprintf.c
                  __pa_20   0x002266    program     static C:\MCC18\src\traditional\stdclib\vfprintf.c
                  __pa_21   0x002276    program     static C:\MCC18\src\traditional\stdclib\vfprintf.c
                  __pa_22   0x002286    program     static C:\MCC18\src\traditional\stdclib\vfprintf.c
                  __pa_23   0x002292    program     static C:\MCC18\src\traditional\stdclib\vfprintf.c
                  __pa_24   0x0022a0    program     static C:\MCC18\src\traditional\stdclib\vfprintf.c
                  __pa_25   0x0022a8    program     static C:\MCC18\src\traditional\stdclib\vfprintf.c
                  __pa_26   0x0022b2    program     static C:\MCC18\src\traditional\stdclib\vfprintf.c
                  __pa_27   0x0022bc    program     static C:\MCC18\src\traditional\stdclib\vfprintf.c
                  __pa_28   0x0022c4    program     static C:\MCC18\src\traditional\stdclib\vfprintf.c
                  __pa_29   0x0022d2    program     static C:\MCC18\src\traditional\stdclib\vfprintf.c
                   __pa_3   0x00210c    program     static C:\MCC18\src\traditional\stdclib\vfprintf.c
                  __pa_30   0x0022ee    program     static C:\MCC18\src\traditional\stdclib\vfprintf.c
                  __pa_31   0x002308    program     static C:\MCC18\src\traditional\stdclib\vfprintf.c
                  __pa_32   0x002322    program     static C:\MCC18\src\traditional\stdclib\vfprintf.c
                  __pa_33   0x00233a    program     static C:\MCC18\src\traditional\stdclib\vfprintf.c
                  __pa_34   0x002344    program     static C:\MCC18\src\traditional\stdclib\vfprintf.c
                  __pa_35   0x002352    program     static C:\MCC18\src\traditional\stdclib\vfprintf.c
                  __pa_36   0x00235a    program     static C:\MCC18\src\traditional\stdclib\vfprintf.c
                  __pa_37   0x002364    program     static C:\MCC18\src\traditional\stdclib\vfprintf.c
                  __pa_38   0x002374    program     static C:\MCC18\src\traditional\stdclib\vfprintf.c
                  __pa_39   0x002382    program     static C:\MCC18\src\traditional\stdclib\vfprintf.c
                   __pa_4   0x002124    program     static C:\MCC18\src\traditional\stdclib\vfprintf.c
                  __pa_40   0x00238e    program     static C:\MCC18\src\traditional\stdclib\vfprintf.c
                  __pa_41   0x00239a    program     static C:\MCC18\src\traditional\stdclib\vfprintf.c
                  __pa_42   0x0023a2    program     static C:\MCC18\src\traditional\stdclib\vfprintf.c
                  __pa_43   0x0023ac    program     static C:\MCC18\src\traditional\stdclib\vfprintf.c
                  __pa_44   0x0023b2    program     static C:\MCC18\src\traditional\stdclib\vfprintf.c
                  __pa_45   0x0023bc    program     static C:\MCC18\src\traditional\stdclib\vfprintf.c
                  __pa_46   0x0023c8    program     static C:\MCC18\src\traditional\stdclib\vfprintf.c
                   __pa_5   0x002138    program     static C:\MCC18\src\traditional\stdclib\vfprintf.c
                   __pa_6   0x002154    program     static C:\MCC18\src\traditional\stdclib\vfprintf.c
                   __pa_7   0x00215e    program     static C:\MCC18\src\traditional\stdclib\vfprintf.c
                   __pa_8   0x00216a    program     static C:\MCC18\src\traditional\stdclib\vfprintf.c
                   __pa_9   0x00218c    program     static C:\MCC18\src\traditional\stdclib\vfprintf.c
              __string_10   0x00303c    program     static O:\user\user.c           
              __string_11   0x00301b    program     static O:\user\user.c           
              __string_12   0x003002    program     static O:\user\user.c           
              __string_13   0x002fdf    program     static O:\user\user.c           
              __string_14   0x002fb7    program     static O:\user\user.c           
              __string_15   0x002f90    program     static O:\user\user.c           
              __string_16   0x002f84    program     static O:\user\user.c           
               __string_3   0x0030bf    program     static O:\user\user.c           
               __string_4   0x0030a5    program     static O:\user\user.c           
               __string_5   0x00309f    program     static O:\user\user.c           
               __string_6   0x003099    program     static O:\user\user.c           
               __string_7   0x003093    program     static O:\user\user.c           
               __string_8   0x003077    program     static O:\user\user.c           
               __string_9   0x00305b    program     static O:\user\user.c           
              __tmplbl_42   0x002286    program     static                          
              __tmplbl_43   0x0020ce    program     static                          
              __tmplbl_44   0x0020b4    program     static                          
              __tmplbl_85   0x001806    program     static                          
            __zero_memory   0x00369e    program     extern C:\MCC18\src\traditional\proc\p18f2455.asm
                _do_cinit   0x003284    program     extern C:\MCC18\src\traditional\startup\c018iBL.c
                   _entry   0x000800    program     extern C:\MCC18\src\traditional\startup\c018iBL.c
                   _false   0x0035a2    program     static                          
                   _false   0x00361a    program     static                          
                 _startup   0x003674    program     extern C:\MCC18\src\traditional\startup\c018iBL.c
              _usart_putc   0x003658    program     extern C:\MCC18\src\pmc_common\USART\_usartpc.asm
               _user_putc   0x000ea8    program     extern O:\user\user.c           
                    cfg01   0x0031c8    program     extern O:\autofiles\usbdsc.c    
   check_and_send_TX_data   0x000efe    program     extern O:\user\user.c           
               clear_loop   0x0036a4    program     static C:\MCC18\src\traditional\proc\p18f2455.asm
                copy_loop   0x0032f6    program     static                          
            copy_one_byte   0x0032fc    program     static                          
               device_dsc   0x0031b6    program     extern O:\autofiles\usbdsc.c    
                     done   0x003320    program     static                          
             done_copying   0x00330a    program     static                          
            extract_digit   0x0015a6    program     extern O:\user\user.c           
           extract_number   0x00123a    program     extern O:\user\user.c           
             getsUSBUSART   0x002504    program     extern O:\system\usb\class\cdc\cdc.c
                 high_ISR   0x000a12    program     extern O:\user\user.c           
              high_vector   0x000808    program     extern O:\main.c                
                  isdigit   0x00353c    program     extern C:\MCC18\src\traditional\stdclib\isdigit.asm
                     jEnd   0x0034c8    program     static C:\MCC18\src\traditional\stdclib\strlen.asm
                     jEnd   0x003500    program     static C:\MCC18\src\traditional\stdclib\slenpgm.asm
                    jLoop   0x0034e8    program     static C:\MCC18\src\traditional\stdclib\slenpgm.asm
                    jLoop   0x0034be    program     static C:\MCC18\src\traditional\stdclib\strlen.asm
                   jMatch   0x00355c    program     static C:\MCC18\src\traditional\stdclib\isdigit.asm
                 jNoMatch   0x00355e    program     static C:\MCC18\src\traditional\stdclib\isdigit.asm
                 jNoMatch   0x00353a    program     static C:\MCC18\src\traditional\stdclib\toupper.asm
                     loop   0x003684    program     static                          
                     loop   0x003668    program     static C:\MCC18\src\pmc_common\USART\_usartpc.asm
                     loop   0x00356e    program     static                          
                     loop   0x0035f2    program     static                          
                  low_ISR   0x0009ec    program     extern O:\user\user.c           
               low_vector   0x000818    program     extern O:\main.c                
                     main   0x003620    program     extern O:\main.c                
          parse_GO_packet   0x0011d8    program     extern O:\user\user.c           
          parse_HW_packet   0x00120c    program     extern O:\user\user.c           
          parse_ST_packet   0x001200    program     extern O:\user\user.c           
           parse_V_packet   0x00119c    program     extern O:\user\user.c           
             parse_packet   0x000f94    program     extern O:\user\user.c           
                print_ack   0x001174    program     extern O:\user\user.c           
             print_status   0x0016a0    program     extern O:\user\user.c           
                   printf   0x003322    program     extern C:\MCC18\src\traditional\stdclib\printf.c
                     putc   0x0033ba    program     extern C:\MCC18\src\traditional\stdclib\putc.c
            putrsUSBUSART   0x002614    program     extern O:\system\usb\class\cdc\cdc.c
             putsUSBUSART   0x002596    program     extern O:\system\usb\class\cdc\cdc.c
                 s_digits   0x00368c    program     static C:\MCC18\src\traditional\stdclib\vfprintf.c
            s_put_n_chars   0x0017b0    program     static C:\MCC18\src\traditional\stdclib\vfprintf.c
                    sd000   0x00320b    program     extern O:\autofiles\usbdsc.c    
                    sd001   0x00320f    program     extern O:\autofiles\usbdsc.c    
                    sd002   0x003243    program     extern O:\autofiles\usbdsc.c    
                  st_LFCR   0x0035ad    program     extern O:\user\user.c           
                    st_OK   0x0035a8    program     extern O:\user\user.c           
               st_version   0x0035b0    program     extern O:\user\user.c           
                startRace   0x0011be    program     extern O:\user\user.c           
                   strlen   0x0034ae    program     extern C:\MCC18\src\traditional\stdclib\strlen.asm
                strlenpgm   0x0034ca    program     extern C:\MCC18\src\traditional\stdclib\slenpgm.asm
                     test   0x00329e    program     static                          
                  toupper   0x003514    program     extern C:\MCC18\src\traditional\stdclib\toupper.asm
                 vfprintf   0x0017dc    program     extern C:\MCC18\src\traditional\stdclib\vfprintf.c
                   ADCON0   0x000fc2       data     extern C:\MCC18\src\traditional\proc\p18f2455.asm
               ADCON0bits   0x000fc2       data     extern C:\MCC18\src\traditional\proc\p18f2455.asm
                   ADCON1   0x000fc1       data     extern C:\MCC18\src\traditional\proc\p18f2455.asm
               ADCON1bits   0x000fc1       data     extern C:\MCC18\src\traditional\proc\p18f2455.asm
                   ADCON2   0x000fc0       data     extern C:\MCC18\src\traditional\proc\p18f2455.asm
               ADCON2bits   0x000fc0       data     extern C:\MCC18\src\traditional\proc\p18f2455.asm
                    ADRES   0x000fc3       data     extern C:\MCC18\src\traditional\proc\p18f2455.asm
                   ADRESH   0x000fc4       data     extern C:\MCC18\src\traditional\proc\p18f2455.asm
                   ADRESL   0x000fc3       data     extern C:\MCC18\src\traditional\proc\p18f2455.asm
            A_cur_channel   0x000015       data     extern O:\user\user.c           
           A_tick_counter   0x000013       data     extern O:\user\user.c           
             AnalogEnable   0x00000c       data     extern O:\user\user.c           
                  BAUDCON   0x000fb8       data     extern C:\MCC18\src\traditional\proc\p18f2455.asm
              BAUDCONbits   0x000fb8       data     extern C:\MCC18\src\traditional\proc\p18f2455.asm
                      BSR   0x000fe0       data     extern C:\MCC18\src\traditional\proc\p18f2455.asm
                   CCP1AS   0x000fb6       data     extern C:\MCC18\src\traditional\proc\p18f2455.asm
               CCP1ASbits   0x000fb6       data     extern C:\MCC18\src\traditional\proc\p18f2455.asm
                  CCP1CON   0x000fbd       data     extern C:\MCC18\src\traditional\proc\p18f2455.asm
              CCP1CONbits   0x000fbd       data     extern C:\MCC18\src\traditional\proc\p18f2455.asm
                  CCP1DEL   0x000fb7       data     extern C:\MCC18\src\traditional\proc\p18f2455.asm
              CCP1DELbits   0x000fb7       data     extern C:\MCC18\src\traditional\proc\p18f2455.asm
                  CCP2CON   0x000fba       data     extern C:\MCC18\src\traditional\proc\p18f2455.asm
              CCP2CONbits   0x000fba       data     extern C:\MCC18\src\traditional\proc\p18f2455.asm
                    CCPR1   0x000fbe       data     extern C:\MCC18\src\traditional\proc\p18f2455.asm
                   CCPR1H   0x000fbf       data     extern C:\MCC18\src\traditional\proc\p18f2455.asm
                   CCPR1L   0x000fbe       data     extern C:\MCC18\src\traditional\proc\p18f2455.asm
                    CCPR2   0x000fbb       data     extern C:\MCC18\src\traditional\proc\p18f2455.asm
                   CCPR2H   0x000fbc       data     extern C:\MCC18\src\traditional\proc\p18f2455.asm
                   CCPR2L   0x000fbb       data     extern C:\MCC18\src\traditional\proc\p18f2455.asm
                    CMCON   0x000fb4       data     extern C:\MCC18\src\traditional\proc\p18f2455.asm
                CMCONbits   0x000fb4       data     extern C:\MCC18\src\traditional\proc\p18f2455.asm
                   CVRCON   0x000fb5       data     extern C:\MCC18\src\traditional\proc\p18f2455.asm
               CVRCONbits   0x000fb5       data     extern C:\MCC18\src\traditional\proc\p18f2455.asm
              CtrlTrfData   0x000428       data     extern O:\system\usb\usbmmap.c  
                     DDRA   0x000f92       data     extern C:\MCC18\src\traditional\proc\p18f2455.asm
                 DDRAbits   0x000f92       data     extern C:\MCC18\src\traditional\proc\p18f2455.asm
                     DDRB   0x000f93       data     extern C:\MCC18\src\traditional\proc\p18f2455.asm
                 DDRBbits   0x000f93       data     extern C:\MCC18\src\traditional\proc\p18f2455.asm
                     DDRC   0x000f94       data     extern C:\MCC18\src\traditional\proc\p18f2455.asm
                 DDRCbits   0x000f94       data     extern C:\MCC18\src\traditional\proc\p18f2455.asm
           D_tick_counter   0x000011       data     extern O:\user\user.c           
                  ECCP1AS   0x000fb6       data     extern C:\MCC18\src\traditional\proc\p18f2455.asm
              ECCP1ASbits   0x000fb6       data     extern C:\MCC18\src\traditional\proc\p18f2455.asm
                 ECCP1DEL   0x000fb7       data     extern C:\MCC18\src\traditional\proc\p18f2455.asm
             ECCP1DELbits   0x000fb7       data     extern C:\MCC18\src\traditional\proc\p18f2455.asm
                    EEADR   0x000fa9       data     extern C:\MCC18\src\traditional\proc\p18f2455.asm
                   EECON1   0x000fa6       data     extern C:\MCC18\src\traditional\proc\p18f2455.asm
               EECON1bits   0x000fa6       data     extern C:\MCC18\src\traditional\proc\p18f2455.asm
                   EECON2   0x000fa7       data     extern C:\MCC18\src\traditional\proc\p18f2455.asm
                   EEDATA   0x000fa8       data     extern C:\MCC18\src\traditional\proc\p18f2455.asm
                     FSR0   0x000fe9       data     extern C:\MCC18\src\traditional\proc\p18f2455.asm
                    FSR0H   0x000fea       data     extern C:\MCC18\src\traditional\proc\p18f2455.asm
                    FSR0L   0x000fe9       data     extern C:\MCC18\src\traditional\proc\p18f2455.asm
                     FSR1   0x000fe1       data     extern C:\MCC18\src\traditional\proc\p18f2455.asm
                    FSR1H   0x000fe2       data     extern C:\MCC18\src\traditional\proc\p18f2455.asm
                    FSR1L   0x000fe1       data     extern C:\MCC18\src\traditional\proc\p18f2455.asm
                     FSR2   0x000fd9       data     extern C:\MCC18\src\traditional\proc\p18f2455.asm
                    FSR2H   0x000fda       data     extern C:\MCC18\src\traditional\proc\p18f2455.asm
                    FSR2L   0x000fd9       data     extern C:\MCC18\src\traditional\proc\p18f2455.asm
                  HLVDCON   0x000fd2       data     extern C:\MCC18\src\traditional\proc\p18f2455.asm
              HLVDCONbits   0x000fd2       data     extern C:\MCC18\src\traditional\proc\p18f2455.asm
                    INDF0   0x000fef       data     extern C:\MCC18\src\traditional\proc\p18f2455.asm
                    INDF1   0x000fe7       data     extern C:\MCC18\src\traditional\proc\p18f2455.asm
                    INDF2   0x000fdf       data     extern C:\MCC18\src\traditional\proc\p18f2455.asm
                   INTCON   0x000ff2       data     extern C:\MCC18\src\traditional\proc\p18f2455.asm
                  INTCON2   0x000ff1       data     extern C:\MCC18\src\traditional\proc\p18f2455.asm
              INTCON2bits   0x000ff1       data     extern C:\MCC18\src\traditional\proc\p18f2455.asm
                  INTCON3   0x000ff0       data     extern C:\MCC18\src\traditional\proc\p18f2455.asm
              INTCON3bits   0x000ff0       data     extern C:\MCC18\src\traditional\proc\p18f2455.asm
               INTCONbits   0x000ff2       data     extern C:\MCC18\src\traditional\proc\p18f2455.asm
                     IPR1   0x000f9f       data     extern C:\MCC18\src\traditional\proc\p18f2455.asm
                 IPR1bits   0x000f9f       data     extern C:\MCC18\src\traditional\proc\p18f2455.asm
                     IPR2   0x000fa2       data     extern C:\MCC18\src\traditional\proc\p18f2455.asm
                 IPR2bits   0x000fa2       data     extern C:\MCC18\src\traditional\proc\p18f2455.asm
               ISR_A_FIFO   0x000100       data     extern O:\user\user.c           
            ISR_A_FIFO_in   0x000009       data     extern O:\user\user.c           
        ISR_A_FIFO_length   0x00000b       data     extern O:\user\user.c           
           ISR_A_FIFO_out   0x00000a       data     extern O:\user\user.c           
         ISR_A_RepeatRate   0x000007       data     extern O:\user\user.c           
               ISR_D_FIFO   0x000148       data     extern O:\user\user.c           
            ISR_D_FIFO_in   0x000004       data     extern O:\user\user.c           
        ISR_D_FIFO_length   0x000006       data     extern O:\user\user.c           
           ISR_D_FIFO_out   0x000005       data     extern O:\user\user.c           
         ISR_D_RepeatRate   0x000002       data     extern O:\user\user.c           
                     LATA   0x000f89       data     extern C:\MCC18\src\traditional\proc\p18f2455.asm
                 LATAbits   0x000f89       data     extern C:\MCC18\src\traditional\proc\p18f2455.asm
                     LATB   0x000f8a       data     extern C:\MCC18\src\traditional\proc\p18f2455.asm
                 LATBbits   0x000f8a       data     extern C:\MCC18\src\traditional\proc\p18f2455.asm
                     LATC   0x000f8b       data     extern C:\MCC18\src\traditional\proc\p18f2455.asm
                 LATCbits   0x000f8b       data     extern C:\MCC18\src\traditional\proc\p18f2455.asm
                 LEDCount   0x000067       data     static O:\user\user.c           
                 LEDState   0x000069       data     static O:\user\user.c           
                   LVDCON   0x000fd2       data     extern C:\MCC18\src\traditional\proc\p18f2455.asm
               LVDCONbits   0x000fd2       data     extern C:\MCC18\src\traditional\proc\p18f2455.asm
                   OSCCON   0x000fd3       data     extern C:\MCC18\src\traditional\proc\p18f2455.asm
               OSCCONbits   0x000fd3       data     extern C:\MCC18\src\traditional\proc\p18f2455.asm
                  OSCTUNE   0x000f9b       data     extern C:\MCC18\src\traditional\proc\p18f2455.asm
              OSCTUNEbits   0x000f9b       data     extern C:\MCC18\src\traditional\proc\p18f2455.asm
                       PC   0x000ff9       data     extern C:\MCC18\src\traditional\proc\p18f2455.asm
                      PCL   0x000ff9       data     extern C:\MCC18\src\traditional\proc\p18f2455.asm
                   PCLATH   0x000ffa       data     extern C:\MCC18\src\traditional\proc\p18f2455.asm
                   PCLATU   0x000ffb       data     extern C:\MCC18\src\traditional\proc\p18f2455.asm
                     PIE1   0x000f9d       data     extern C:\MCC18\src\traditional\proc\p18f2455.asm
                 PIE1bits   0x000f9d       data     extern C:\MCC18\src\traditional\proc\p18f2455.asm
                     PIE2   0x000fa0       data     extern C:\MCC18\src\traditional\proc\p18f2455.asm
                 PIE2bits   0x000fa0       data     extern C:\MCC18\src\traditional\proc\p18f2455.asm
                     PIR1   0x000f9e       data     extern C:\MCC18\src\traditional\proc\p18f2455.asm
                 PIR1bits   0x000f9e       data     extern C:\MCC18\src\traditional\proc\p18f2455.asm
                     PIR2   0x000fa1       data     extern C:\MCC18\src\traditional\proc\p18f2455.asm
                 PIR2bits   0x000fa1       data     extern C:\MCC18\src\traditional\proc\p18f2455.asm
                   PLUSW0   0x000feb       data     extern C:\MCC18\src\traditional\proc\p18f2455.asm
                   PLUSW1   0x000fe3       data     extern C:\MCC18\src\traditional\proc\p18f2455.asm
                   PLUSW2   0x000fdb       data     extern C:\MCC18\src\traditional\proc\p18f2455.asm
                    PORTA   0x000f80       data     extern C:\MCC18\src\traditional\proc\p18f2455.asm
                PORTAbits   0x000f80       data     extern C:\MCC18\src\traditional\proc\p18f2455.asm
                    PORTB   0x000f81       data     extern C:\MCC18\src\traditional\proc\p18f2455.asm
                PORTBbits   0x000f81       data     extern C:\MCC18\src\traditional\proc\p18f2455.asm
                    PORTC   0x000f82       data     extern C:\MCC18\src\traditional\proc\p18f2455.asm
                PORTCbits   0x000f82       data     extern C:\MCC18\src\traditional\proc\p18f2455.asm
                    PORTE   0x000f84       data     extern C:\MCC18\src\traditional\proc\p18f2455.asm
                PORTEbits   0x000f84       data     extern C:\MCC18\src\traditional\proc\p18f2455.asm
                 POSTDEC0   0x000fed       data     extern C:\MCC18\src\traditional\proc\p18f2455.asm
                 POSTDEC1   0x000fe5       data     extern C:\MCC18\src\traditional\proc\p18f2455.asm
                 POSTDEC2   0x000fdd       data     extern C:\MCC18\src\traditional\proc\p18f2455.asm
                 POSTINC0   0x000fee       data     extern C:\MCC18\src\traditional\proc\p18f2455.asm
                 POSTINC1   0x000fe6       data     extern C:\MCC18\src\traditional\proc\p18f2455.asm
                 POSTINC2   0x000fde       data     extern C:\MCC18\src\traditional\proc\p18f2455.asm
                      PR2   0x000fcb       data     extern C:\MCC18\src\traditional\proc\p18f2455.asm
                  PREINC0   0x000fec       data     extern C:\MCC18\src\traditional\proc\p18f2455.asm
                  PREINC1   0x000fe4       data     extern C:\MCC18\src\traditional\proc\p18f2455.asm
                  PREINC2   0x000fdc       data     extern C:\MCC18\src\traditional\proc\p18f2455.asm
                     PROD   0x000ff3       data     extern C:\MCC18\src\traditional\proc\p18f2455.asm
                    PRODH   0x000ff4       data     extern C:\MCC18\src\traditional\proc\p18f2455.asm
                    PRODL   0x000ff3       data     extern C:\MCC18\src\traditional\proc\p18f2455.asm
                     RCON   0x000fd0       data     extern C:\MCC18\src\traditional\proc\p18f2455.asm
                 RCONbits   0x000fd0       data     extern C:\MCC18\src\traditional\proc\p18f2455.asm
                    RCREG   0x000fae       data     extern C:\MCC18\src\traditional\proc\p18f2455.asm
                    RCSTA   0x000fab       data     extern C:\MCC18\src\traditional\proc\p18f2455.asm
                RCSTAbits   0x000fab       data     extern C:\MCC18\src\traditional\proc\p18f2455.asm
                     SIGN   0x000016       data     extern C:\MCC18\src\traditional\math\cmath18.asm
                    SPBRG   0x000faf       data     extern C:\MCC18\src\traditional\proc\p18f2455.asm
                   SPBRGH   0x000fb0       data     extern C:\MCC18\src\traditional\proc\p18f2455.asm
                   SSPADD   0x000fc8       data     extern C:\MCC18\src\traditional\proc\p18f2455.asm
                   SSPBUF   0x000fc9       data     extern C:\MCC18\src\traditional\proc\p18f2455.asm
                  SSPCON1   0x000fc6       data     extern C:\MCC18\src\traditional\proc\p18f2455.asm
              SSPCON1bits   0x000fc6       data     extern C:\MCC18\src\traditional\proc\p18f2455.asm
                  SSPCON2   0x000fc5       data     extern C:\MCC18\src\traditional\proc\p18f2455.asm
              SSPCON2bits   0x000fc5       data     extern C:\MCC18\src\traditional\proc\p18f2455.asm
                  SSPSTAT   0x000fc7       data     extern C:\MCC18\src\traditional\proc\p18f2455.asm
              SSPSTATbits   0x000fc7       data     extern C:\MCC18\src\traditional\proc\p18f2455.asm
                   STATUS   0x000fd8       data     extern C:\MCC18\src\traditional\proc\p18f2455.asm
               STATUSbits   0x000fd8       data     extern C:\MCC18\src\traditional\proc\p18f2455.asm
                   STKPTR   0x000ffc       data     extern C:\MCC18\src\traditional\proc\p18f2455.asm
               STKPTRbits   0x000ffc       data     extern C:\MCC18\src\traditional\proc\p18f2455.asm
                 SetupPkt   0x000420       data     extern O:\system\usb\usbmmap.c  
                    T0CON   0x000fd5       data     extern C:\MCC18\src\traditional\proc\p18f2455.asm
                T0CONbits   0x000fd5       data     extern C:\MCC18\src\traditional\proc\p18f2455.asm
                    T1CON   0x000fcd       data     extern C:\MCC18\src\traditional\proc\p18f2455.asm
                T1CONbits   0x000fcd       data     extern C:\MCC18\src\traditional\proc\p18f2455.asm
                    T2CON   0x000fca       data     extern C:\MCC18\src\traditional\proc\p18f2455.asm
                T2CONbits   0x000fca       data     extern C:\MCC18\src\traditional\proc\p18f2455.asm
                    T3CON   0x000fb1       data     extern C:\MCC18\src\traditional\proc\p18f2455.asm
                T3CONbits   0x000fb1       data     extern C:\MCC18\src\traditional\proc\p18f2455.asm
                   TABLAT   0x000ff5       data     extern C:\MCC18\src\traditional\proc\p18f2455.asm
                   TBLPTR   0x000ff6       data     extern C:\MCC18\src\traditional\proc\p18f2455.asm
                  TBLPTRH   0x000ff7       data     extern C:\MCC18\src\traditional\proc\p18f2455.asm
                  TBLPTRL   0x000ff6       data     extern C:\MCC18\src\traditional\proc\p18f2455.asm
                  TBLPTRU   0x000ff8       data     extern C:\MCC18\src\traditional\proc\p18f2455.asm
                    TMR0H   0x000fd7       data     extern C:\MCC18\src\traditional\proc\p18f2455.asm
                    TMR0L   0x000fd6       data     extern C:\MCC18\src\traditional\proc\p18f2455.asm
                    TMR1H   0x000fcf       data     extern C:\MCC18\src\traditional\proc\p18f2455.asm
                    TMR1L   0x000fce       data     extern C:\MCC18\src\traditional\proc\p18f2455.asm
                     TMR2   0x000fcc       data     extern C:\MCC18\src\traditional\proc\p18f2455.asm
                    TMR3H   0x000fb3       data     extern C:\MCC18\src\traditional\proc\p18f2455.asm
                    TMR3L   0x000fb2       data     extern C:\MCC18\src\traditional\proc\p18f2455.asm
                      TOS   0x000ffd       data     extern C:\MCC18\src\traditional\proc\p18f2455.asm
                     TOSH   0x000ffe       data     extern C:\MCC18\src\traditional\proc\p18f2455.asm
                     TOSL   0x000ffd       data     extern C:\MCC18\src\traditional\proc\p18f2455.asm
                     TOSU   0x000fff       data     extern C:\MCC18\src\traditional\proc\p18f2455.asm
                    TRISA   0x000f92       data     extern C:\MCC18\src\traditional\proc\p18f2455.asm
                TRISAbits   0x000f92       data     extern C:\MCC18\src\traditional\proc\p18f2455.asm
                    TRISB   0x000f93       data     extern C:\MCC18\src\traditional\proc\p18f2455.asm
                TRISBbits   0x000f93       data     extern C:\MCC18\src\traditional\proc\p18f2455.asm
                    TRISC   0x000f94       data     extern C:\MCC18\src\traditional\proc\p18f2455.asm
                TRISCbits   0x000f94       data     extern C:\MCC18\src\traditional\proc\p18f2455.asm
                    TXREG   0x000fad       data     extern C:\MCC18\src\traditional\proc\p18f2455.asm
                    TXSTA   0x000fac       data     extern C:\MCC18\src\traditional\proc\p18f2455.asm
                TXSTAbits   0x000fac       data     extern C:\MCC18\src\traditional\proc\p18f2455.asm
                    UADDR   0x000f6e       data     extern C:\MCC18\src\traditional\proc\p18f2455.asm
                UADDRbits   0x000f6e       data     extern C:\MCC18\src\traditional\proc\p18f2455.asm
                     UCFG   0x000f6f       data     extern C:\MCC18\src\traditional\proc\p18f2455.asm
                 UCFGbits   0x000f6f       data     extern C:\MCC18\src\traditional\proc\p18f2455.asm
                     UCON   0x000f6d       data     extern C:\MCC18\src\traditional\proc\p18f2455.asm
                 UCONbits   0x000f6d       data     extern C:\MCC18\src\traditional\proc\p18f2455.asm
                     UEIE   0x000f6b       data     extern C:\MCC18\src\traditional\proc\p18f2455.asm
                 UEIEbits   0x000f6b       data     extern C:\MCC18\src\traditional\proc\p18f2455.asm
                     UEIR   0x000f6a       data     extern C:\MCC18\src\traditional\proc\p18f2455.asm
                 UEIRbits   0x000f6a       data     extern C:\MCC18\src\traditional\proc\p18f2455.asm
                     UEP0   0x000f70       data     extern C:\MCC18\src\traditional\proc\p18f2455.asm
                 UEP0bits   0x000f70       data     extern C:\MCC18\src\traditional\proc\p18f2455.asm
                     UEP1   0x000f71       data     extern C:\MCC18\src\traditional\proc\p18f2455.asm
                    UEP10   0x000f7a       data     extern C:\MCC18\src\traditional\proc\p18f2455.asm
                UEP10bits   0x000f7a       data     extern C:\MCC18\src\traditional\proc\p18f2455.asm
                    UEP11   0x000f7b       data     extern C:\MCC18\src\traditional\proc\p18f2455.asm
                UEP11bits   0x000f7b       data     extern C:\MCC18\src\traditional\proc\p18f2455.asm
                    UEP12   0x000f7c       data     extern C:\MCC18\src\traditional\proc\p18f2455.asm
                UEP12bits   0x000f7c       data     extern C:\MCC18\src\traditional\proc\p18f2455.asm
                    UEP13   0x000f7d       data     extern C:\MCC18\src\traditional\proc\p18f2455.asm
                UEP13bits   0x000f7d       data     extern C:\MCC18\src\traditional\proc\p18f2455.asm
                    UEP14   0x000f7e       data     extern C:\MCC18\src\traditional\proc\p18f2455.asm
                UEP14bits   0x000f7e       data     extern C:\MCC18\src\traditional\proc\p18f2455.asm
                    UEP15   0x000f7f       data     extern C:\MCC18\src\traditional\proc\p18f2455.asm
                UEP15bits   0x000f7f       data     extern C:\MCC18\src\traditional\proc\p18f2455.asm
                 UEP1bits   0x000f71       data     extern C:\MCC18\src\traditional\proc\p18f2455.asm
                     UEP2   0x000f72       data     extern C:\MCC18\src\traditional\proc\p18f2455.asm
                 UEP2bits   0x000f72       data     extern C:\MCC18\src\traditional\proc\p18f2455.asm
                     UEP3   0x000f73       data     extern C:\MCC18\src\traditional\proc\p18f2455.asm
                 UEP3bits   0x000f73       data     extern C:\MCC18\src\traditional\proc\p18f2455.asm
                     UEP4   0x000f74       data     extern C:\MCC18\src\traditional\proc\p18f2455.asm
                 UEP4bits   0x000f74       data     extern C:\MCC18\src\traditional\proc\p18f2455.asm
                     UEP5   0x000f75       data     extern C:\MCC18\src\traditional\proc\p18f2455.asm
                 UEP5bits   0x000f75       data     extern C:\MCC18\src\traditional\proc\p18f2455.asm
                     UEP6   0x000f76       data     extern C:\MCC18\src\traditional\proc\p18f2455.asm
                 UEP6bits   0x000f76       data     extern C:\MCC18\src\traditional\proc\p18f2455.asm
                     UEP7   0x000f77       data     extern C:\MCC18\src\traditional\proc\p18f2455.asm
                 UEP7bits   0x000f77       data     extern C:\MCC18\src\traditional\proc\p18f2455.asm
                     UEP8   0x000f78       data     extern C:\MCC18\src\traditional\proc\p18f2455.asm
                 UEP8bits   0x000f78       data     extern C:\MCC18\src\traditional\proc\p18f2455.asm
                     UEP9   0x000f79       data     extern C:\MCC18\src\traditional\proc\p18f2455.asm
                 UEP9bits   0x000f79       data     extern C:\MCC18\src\traditional\proc\p18f2455.asm
                     UFRM   0x000f66       data     extern C:\MCC18\src\traditional\proc\p18f2455.asm
                    UFRMH   0x000f67       data     extern C:\MCC18\src\traditional\proc\p18f2455.asm
                UFRMHbits   0x000f67       data     extern C:\MCC18\src\traditional\proc\p18f2455.asm
                    UFRML   0x000f66       data     extern C:\MCC18\src\traditional\proc\p18f2455.asm
                UFRMLbits   0x000f66       data     extern C:\MCC18\src\traditional\proc\p18f2455.asm
                      UIE   0x000f69       data     extern C:\MCC18\src\traditional\proc\p18f2455.asm
                  UIEbits   0x000f69       data     extern C:\MCC18\src\traditional\proc\p18f2455.asm
                      UIR   0x000f68       data     extern C:\MCC18\src\traditional\proc\p18f2455.asm
                  UIRbits   0x000f68       data     extern C:\MCC18\src\traditional\proc\p18f2455.asm
                    USTAT   0x000f6c       data     extern C:\MCC18\src\traditional\proc\p18f2455.asm
                USTATbits   0x000f6c       data     extern C:\MCC18\src\traditional\proc\p18f2455.asm
                   WDTCON   0x000fd1       data     extern C:\MCC18\src\traditional\proc\p18f2455.asm
               WDTCONbits   0x000fd1       data     extern C:\MCC18\src\traditional\proc\p18f2455.asm
                     WREG   0x000fe8       data     extern C:\MCC18\src\traditional\proc\p18f2455.asm
                 __AARGB0   0x00001f       data     extern C:\MCC18\src\traditional\math\aarg.asm
                 __AARGB1   0x00001e       data     extern C:\MCC18\src\traditional\math\aarg.asm
                 __AARGB2   0x00001d       data     extern C:\MCC18\src\traditional\math\aarg.asm
                 __AARGB3   0x00001c       data     extern C:\MCC18\src\traditional\math\aarg.asm
                 __AARGB4   0x00001b       data     extern C:\MCC18\src\traditional\math\aarg.asm
                 __AARGB5   0x00001a       data     extern C:\MCC18\src\traditional\math\aarg.asm
                 __AARGB6   0x000019       data     extern C:\MCC18\src\traditional\math\aarg.asm
                 __AARGB7   0x000018       data     extern C:\MCC18\src\traditional\math\aarg.asm
                   __AEXP   0x000020       data     extern C:\MCC18\src\traditional\math\aarg.asm
                 __BARGB0   0x000024       data     extern C:\MCC18\src\traditional\math\barg.asm
                 __BARGB1   0x000023       data     extern C:\MCC18\src\traditional\math\barg.asm
                 __BARGB2   0x000022       data     extern C:\MCC18\src\traditional\math\barg.asm
                 __BARGB3   0x000021       data     extern C:\MCC18\src\traditional\math\barg.asm
                   __BEXP   0x000025       data     extern C:\MCC18\src\traditional\math\barg.asm
                __FPFLAGS   0x000017       data     extern C:\MCC18\src\traditional\math\cmath18.asm
            __FPFLAGSbits   0x000017       data     extern C:\MCC18\src\traditional\math\cmath18.asm
                  __REMB0   0x00001b       data     extern C:\MCC18\src\traditional\math\aarg.asm
                  __REMB1   0x00001a       data     extern C:\MCC18\src\traditional\math\aarg.asm
                  __REMB2   0x000019       data     extern C:\MCC18\src\traditional\math\aarg.asm
                  __REMB3   0x000018       data     extern C:\MCC18\src\traditional\math\aarg.asm
                   __TEMP   0x000029       data     extern C:\MCC18\src\traditional\math\temparg.asm
                 __TEMPB0   0x000029       data     extern C:\MCC18\src\traditional\math\temparg.asm
                 __TEMPB1   0x000028       data     extern C:\MCC18\src\traditional\math\temparg.asm
                 __TEMPB2   0x000027       data     extern C:\MCC18\src\traditional\math\temparg.asm
                 __TEMPB3   0x000026       data     extern C:\MCC18\src\traditional\math\temparg.asm
                  __tmp_0   0x00002a       data     static C:\MCC18\src\traditional\stdclib\printf.c
                  __tmp_0   0x00002a       data     static C:\MCC18\src\traditional\stdclib\vfprintf.c
                  __tmp_0   0x00002a       data     static C:\MCC18\src\traditional\stdclib\putc.c
                  __tmp_0   0x00002a       data     static O:\system\usb\usbctrltrf\usbctrltrf.c
                  __tmp_0   0x00002a       data     static O:\system\usb\usb9\usb9.c
                  __tmp_0   0x00002a       data     static O:\user\user.c           
                  __tmp_0   0x00002a       data     static O:\system\usb\class\cdc\cdc.c
                  __tmp_2   0x000038       data     static O:\user\user.c           
            activeRollers   0x0001a9       data     extern O:\user\user.c           
              cdc_data_rx   0x000508       data     extern O:\system\usb\usbmmap.c  
              cdc_data_tx   0x000548       data     extern O:\system\usb\usbmmap.c  
             cdc_mem_type   0x0001df       data     extern O:\system\usb\class\cdc\cdc.c
               cdc_notice   0x000500       data     extern O:\system\usb\usbmmap.c  
               cdc_rx_len   0x0001d8       data     extern O:\system\usb\class\cdc\cdc.c
            cdc_trf_state   0x0001d9       data     extern O:\system\usb\class\cdc\cdc.c
               cdc_tx_len   0x0001de       data     extern O:\system\usb\class\cdc\cdc.c
    control_signal_bitmap   0x0001e7       data     extern O:\system\usb\class\cdc\cdc.c
   ctrl_trf_session_owner   0x00006b       data     extern O:\system\usb\usbctrltrf\usbctrltrf.c
           ctrl_trf_state   0x00006a       data     extern O:\system\usb\usbctrltrf\usbctrltrf.c
                curr_byte   0x0001f3       data     static C:\MCC18\src\traditional\startup\c018iBL.c
               curr_entry   0x0001f5       data     static C:\MCC18\src\traditional\startup\c018iBL.c
      currentSensorStates   0x0001ab       data     extern O:\user\user.c           
                 data_ptr   0x0001f7       data     static C:\MCC18\src\traditional\startup\c018iBL.c
              delay_count   0x0001fe       data     static O:\system\usb\usbdrv\usbdrv.c
dummy_encapsulated_cmd_response   0x0001e8       data     extern O:\system\usb\class\cdc\cdc.c
                    ep0Bi   0x000404       data     extern O:\system\usb\usbmmap.c  
                    ep0Bo   0x000400       data     extern O:\system\usb\usbmmap.c  
                    ep1Bi   0x00040c       data     extern O:\system\usb\usbmmap.c  
                    ep1Bo   0x000408       data     extern O:\system\usb\usbmmap.c  
                    ep2Bi   0x000414       data     extern O:\system\usb\usbmmap.c  
                    ep2Bo   0x000410       data     extern O:\system\usb\usbmmap.c  
                    ep3Bi   0x00041c       data     extern O:\system\usb\usbmmap.c  
                    ep3Bo   0x000418       data     extern O:\system\usb\usbmmap.c  
               error_byte   0x00000d       data     extern O:\user\user.c           
               finishTick   0x0001a7       data     extern O:\user\user.c           
                g_BO_init   0x000199       data     extern O:\user\user.c           
        g_BO_strobe_delay   0x00019d       data     extern O:\user\user.c           
         g_BO_strobe_mask   0x00019a       data     extern O:\user\user.c           
          g_BO_wait_delay   0x00019c       data     extern O:\user\user.c           
           g_BO_wait_mask   0x00019b       data     extern O:\user\user.c           
            g_RC_next_ptr   0x00000f       data     extern O:\user\user.c           
          g_RC_primed_ptr   0x00000e       data     extern O:\user\user.c           
               g_RC_state   0x000151       data     extern O:\user\user.c           
          g_RC_timing_ptr   0x000010       data     extern O:\user\user.c           
               g_RC_value   0x000169       data     extern O:\user\user.c           
                 g_RX_buf   0x000240       data     extern O:\user\user.c           
              g_RX_buf_in   0x0001a0       data     extern O:\user\user.c           
             g_RX_buf_out   0x0001a1       data     extern O:\user\user.c           
                 g_TX_buf   0x000200       data     extern O:\user\user.c           
              g_TX_buf_in   0x00019e       data     extern O:\user\user.c           
             g_TX_buf_out   0x00019f       data     extern O:\user\user.c           
           g_USART_RX_buf   0x000280       data     extern O:\user\user.c           
        g_USART_RX_buf_in   0x0001a2       data     extern O:\user\user.c           
       g_USART_RX_buf_out   0x0001a3       data     extern O:\user\user.c           
           g_USART_TX_buf   0x0002c0       data     extern O:\user\user.c           
        g_USART_TX_buf_in   0x0001a4       data     extern O:\user\user.c           
       g_USART_TX_buf_out   0x0001a5       data     extern O:\user\user.c           
             g_ack_enable   0x0001a6       data     extern O:\user\user.c           
                    in_cr   0x000066       data     static O:\user\user.c           
                 isRacing   0x000062       data     extern O:\user\user.c           
                justBegun   0x000065       data     extern O:\user\user.c           
           last_fifo_size   0x0001d7       data     static O:\user\user.c           
              line_coding   0x0001e0       data     extern O:\system\usb\class\cdc\cdc.c
                  newTick   0x000064       data     extern O:\user\user.c           
                  pCDCDst   0x0001dc       data     extern O:\system\usb\class\cdc\cdc.c
                  pCDCSrc   0x0001da       data     extern O:\system\usb\class\cdc\cdc.c
                     pDst   0x00006e       data     extern O:\system\usb\usbctrltrf\usbctrltrf.c
                     pSrc   0x00006c       data     extern O:\system\usb\usbctrltrf\usbctrltrf.c
         prevSensorStates   0x0001aa       data     extern O:\user\user.c           
                     prom   0x0001f0       data     static C:\MCC18\src\traditional\startup\c018iBL.c
             raceTestMode   0x000063       data     extern O:\user\user.c           
                 raceTime   0x0001ac       data     extern O:\user\user.c           
          refreshInterval   0x000060       data     extern O:\user\user.c           
          rollerTickTimes   0x0001af       data     extern O:\user\user.c           
              rollerTicks   0x0001c7       data     extern O:\user\user.c           
                   stdout   0x000072       data     extern C:\MCC18\src\traditional\stdclib\stdout.c
     time_between_updates   0x000000       data     extern O:\user\user.c           
           usb_active_cfg   0x0001fc       data     extern O:\system\usb\usbmmap.c  
             usb_alt_intf   0x0001fd       data     extern O:\system\usb\usbmmap.c  
         usb_device_state   0x0001fa       data     extern O:\system\usb\usbmmap.c  
                 usb_stat   0x0001fb       data     extern O:\system\usb\usbmmap.c  
                   wCount   0x000070       data     extern O:\system\usb\usbctrltrf\usbctrltrf.c



                              Symbols - Sorted by Address
                     Name    Address   Location    Storage File                     
                ---------  ---------  ---------  --------- ---------                
                   _entry   0x000800    program     extern C:\MCC18\src\traditional\startup\c018iBL.c
       ___return_lbl00000   0x000804    program     static                          
              high_vector   0x000808    program     extern O:\main.c                
       ___return_lbl00000   0x00080c    program     static                          
               low_vector   0x000818    program     extern O:\main.c                
       ___return_lbl00001   0x00081c    program     static                          
           SendUpdateToPc   0x000844    program     extern O:\user\user.c           
                  low_ISR   0x0009ec    program     extern O:\user\user.c           
                 high_ISR   0x000a12    program     extern O:\user\user.c           
                 UserInit   0x000b24    program     extern O:\user\user.c           
                ProcessIO   0x000c2e    program     extern O:\user\user.c           
               _user_putc   0x000ea8    program     extern O:\user\user.c           
   check_and_send_TX_data   0x000efe    program     extern O:\user\user.c           
             parse_packet   0x000f94    program     extern O:\user\user.c           
                print_ack   0x001174    program     extern O:\user\user.c           
           parse_V_packet   0x00119c    program     extern O:\user\user.c           
                startRace   0x0011be    program     extern O:\user\user.c           
          parse_GO_packet   0x0011d8    program     extern O:\user\user.c           
          parse_ST_packet   0x001200    program     extern O:\user\user.c           
          parse_HW_packet   0x00120c    program     extern O:\user\user.c           
           extract_number   0x00123a    program     extern O:\user\user.c           
            extract_digit   0x0015a6    program     extern O:\user\user.c           
             print_status   0x0016a0    program     extern O:\user\user.c           
           BlinkUSBStatus   0x0016ca    program     extern O:\user\user.c           
          SwitchIsPressed   0x0017a0    program     extern O:\user\user.c           
            s_put_n_chars   0x0017b0    program     static C:\MCC18\src\traditional\stdclib\vfprintf.c
                 vfprintf   0x0017dc    program     extern C:\MCC18\src\traditional\stdclib\vfprintf.c
              __tmplbl_85   0x001806    program     static                          
              __tmplbl_44   0x0020b4    program     static                          
              __tmplbl_43   0x0020ce    program     static                          
                   __pa_0   0x0020f0    program     static C:\MCC18\src\traditional\stdclib\vfprintf.c
                   __pa_1   0x0020f8    program     static C:\MCC18\src\traditional\stdclib\vfprintf.c
                   __pa_2   0x002102    program     static C:\MCC18\src\traditional\stdclib\vfprintf.c
                   __pa_3   0x00210c    program     static C:\MCC18\src\traditional\stdclib\vfprintf.c
                   __pa_4   0x002124    program     static C:\MCC18\src\traditional\stdclib\vfprintf.c
                   __pa_5   0x002138    program     static C:\MCC18\src\traditional\stdclib\vfprintf.c
                   __pa_6   0x002154    program     static C:\MCC18\src\traditional\stdclib\vfprintf.c
                   __pa_7   0x00215e    program     static C:\MCC18\src\traditional\stdclib\vfprintf.c
                   __pa_8   0x00216a    program     static C:\MCC18\src\traditional\stdclib\vfprintf.c
                   __pa_9   0x00218c    program     static C:\MCC18\src\traditional\stdclib\vfprintf.c
                  __pa_10   0x0021ac    program     static C:\MCC18\src\traditional\stdclib\vfprintf.c
                  __pa_11   0x0021ba    program     static C:\MCC18\src\traditional\stdclib\vfprintf.c
                  __pa_12   0x0021d0    program     static C:\MCC18\src\traditional\stdclib\vfprintf.c
                  __pa_13   0x0021ea    program     static C:\MCC18\src\traditional\stdclib\vfprintf.c
                  __pa_14   0x002202    program     static C:\MCC18\src\traditional\stdclib\vfprintf.c
                  __pa_15   0x002212    program     static C:\MCC18\src\traditional\stdclib\vfprintf.c
                  __pa_16   0x002228    program     static C:\MCC18\src\traditional\stdclib\vfprintf.c
                  __pa_17   0x00223a    program     static C:\MCC18\src\traditional\stdclib\vfprintf.c
                  __pa_18   0x00224c    program     static C:\MCC18\src\traditional\stdclib\vfprintf.c
                  __pa_19   0x002256    program     static C:\MCC18\src\traditional\stdclib\vfprintf.c
                  __pa_20   0x002266    program     static C:\MCC18\src\traditional\stdclib\vfprintf.c
                  __pa_21   0x002276    program     static C:\MCC18\src\traditional\stdclib\vfprintf.c
              __tmplbl_42   0x002286    program     static                          
                  __pa_22   0x002286    program     static C:\MCC18\src\traditional\stdclib\vfprintf.c
                  __pa_23   0x002292    program     static C:\MCC18\src\traditional\stdclib\vfprintf.c
                  __pa_24   0x0022a0    program     static C:\MCC18\src\traditional\stdclib\vfprintf.c
                  __pa_25   0x0022a8    program     static C:\MCC18\src\traditional\stdclib\vfprintf.c
                  __pa_26   0x0022b2    program     static C:\MCC18\src\traditional\stdclib\vfprintf.c
                  __pa_27   0x0022bc    program     static C:\MCC18\src\traditional\stdclib\vfprintf.c
                  __pa_28   0x0022c4    program     static C:\MCC18\src\traditional\stdclib\vfprintf.c
                  __pa_29   0x0022d2    program     static C:\MCC18\src\traditional\stdclib\vfprintf.c
                  __pa_30   0x0022ee    program     static C:\MCC18\src\traditional\stdclib\vfprintf.c
                  __pa_31   0x002308    program     static C:\MCC18\src\traditional\stdclib\vfprintf.c
                  __pa_32   0x002322    program     static C:\MCC18\src\traditional\stdclib\vfprintf.c
                  __pa_33   0x00233a    program     static C:\MCC18\src\traditional\stdclib\vfprintf.c
                  __pa_34   0x002344    program     static C:\MCC18\src\traditional\stdclib\vfprintf.c
                  __pa_35   0x002352    program     static C:\MCC18\src\traditional\stdclib\vfprintf.c
                  __pa_36   0x00235a    program     static C:\MCC18\src\traditional\stdclib\vfprintf.c
                  __pa_37   0x002364    program     static C:\MCC18\src\traditional\stdclib\vfprintf.c
                  __pa_38   0x002374    program     static C:\MCC18\src\traditional\stdclib\vfprintf.c
                  __pa_39   0x002382    program     static C:\MCC18\src\traditional\stdclib\vfprintf.c
                  __pa_40   0x00238e    program     static C:\MCC18\src\traditional\stdclib\vfprintf.c
                  __pa_41   0x00239a    program     static C:\MCC18\src\traditional\stdclib\vfprintf.c
                  __pa_42   0x0023a2    program     static C:\MCC18\src\traditional\stdclib\vfprintf.c
                  __pa_43   0x0023ac    program     static C:\MCC18\src\traditional\stdclib\vfprintf.c
                  __pa_44   0x0023b2    program     static C:\MCC18\src\traditional\stdclib\vfprintf.c
                  __pa_45   0x0023bc    program     static C:\MCC18\src\traditional\stdclib\vfprintf.c
                  __pa_46   0x0023c8    program     static C:\MCC18\src\traditional\stdclib\vfprintf.c
       USBCheckCDCRequest   0x0023d2    program     extern O:\system\usb\class\cdc\cdc.c
                CDCInitEP   0x0024a0    program     extern O:\system\usb\class\cdc\cdc.c
             getsUSBUSART   0x002504    program     extern O:\system\usb\class\cdc\cdc.c
             putsUSBUSART   0x002596    program     extern O:\system\usb\class\cdc\cdc.c
            putrsUSBUSART   0x002614    program     extern O:\system\usb\class\cdc\cdc.c
             CDCTxService   0x002696    program     extern O:\system\usb\class\cdc\cdc.c
         USBCtrlEPService   0x0027aa    program     extern O:\system\usb\usbctrltrf\usbctrltrf.c
   USBCtrlTrfSetupHandler   0x0027e0    program     extern O:\system\usb\usbctrltrf\usbctrltrf.c
     USBCtrlTrfOutHandler   0x002850    program     extern O:\system\usb\usbctrltrf\usbctrltrf.c
      USBCtrlTrfInHandler   0x002874    program     extern O:\system\usb\usbctrltrf\usbctrltrf.c
      USBCtrlTrfTxService   0x0028b6    program     extern O:\system\usb\usbctrltrf\usbctrltrf.c
      USBCtrlTrfRxService   0x0029a2    program     extern O:\system\usb\usbctrltrf\usbctrltrf.c
 USBCtrlEPServiceComplete   0x002a26    program     extern O:\system\usb\usbctrltrf\usbctrltrf.c
USBPrepareForNextSetupTrf   0x002ac4    program     extern O:\system\usb\usbctrltrf\usbctrltrf.c
       USBCheckStdRequest   0x002ae4    program     extern O:\system\usb\usb9\usb9.c
      USBStdGetDscHandler   0x002bac    program     extern O:\system\usb\usb9\usb9.c
      USBStdSetCfgHandler   0x002c66    program     extern O:\system\usb\usb9\usb9.c
   USBStdGetStatusHandler   0x002cb6    program     extern O:\system\usb\usb9\usb9.c
  USBStdFeatureReqHandler   0x002d56    program     extern O:\system\usb\usb9\usb9.c
        USBCheckBusStatus   0x002e02    program     extern O:\system\usb\usbdrv\usbdrv.c
          USBModuleEnable   0x002e26    program     extern O:\system\usb\usbdrv\usbdrv.c
         USBModuleDisable   0x002e34    program     extern O:\system\usb\usbdrv\usbdrv.c
            USBSoftDetach   0x002e3e    program     extern O:\system\usb\usbdrv\usbdrv.c
         USBDriverService   0x002e42    program     extern O:\system\usb\usbdrv\usbdrv.c
               USBSuspend   0x002ec0    program     extern O:\system\usb\usbdrv\usbdrv.c
       ___return_lbl00028   0x002ece    program     static                          
       USBWakeFromSuspend   0x002ed0    program     extern O:\system\usb\usbdrv\usbdrv.c
          USBRemoteWakeup   0x002ed8    program     extern O:\system\usb\usbdrv\usbdrv.c
          USB_SOF_Handler   0x002f00    program     extern O:\system\usb\usbdrv\usbdrv.c
          USBStallHandler   0x002f04    program     extern O:\system\usb\usbdrv\usbdrv.c
          USBErrorHandler   0x002f12    program     extern O:\system\usb\usbdrv\usbdrv.c
  USBProtocolResetHandler   0x002f16    program     extern O:\system\usb\usbdrv\usbdrv.c
               ClearArray   0x002f5a    program     extern O:\system\usb\usbdrv\usbdrv.c
        ___while_lbl00043   0x002f6e    program     static                          
        ___while_lbl00044   0x002f7c    program     static                          
       ___return_lbl00042   0x002f7c    program     static                          
              __string_16   0x002f84    program     static O:\user\user.c           
              __string_15   0x002f90    program     static O:\user\user.c           
              __string_14   0x002fb7    program     static O:\user\user.c           
              __string_13   0x002fdf    program     static O:\user\user.c           
              __string_12   0x003002    program     static O:\user\user.c           
              __string_11   0x00301b    program     static O:\user\user.c           
              __string_10   0x00303c    program     static O:\user\user.c           
               __string_9   0x00305b    program     static O:\user\user.c           
               __string_8   0x003077    program     static O:\user\user.c           
               __string_7   0x003093    program     static O:\user\user.c           
               __string_6   0x003099    program     static O:\user\user.c           
               __string_5   0x00309f    program     static O:\user\user.c           
               __string_4   0x0030a5    program     static O:\user\user.c           
               __string_3   0x0030bf    program     static O:\user\user.c           
                 FXM2424U   0x0030ca    program     extern C:\MCC18\src\traditional\math\fxm2424u.asm
                 FXM1616S   0x00315c    program     extern C:\MCC18\src\traditional\math\fxm1616s.asm
               TSIGN1616A   0x0031a8    program     static C:\MCC18\src\traditional\math\fxm1616s.asm
               device_dsc   0x0031b6    program     extern O:\autofiles\usbdsc.c    
                    cfg01   0x0031c8    program     extern O:\autofiles\usbdsc.c    
                    sd000   0x00320b    program     extern O:\autofiles\usbdsc.c    
                    sd001   0x00320f    program     extern O:\autofiles\usbdsc.c    
                    sd002   0x003243    program     extern O:\autofiles\usbdsc.c    
               USB_CD_Ptr   0x003277    program     extern O:\autofiles\usbdsc.c    
               USB_SD_Ptr   0x00327b    program     extern O:\autofiles\usbdsc.c    
          ClassReqHandler   0x003281    program     extern O:\autofiles\usbdsc.c    
                _do_cinit   0x003284    program     extern C:\MCC18\src\traditional\startup\c018iBL.c
                     test   0x00329e    program     static                          
                copy_loop   0x0032f6    program     static                          
            copy_one_byte   0x0032fc    program     static                          
             done_copying   0x00330a    program     static                          
                     done   0x003320    program     static                          
       ___return_lbl00002   0x003320    program     static                          
                   printf   0x003322    program     extern C:\MCC18\src\traditional\stdclib\printf.c
                     putc   0x0033ba    program     extern C:\MCC18\src\traditional\stdclib\putc.c
                  FXM3232   0x00343e    program     extern C:\MCC18\src\traditional\math\fxm3232.c
       ___return_lbl00000   0x0034ac    program     static                          
                   strlen   0x0034ae    program     extern C:\MCC18\src\traditional\stdclib\strlen.asm
                    jLoop   0x0034be    program     static C:\MCC18\src\traditional\stdclib\strlen.asm
                     jEnd   0x0034c8    program     static C:\MCC18\src\traditional\stdclib\strlen.asm
                strlenpgm   0x0034ca    program     extern C:\MCC18\src\traditional\stdclib\slenpgm.asm
                    jLoop   0x0034e8    program     static C:\MCC18\src\traditional\stdclib\slenpgm.asm
                   _2jEnd   0x0034fe    program     static C:\MCC18\src\traditional\stdclib\slenpgm.asm
                     jEnd   0x003500    program     static C:\MCC18\src\traditional\stdclib\slenpgm.asm
                  toupper   0x003514    program     extern C:\MCC18\src\traditional\stdclib\toupper.asm
                 jNoMatch   0x00353a    program     static C:\MCC18\src\traditional\stdclib\toupper.asm
                  isdigit   0x00353c    program     extern C:\MCC18\src\traditional\stdclib\isdigit.asm
                   jMatch   0x00355c    program     static C:\MCC18\src\traditional\stdclib\isdigit.asm
                 jNoMatch   0x00355e    program     static C:\MCC18\src\traditional\stdclib\isdigit.asm
                 FXD3232U   0x003560    program     extern C:\MCC18\src\traditional\math\fxd3232u.c
                     loop   0x00356e    program     static                          
                   _false   0x0035a2    program     static                          
       ___return_lbl00000   0x0035a6    program     static                          
                    st_OK   0x0035a8    program     extern O:\user\user.c           
                  st_LFCR   0x0035ad    program     extern O:\user\user.c           
               st_version   0x0035b0    program     extern O:\user\user.c           
                 FXD2424U   0x0035e6    program     extern C:\MCC18\src\traditional\math\fxd2424u.c
                     loop   0x0035f2    program     static                          
                   _false   0x00361a    program     static                          
       ___return_lbl00000   0x00361e    program     static                          
                     main   0x003620    program     extern O:\main.c                
         InitializeSystem   0x00362c    program     static O:\main.c                
                 USBTasks   0x003646    program     extern O:\main.c                
              _usart_putc   0x003658    program     extern C:\MCC18\src\pmc_common\USART\_usartpc.asm
                     loop   0x003668    program     static C:\MCC18\src\pmc_common\USART\_usartpc.asm
                 _startup   0x003674    program     extern C:\MCC18\src\traditional\startup\c018iBL.c
                     loop   0x003684    program     static                          
       ___return_lbl00001   0x00368a    program     static                          
                 s_digits   0x00368c    program     static C:\MCC18\src\traditional\stdclib\vfprintf.c
            __zero_memory   0x00369e    program     extern C:\MCC18\src\traditional\proc\p18f2455.asm
               clear_loop   0x0036a4    program     static C:\MCC18\src\traditional\proc\p18f2455.asm
     time_between_updates   0x000000       data     extern O:\user\user.c           
         ISR_D_RepeatRate   0x000002       data     extern O:\user\user.c           
            ISR_D_FIFO_in   0x000004       data     extern O:\user\user.c           
           ISR_D_FIFO_out   0x000005       data     extern O:\user\user.c           
        ISR_D_FIFO_length   0x000006       data     extern O:\user\user.c           
         ISR_A_RepeatRate   0x000007       data     extern O:\user\user.c           
            ISR_A_FIFO_in   0x000009       data     extern O:\user\user.c           
           ISR_A_FIFO_out   0x00000a       data     extern O:\user\user.c           
        ISR_A_FIFO_length   0x00000b       data     extern O:\user\user.c           
             AnalogEnable   0x00000c       data     extern O:\user\user.c           
               error_byte   0x00000d       data     extern O:\user\user.c           
          g_RC_primed_ptr   0x00000e       data     extern O:\user\user.c           
            g_RC_next_ptr   0x00000f       data     extern O:\user\user.c           
          g_RC_timing_ptr   0x000010       data     extern O:\user\user.c           
           D_tick_counter   0x000011       data     extern O:\user\user.c           
           A_tick_counter   0x000013       data     extern O:\user\user.c           
            A_cur_channel   0x000015       data     extern O:\user\user.c           
                     SIGN   0x000016       data     extern C:\MCC18\src\traditional\math\cmath18.asm
                __FPFLAGS   0x000017       data     extern C:\MCC18\src\traditional\math\cmath18.asm
            __FPFLAGSbits   0x000017       data     extern C:\MCC18\src\traditional\math\cmath18.asm
                 __AARGB7   0x000018       data     extern C:\MCC18\src\traditional\math\aarg.asm
                  __REMB3   0x000018       data     extern C:\MCC18\src\traditional\math\aarg.asm
[...]
                 UEP5bits   0x000f75       data     extern C:\MCC18\src\traditional\proc\p18f2455.asm
                     UEP5   0x000f75       data     extern C:\MCC18\src\traditional\proc\p18f2455.asm
                     UEP6   0x000f76       data     extern C:\MCC18\src\traditional\proc\p18f2455.asm
                 UEP6bits   0x000f76       data     extern C:\MCC18\src\traditional\proc\p18f2455.asm
                 UEP7bits   0x000f77       data     extern C:\MCC18\src\traditional\proc\p18f2455.asm
                     UEP7   0x000f77       data     extern C:\MCC18\src\traditional\proc\p18f2455.asm
                 UEP8bits   0x000f78       data     extern C:\MCC18\src\traditional\proc\p18f2455.asm
                     UEP8   0x000f78       data     extern C:\MCC18\src\traditional\proc\p18f2455.asm
                 UEP9bits   0x000f79       data     extern C:\MCC18\src\traditional\proc\p18f2455.asm
                     UEP9   0x000f79       data     extern C:\MCC18\src\traditional\proc\p18f2455.asm
                UEP10bits   0x000f7a       data     extern C:\MCC18\src\traditional\proc\p18f2455.asm
                    UEP10   0x000f7a       data     extern C:\MCC18\src\traditional\proc\p18f2455.asm
                    UEP11   0x000f7b       data     extern C:\MCC18\src\traditional\proc\p18f2455.asm
                UEP11bits   0x000f7b       data     extern C:\MCC18\src\traditional\proc\p18f2455.asm
                    UEP12   0x000f7c       data     extern C:\MCC18\src\traditional\proc\p18f2455.asm
                UEP12bits   0x000f7c       data     extern C:\MCC18\src\traditional\proc\p18f2455.asm
                    UEP13   0x000f7d       data     extern C:\MCC18\src\traditional\proc\p18f2455.asm
                UEP13bits   0x000f7d       data     extern C:\MCC18\src\traditional\proc\p18f2455.asm
                    UEP14   0x000f7e       data     extern C:\MCC18\src\traditional\proc\p18f2455.asm
                UEP14bits   0x000f7e       data     extern C:\MCC18\src\traditional\proc\p18f2455.asm
                    UEP15   0x000f7f       data     extern C:\MCC18\src\traditional\proc\p18f2455.asm
                UEP15bits   0x000f7f       data     extern C:\MCC18\src\traditional\proc\p18f2455.asm
                    PORTA   0x000f80       data     extern C:\MCC18\src\traditional\proc\p18f2455.asm
                PORTAbits   0x000f80       data     extern C:\MCC18\src\traditional\proc\p18f2455.asm
                PORTBbits   0x000f81       data     extern C:\MCC18\src\traditional\proc\p18f2455.asm
                    PORTB   0x000f81       data     extern C:\MCC18\src\traditional\proc\p18f2455.asm
                    PORTC   0x000f82       data     extern C:\MCC18\src\traditional\proc\p18f2455.asm
                PORTCbits   0x000f82       data     extern C:\MCC18\src\traditional\proc\p18f2455.asm
                    PORTE   0x000f84       data     extern C:\MCC18\src\traditional\proc\p18f2455.asm
                PORTEbits   0x000f84       data     extern C:\MCC18\src\traditional\proc\p18f2455.asm
                 LATAbits   0x000f89       data     extern C:\MCC18\src\traditional\proc\p18f2455.asm
                     LATA   0x000f89       data     extern C:\MCC18\src\traditional\proc\p18f2455.asm
                 LATBbits   0x000f8a       data     extern C:\MCC18\src\traditional\proc\p18f2455.asm
                     LATB   0x000f8a       data     extern C:\MCC18\src\traditional\proc\p18f2455.asm
                 LATCbits   0x000f8b       data     extern C:\MCC18\src\traditional\proc\p18f2455.asm
                     LATC   0x000f8b       data     extern C:\MCC18\src\traditional\proc\p18f2455.asm
                 DDRAbits   0x000f92       data     extern C:\MCC18\src\traditional\proc\p18f2455.asm
                     DDRA   0x000f92       data     extern C:\MCC18\src\traditional\proc\p18f2455.asm
                    TRISA   0x000f92       data     extern C:\MCC18\src\traditional\proc\p18f2455.asm
                TRISAbits   0x000f92       data     extern C:\MCC18\src\traditional\proc\p18f2455.asm
                 DDRBbits   0x000f93       data     extern C:\MCC18\src\traditional\proc\p18f2455.asm
                     DDRB   0x000f93       data     extern C:\MCC18\src\traditional\proc\p18f2455.asm
                TRISBbits   0x000f93       data     extern C:\MCC18\src\traditional\proc\p18f2455.asm
                    TRISB   0x000f93       data     extern C:\MCC18\src\traditional\proc\p18f2455.asm
                 DDRCbits   0x000f94       data     extern C:\MCC18\src\traditional\proc\p18f2455.asm
                     DDRC   0x000f94       data     extern C:\MCC18\src\traditional\proc\p18f2455.asm
                    TRISC   0x000f94       data     extern C:\MCC18\src\traditional\proc\p18f2455.asm
                TRISCbits   0x000f94       data     extern C:\MCC18\src\traditional\proc\p18f2455.asm
              OSCTUNEbits   0x000f9b       data     extern C:\MCC18\src\traditional\proc\p18f2455.asm
                  OSCTUNE   0x000f9b       data     extern C:\MCC18\src\traditional\proc\p18f2455.asm
                 PIE1bits   0x000f9d       data     extern C:\MCC18\src\traditional\proc\p18f2455.asm
                     PIE1   0x000f9d       data     extern C:\MCC18\src\traditional\proc\p18f2455.asm
                     PIR1   0x000f9e       data     extern C:\MCC18\src\traditional\proc\p18f2455.asm
                 PIR1bits   0x000f9e       data     extern C:\MCC18\src\traditional\proc\p18f2455.asm
                 IPR1bits   0x000f9f       data     extern C:\MCC18\src\traditional\proc\p18f2455.asm
                     IPR1   0x000f9f       data     extern C:\MCC18\src\traditional\proc\p18f2455.asm
                     PIE2   0x000fa0       data     extern C:\MCC18\src\traditional\proc\p18f2455.asm
                 PIE2bits   0x000fa0       data     extern C:\MCC18\src\traditional\proc\p18f2455.asm
                 PIR2bits   0x000fa1       data     extern C:\MCC18\src\traditional\proc\p18f2455.asm
                     PIR2   0x000fa1       data     extern C:\MCC18\src\traditional\proc\p18f2455.asm
                     IPR2   0x000fa2       data     extern C:\MCC18\src\traditional\proc\p18f2455.asm
                 IPR2bits   0x000fa2       data     extern C:\MCC18\src\traditional\proc\p18f2455.asm
                   EECON1   0x000fa6       data     extern C:\MCC18\src\traditional\proc\p18f2455.asm
               EECON1bits   0x000fa6       data     extern C:\MCC18\src\traditional\proc\p18f2455.asm
                   EECON2   0x000fa7       data     extern C:\MCC18\src\traditional\proc\p18f2455.asm
                   EEDATA   0x000fa8       data     extern C:\MCC18\src\traditional\proc\p18f2455.asm
                    EEADR   0x000fa9       data     extern C:\MCC18\src\traditional\proc\p18f2455.asm
                RCSTAbits   0x000fab       data     extern C:\MCC18\src\traditional\proc\p18f2455.asm
                    RCSTA   0x000fab       data     extern C:\MCC18\src\traditional\proc\p18f2455.asm
                    TXSTA   0x000fac       data     extern C:\MCC18\src\traditional\proc\p18f2455.asm
                TXSTAbits   0x000fac       data     extern C:\MCC18\src\traditional\proc\p18f2455.asm
                    TXREG   0x000fad       data     extern C:\MCC18\src\traditional\proc\p18f2455.asm
                    RCREG   0x000fae       data     extern C:\MCC18\src\traditional\proc\p18f2455.asm
                    SPBRG   0x000faf       data     extern C:\MCC18\src\traditional\proc\p18f2455.asm
                   SPBRGH   0x000fb0       data     extern C:\MCC18\src\traditional\proc\p18f2455.asm
                    T3CON   0x000fb1       data     extern C:\MCC18\src\traditional\proc\p18f2455.asm
                T3CONbits   0x000fb1       data     extern C:\MCC18\src\traditional\proc\p18f2455.asm
                    TMR3L   0x000fb2       data     extern C:\MCC18\src\traditional\proc\p18f2455.asm
                    TMR3H   0x000fb3       data     extern C:\MCC18\src\traditional\proc\p18f2455.asm
                    CMCON   0x000fb4       data     extern C:\MCC18\src\traditional\proc\p18f2455.asm
                CMCONbits   0x000fb4       data     extern C:\MCC18\src\traditional\proc\p18f2455.asm
                   CVRCON   0x000fb5       data     extern C:\MCC18\src\traditional\proc\p18f2455.asm
               CVRCONbits   0x000fb5       data     extern C:\MCC18\src\traditional\proc\p18f2455.asm
                   CCP1AS   0x000fb6       data     extern C:\MCC18\src\traditional\proc\p18f2455.asm
               CCP1ASbits   0x000fb6       data     extern C:\MCC18\src\traditional\proc\p18f2455.asm
              ECCP1ASbits   0x000fb6       data     extern C:\MCC18\src\traditional\proc\p18f2455.asm
                  ECCP1AS   0x000fb6       data     extern C:\MCC18\src\traditional\proc\p18f2455.asm
                 ECCP1DEL   0x000fb7       data     extern C:\MCC18\src\traditional\proc\p18f2455.asm
             ECCP1DELbits   0x000fb7       data     extern C:\MCC18\src\traditional\proc\p18f2455.asm
              CCP1DELbits   0x000fb7       data     extern C:\MCC18\src\traditional\proc\p18f2455.asm
                  CCP1DEL   0x000fb7       data     extern C:\MCC18\src\traditional\proc\p18f2455.asm
              BAUDCONbits   0x000fb8       data     extern C:\MCC18\src\traditional\proc\p18f2455.asm
                  BAUDCON   0x000fb8       data     extern C:\MCC18\src\traditional\proc\p18f2455.asm
              CCP2CONbits   0x000fba       data     extern C:\MCC18\src\traditional\proc\p18f2455.asm
                  CCP2CON   0x000fba       data     extern C:\MCC18\src\traditional\proc\p18f2455.asm
                   CCPR2L   0x000fbb       data     extern C:\MCC18\src\traditional\proc\p18f2455.asm
                    CCPR2   0x000fbb       data     extern C:\MCC18\src\traditional\proc\p18f2455.asm
                   CCPR2H   0x000fbc       data     extern C:\MCC18\src\traditional\proc\p18f2455.asm
              CCP1CONbits   0x000fbd       data     extern C:\MCC18\src\traditional\proc\p18f2455.asm
                  CCP1CON   0x000fbd       data     extern C:\MCC18\src\traditional\proc\p18f2455.asm
                   CCPR1L   0x000fbe       data     extern C:\MCC18\src\traditional\proc\p18f2455.asm
                    CCPR1   0x000fbe       data     extern C:\MCC18\src\traditional\proc\p18f2455.asm
                   CCPR1H   0x000fbf       data     extern C:\MCC18\src\traditional\proc\p18f2455.asm
                   ADCON2   0x000fc0       data     extern C:\MCC18\src\traditional\proc\p18f2455.asm
               ADCON2bits   0x000fc0       data     extern C:\MCC18\src\traditional\proc\p18f2455.asm
               ADCON1bits   0x000fc1       data     extern C:\MCC18\src\traditional\proc\p18f2455.asm
                   ADCON1   0x000fc1       data     extern C:\MCC18\src\traditional\proc\p18f2455.asm
                   ADCON0   0x000fc2       data     extern C:\MCC18\src\traditional\proc\p18f2455.asm
               ADCON0bits   0x000fc2       data     extern C:\MCC18\src\traditional\proc\p18f2455.asm
                    ADRES   0x000fc3       data     extern C:\MCC18\src\traditional\proc\p18f2455.asm
                   ADRESL   0x000fc3       data     extern C:\MCC18\src\traditional\proc\p18f2455.asm
                   ADRESH   0x000fc4       data     extern C:\MCC18\src\traditional\proc\p18f2455.asm
                  SSPCON2   0x000fc5       data     extern C:\MCC18\src\traditional\proc\p18f2455.asm
              SSPCON2bits   0x000fc5       data     extern C:\MCC18\src\traditional\proc\p18f2455.asm
                  SSPCON1   0x000fc6       data     extern C:\MCC18\src\traditional\proc\p18f2455.asm
              SSPCON1bits   0x000fc6       data     extern C:\MCC18\src\traditional\proc\p18f2455.asm
                  SSPSTAT   0x000fc7       data     extern C:\MCC18\src\traditional\proc\p18f2455.asm
              SSPSTATbits   0x000fc7       data     extern C:\MCC18\src\traditional\proc\p18f2455.asm
                   SSPADD   0x000fc8       data     extern C:\MCC18\src\traditional\proc\p18f2455.asm
                   SSPBUF   0x000fc9       data     extern C:\MCC18\src\traditional\proc\p18f2455.asm
                    T2CON   0x000fca       data     extern C:\MCC18\src\traditional\proc\p18f2455.asm
                T2CONbits   0x000fca       data     extern C:\MCC18\src\traditional\proc\p18f2455.asm
                      PR2   0x000fcb       data     extern C:\MCC18\src\traditional\proc\p18f2455.asm
                     TMR2   0x000fcc       data     extern C:\MCC18\src\traditional\proc\p18f2455.asm
                T1CONbits   0x000fcd       data     extern C:\MCC18\src\traditional\proc\p18f2455.asm
                    T1CON   0x000fcd       data     extern C:\MCC18\src\traditional\proc\p18f2455.asm
                    TMR1L   0x000fce       data     extern C:\MCC18\src\traditional\proc\p18f2455.asm
                    TMR1H   0x000fcf       data     extern C:\MCC18\src\traditional\proc\p18f2455.asm
                     RCON   0x000fd0       data     extern C:\MCC18\src\traditional\proc\p18f2455.asm
                 RCONbits   0x000fd0       data     extern C:\MCC18\src\traditional\proc\p18f2455.asm
               WDTCONbits   0x000fd1       data     extern C:\MCC18\src\traditional\proc\p18f2455.asm
                   WDTCON   0x000fd1       data     extern C:\MCC18\src\traditional\proc\p18f2455.asm
               LVDCONbits   0x000fd2       data     extern C:\MCC18\src\traditional\proc\p18f2455.asm
                   LVDCON   0x000fd2       data     extern C:\MCC18\src\traditional\proc\p18f2455.asm
              HLVDCONbits   0x000fd2       data     extern C:\MCC18\src\traditional\proc\p18f2455.asm
                  HLVDCON   0x000fd2       data     extern C:\MCC18\src\traditional\proc\p18f2455.asm
               OSCCONbits   0x000fd3       data     extern C:\MCC18\src\traditional\proc\p18f2455.asm
                   OSCCON   0x000fd3       data     extern C:\MCC18\src\traditional\proc\p18f2455.asm
                    T0CON   0x000fd5       data     extern C:\MCC18\src\traditional\proc\p18f2455.asm
                T0CONbits   0x000fd5       data     extern C:\MCC18\src\traditional\proc\p18f2455.asm
                    TMR0L   0x000fd6       data     extern C:\MCC18\src\traditional\proc\p18f2455.asm
                    TMR0H   0x000fd7       data     extern C:\MCC18\src\traditional\proc\p18f2455.asm
                   STATUS   0x000fd8       data     extern C:\MCC18\src\traditional\proc\p18f2455.asm
               STATUSbits   0x000fd8       data     extern C:\MCC18\src\traditional\proc\p18f2455.asm
                    FSR2L   0x000fd9       data     extern C:\MCC18\src\traditional\proc\p18f2455.asm
                     FSR2   0x000fd9       data     extern C:\MCC18\src\traditional\proc\p18f2455.asm
                    FSR2H   0x000fda       data     extern C:\MCC18\src\traditional\proc\p18f2455.asm
                   PLUSW2   0x000fdb       data     extern C:\MCC18\src\traditional\proc\p18f2455.asm
                  PREINC2   0x000fdc       data     extern C:\MCC18\src\traditional\proc\p18f2455.asm
                 POSTDEC2   0x000fdd       data     extern C:\MCC18\src\traditional\proc\p18f2455.asm
                 POSTINC2   0x000fde       data     extern C:\MCC18\src\traditional\proc\p18f2455.asm
                    INDF2   0x000fdf       data     extern C:\MCC18\src\traditional\proc\p18f2455.asm
                      BSR   0x000fe0       data     extern C:\MCC18\src\traditional\proc\p18f2455.asm
                    FSR1L   0x000fe1       data     extern C:\MCC18\src\traditional\proc\p18f2455.asm
                     FSR1   0x000fe1       data     extern C:\MCC18\src\traditional\proc\p18f2455.asm
                    FSR1H   0x000fe2       data     extern C:\MCC18\src\traditional\proc\p18f2455.asm
                   PLUSW1   0x000fe3       data     extern C:\MCC18\src\traditional\proc\p18f2455.asm
                  PREINC1   0x000fe4       data     extern C:\MCC18\src\traditional\proc\p18f2455.asm
                 POSTDEC1   0x000fe5       data     extern C:\MCC18\src\traditional\proc\p18f2455.asm
                 POSTINC1   0x000fe6       data     extern C:\MCC18\src\traditional\proc\p18f2455.asm
                    INDF1   0x000fe7       data     extern C:\MCC18\src\traditional\proc\p18f2455.asm
                     WREG   0x000fe8       data     extern C:\MCC18\src\traditional\proc\p18f2455.asm
                     FSR0   0x000fe9       data     extern C:\MCC18\src\traditional\proc\p18f2455.asm
                    FSR0L   0x000fe9       data     extern C:\MCC18\src\traditional\proc\p18f2455.asm
                    FSR0H   0x000fea       data     extern C:\MCC18\src\traditional\proc\p18f2455.asm
                   PLUSW0   0x000feb       data     extern C:\MCC18\src\traditional\proc\p18f2455.asm
                  PREINC0   0x000fec       data     extern C:\MCC18\src\traditional\proc\p18f2455.asm
                 POSTDEC0   0x000fed       data     extern C:\MCC18\src\traditional\proc\p18f2455.asm
                 POSTINC0   0x000fee       data     extern C:\MCC18\src\traditional\proc\p18f2455.asm
                    INDF0   0x000fef       data     extern C:\MCC18\src\traditional\proc\p18f2455.asm
              INTCON3bits   0x000ff0       data     extern C:\MCC18\src\traditional\proc\p18f2455.asm
                  INTCON3   0x000ff0       data     extern C:\MCC18\src\traditional\proc\p18f2455.asm
              INTCON2bits   0x000ff1       data     extern C:\MCC18\src\traditional\proc\p18f2455.asm
                  INTCON2   0x000ff1       data     extern C:\MCC18\src\traditional\proc\p18f2455.asm
               INTCONbits   0x000ff2       data     extern C:\MCC18\src\traditional\proc\p18f2455.asm
                   INTCON   0x000ff2       data     extern C:\MCC18\src\traditional\proc\p18f2455.asm
                     PROD   0x000ff3       data     extern C:\MCC18\src\traditional\proc\p18f2455.asm
                    PRODL   0x000ff3       data     extern C:\MCC18\src\traditional\proc\p18f2455.asm
                    PRODH   0x000ff4       data     extern C:\MCC18\src\traditional\proc\p18f2455.asm
                   TABLAT   0x000ff5       data     extern C:\MCC18\src\traditional\proc\p18f2455.asm
                  TBLPTRL   0x000ff6       data     extern C:\MCC18\src\traditional\proc\p18f2455.asm
                   TBLPTR   0x000ff6       data     extern C:\MCC18\src\traditional\proc\p18f2455.asm
                  TBLPTRH   0x000ff7       data     extern C:\MCC18\src\traditional\proc\p18f2455.asm
                  TBLPTRU   0x000ff8       data     extern C:\MCC18\src\traditional\proc\p18f2455.asm
                       PC   0x000ff9       data     extern C:\MCC18\src\traditional\proc\p18f2455.asm
                      PCL   0x000ff9       data     extern C:\MCC18\src\traditional\proc\p18f2455.asm
                   PCLATH   0x000ffa       data     extern C:\MCC18\src\traditional\proc\p18f2455.asm
                   PCLATU   0x000ffb       data     extern C:\MCC18\src\traditional\proc\p18f2455.asm
                   STKPTR   0x000ffc       data     extern C:\MCC18\src\traditional\proc\p18f2455.asm
               STKPTRbits   0x000ffc       data     extern C:\MCC18\src\traditional\proc\p18f2455.asm
                      TOS   0x000ffd       data     extern C:\MCC18\src\traditional\proc\p18f2455.asm
                     TOSL   0x000ffd       data     extern C:\MCC18\src\traditional\proc\p18f2455.asm
                     TOSH   0x000ffe       data     extern C:\MCC18\src\traditional\proc\p18f2455.asm
                     TOSU   0x000fff       data     extern C:\MCC18\src\traditional\proc\p18f2455.asm


